[2026-01-08 09:37:56,074 I 40730 40730] (gcs_server) gcs_server_main.cc:90: Ray cluster metadata ray_version=2.53.0 ray_commit=0de211850589aea71f842873bc32574c702ab492
[2026-01-08 09:37:56,078 I 40730 40730] (gcs_server) event.cc:499: Ray Event initialized for GCS
[2026-01-08 09:37:56,079 I 40730 40730] (gcs_server) event.cc:499: Ray Event initialized for EXPORT_NODE
[2026-01-08 09:37:56,079 I 40730 40730] (gcs_server) event.cc:499: Ray Event initialized for EXPORT_ACTOR
[2026-01-08 09:37:56,079 I 40730 40730] (gcs_server) event.cc:499: Ray Event initialized for EXPORT_DRIVER_JOB
[2026-01-08 09:37:56,079 I 40730 40730] (gcs_server) event.cc:332: Set ray event level to warning
[2026-01-08 09:37:56,085 I 40730 40730] (gcs_server) event_aggregator_client.h:50: Initiating the local event aggregator client with port: 63922
[2026-01-08 09:37:56,090 I 40730 40730] (gcs_server) gcs_server.cc:150: GCS storage type is StorageType::IN_MEMORY
[2026-01-08 09:37:56,092 I 40730 40730] (gcs_server) gcs_init_data.cc:46: Loading job table data.
[2026-01-08 09:37:56,092 I 40730 40730] (gcs_server) gcs_init_data.cc:56: Loading node table data.
[2026-01-08 09:37:56,092 I 40730 40730] (gcs_server) gcs_init_data.cc:76: Loading actor table data.
[2026-01-08 09:37:56,092 I 40730 40730] (gcs_server) gcs_init_data.cc:87: Loading actor task spec table data.
[2026-01-08 09:37:56,092 I 40730 40730] (gcs_server) gcs_init_data.cc:66: Loading placement group table data.
[2026-01-08 09:37:56,092 I 40730 40730] (gcs_server) gcs_init_data.cc:50: Finished loading job table data, size = 0
[2026-01-08 09:37:56,092 I 40730 40730] (gcs_server) gcs_init_data.cc:60: Finished loading node table data, size = 0
[2026-01-08 09:37:56,092 I 40730 40730] (gcs_server) gcs_init_data.cc:81: Finished loading actor table data, size = 0
[2026-01-08 09:37:56,092 I 40730 40730] (gcs_server) gcs_init_data.cc:91: Finished loading actor task spec table data, size = 0
[2026-01-08 09:37:56,092 I 40730 40730] (gcs_server) gcs_init_data.cc:70: Finished loading placement group table data, size = 0
[2026-01-08 09:37:56,093 I 40730 40730] (gcs_server) gcs_server.cc:241: Generated new cluster ID. cluster_id=09d8072ade18eca1d207b01aa671fe52082e246ce36f8fa797f0bf37
[2026-01-08 09:37:56,094 I 40730 40730] (gcs_server) gcs_server.cc:770: Autoscaler V2 enabled: 0
[2026-01-08 09:37:56,094 I 40730 40730] (gcs_server) metrics_agent_client.cc:45: Initializing exporter ...
[2026-01-08 09:37:56,098 I 40730 40730] (gcs_server) grpc_server.cc:143: GcsServer server started, listening on port 49734.
[2026-01-08 09:37:58,415 I 40730 40730] (gcs_server) gcs_server.cc:943: Gcs Debug state:

GcsNodeManager: 
- RegisterNode request count: 0
- DrainNode request count: 0
- GetAllNodeInfo request count: 0

GcsActorManager: 
- RegisterActor request count: 0
- CreateActor request count: 0
- GetActorInfo request count: 0
- GetNamedActorInfo request count: 0
- GetAllActorInfo request count: 0
- KillActor request count: 0
- ListNamedActors request count: 0
- Registered actors count: 0
- Destroyed actors count: 0
- Named actors count: 0
- Unresolved actors count: 0
- Pending actors count: 0
- Created actors count: 0
- owners_: 0
- actor_to_register_callbacks_: 0
- actor_to_restart_for_lineage_reconstruction_callbacks_: 0
- actor_to_create_callbacks_: 0
- sorted_destroyed_actor_list_: 0

GcsResourceManager: 
- GetAllAvailableResources request count: 0
- GetAllTotalResources request count: 0
- GetAllResourceUsage request count: 0

GcsPlacementGroupManager: 
- CreatePlacementGroup request count: 0
- RemovePlacementGroup request count: 0
- GetPlacementGroup request count: 0
- GetAllPlacementGroup request count: 0
- WaitPlacementGroupUntilReady request count: 0
- GetNamedPlacementGroup request count: 0
- Scheduling pending placement group count: 0
- Registered placement groups count: 0
- Named placement group count: 0
- Pending placement groups count: 0
- Infeasible placement groups count: 0

Publisher:

[runtime env manager] ID to URIs table:
[runtime env manager] URIs reference table:

GcsTaskManager: 
-Total num task events reported: 0
-Total num status task events dropped: 0
-Total num profile events dropped: 0
-Current num of task events stored: 0
-Total num of actor creation tasks: 0
-Total num of actor tasks: 0
-Total num of normal tasks: 0
-Total num of driver tasks: 0

GcsAutoscalerStateManager: 
- last_seen_autoscaler_state_version_: 0
- last_cluster_resource_state_version_: 0
- pending demands:



[2026-01-08 09:37:58,415 I 40730 40730] (gcs_server) gcs_server.cc:957: Main service Event stats:


Global stats: 32 total (13 active)
Queueing time: mean = 290.62ms, max = 2321.54ms, min = 0.00ms, total = 9299.75ms
Execution time:  mean = 145.10ms, total = 4643.09ms
Event stats:
	GcsInMemoryStore.Put - 9 total (6 active), Execution time: mean = 257.73ms, total = 2319.58ms, Queueing time: mean = 257.85ms, max = 2320.41ms, min = 0.02ms, total = 2320.64ms
	GcsInMemoryStore.GetAll - 5 total (0 active), Execution time: mean = 0.03ms, total = 0.16ms, Queueing time: mean = 0.21ms, max = 0.23ms, min = 0.18ms, total = 1.04ms
	PeriodicalRunner.RunFnPeriodically - 5 total (2 active, 1 running), Execution time: mean = 0.07ms, total = 0.37ms, Queueing time: mean = 929.01ms, max = 2321.54ms, min = 2.21ms, total = 4645.05ms
	event_loop_lag_probe - 2 total (0 active), Execution time: mean = 0.01ms, total = 0.03ms, Queueing time: mean = 7.37ms, max = 14.45ms, min = 0.30ms, total = 14.74ms
	ClusterResourceManager.ResetRemoteNodeView - 1 total (1 active), Execution time: mean = 0.00ms, total = 0.00ms, Queueing time: mean = 0.00ms, max = -0.00ms, min = 9223372036854.78ms, total = 0.00ms
	GcsServer.GetOrGenerateClusterId.continuation - 1 total (0 active), Execution time: mean = 2319.50ms, total = 2319.50ms, Queueing time: mean = 0.00ms, max = 0.00ms, min = 0.00ms, total = 0.00ms
	NodeInfoGcsService.grpc_server.GetClusterId - 1 total (1 active), Execution time: mean = 0.00ms, total = 0.00ms, Queueing time: mean = 0.00ms, max = -0.00ms, min = 9223372036854.78ms, total = 0.00ms
	MetricsAgentClient.WaitForServerReadyWithRetry - 1 total (1 active), Execution time: mean = 0.00ms, total = 0.00ms, Queueing time: mean = 0.00ms, max = -0.00ms, min = 9223372036854.78ms, total = 0.00ms
	RayletLoadPulled - 1 total (1 active), Execution time: mean = 0.00ms, total = 0.00ms, Queueing time: mean = 0.00ms, max = -0.00ms, min = 9223372036854.78ms, total = 0.00ms
	ReporterService.grpc_client.HealthCheck.OnReplyReceived - 1 total (0 active), Execution time: mean = 0.09ms, total = 0.09ms, Queueing time: mean = 2316.87ms, max = 2316.87ms, min = 2316.87ms, total = 2316.87ms
	ReporterService.grpc_client.HealthCheck - 1 total (0 active), Execution time: mean = 1.30ms, total = 1.30ms, Queueing time: mean = 0.00ms, max = -0.00ms, min = 9223372036854.78ms, total = 0.00ms
	GcsInMemoryStore.Get - 1 total (0 active), Execution time: mean = 0.06ms, total = 0.06ms, Queueing time: mean = 0.08ms, max = 0.08ms, min = 0.08ms, total = 0.08ms
	NodeInfoGcsService.grpc_server.GetClusterId.HandleRequestImpl - 1 total (0 active), Execution time: mean = 1.98ms, total = 1.98ms, Queueing time: mean = 1.32ms, max = 1.32ms, min = 1.32ms, total = 1.32ms
	GcsInitData::AsyncLoad - 1 total (0 active), Execution time: mean = 0.03ms, total = 0.03ms, Queueing time: mean = 0.00ms, max = 0.00ms, min = 0.00ms, total = 0.00ms
	GCSServer.deadline_timer.metrics_report - 1 total (1 active), Execution time: mean = 0.00ms, total = 0.00ms, Queueing time: mean = 0.00ms, max = -0.00ms, min = 9223372036854.78ms, total = 0.00ms


[2026-01-08 09:37:58,415 I 40730 40730] (gcs_server) gcs_server.cc:961: task_io_context Event stats:


Global stats: 4 total (1 active)
Queueing time: mean = 0.13ms, max = 0.43ms, min = 0.02ms, total = 0.50ms
Execution time:  mean = 0.08ms, total = 0.31ms
Event stats:
	event_loop_lag_probe - 2 total (0 active), Execution time: mean = 0.15ms, total = 0.30ms, Queueing time: mean = 0.24ms, max = 0.43ms, min = 0.06ms, total = 0.49ms
	PeriodicalRunner.RunFnPeriodically - 1 total (0 active), Execution time: mean = 0.01ms, total = 0.01ms, Queueing time: mean = 0.02ms, max = 0.02ms, min = 0.02ms, total = 0.02ms
	GcsTaskManager.GcJobSummary - 1 total (1 active), Execution time: mean = 0.00ms, total = 0.00ms, Queueing time: mean = 0.00ms, max = -0.00ms, min = 9223372036854.78ms, total = 0.00ms


[2026-01-08 09:37:58,415 I 40730 40730] (gcs_server) gcs_server.cc:961: pubsub_io_context Event stats:


Global stats: 4 total (1 active)
Queueing time: mean = 0.16ms, max = 0.55ms, min = 0.02ms, total = 0.64ms
Execution time:  mean = 0.09ms, total = 0.37ms
Event stats:
	event_loop_lag_probe - 2 total (0 active), Execution time: mean = 0.17ms, total = 0.34ms, Queueing time: mean = 0.31ms, max = 0.55ms, min = 0.06ms, total = 0.61ms
	PeriodicalRunner.RunFnPeriodically - 1 total (0 active), Execution time: mean = 0.03ms, total = 0.03ms, Queueing time: mean = 0.02ms, max = 0.02ms, min = 0.02ms, total = 0.02ms
	Publisher.CheckDeadSubscribers - 1 total (1 active), Execution time: mean = 0.00ms, total = 0.00ms, Queueing time: mean = 0.00ms, max = -0.00ms, min = 9223372036854.78ms, total = 0.00ms


[2026-01-08 09:37:58,415 I 40730 40730] (gcs_server) gcs_server.cc:961: ray_syncer_io_context Event stats:


Global stats: 4 total (0 active)
Queueing time: mean = 0.22ms, max = 0.75ms, min = 0.02ms, total = 0.87ms
Execution time:  mean = 0.08ms, total = 0.34ms
Event stats:
	event_loop_lag_probe - 2 total (0 active), Execution time: mean = 0.17ms, total = 0.34ms, Queueing time: mean = 0.41ms, max = 0.75ms, min = 0.06ms, total = 0.81ms
	RaySyncerRegister - 2 total (0 active), Execution time: mean = 0.00ms, total = 0.00ms, Queueing time: mean = 0.03ms, max = 0.03ms, min = 0.02ms, total = 0.06ms


[2026-01-08 09:37:58,415 I 40730 40730] (gcs_server) gcs_server.cc:961: ray_event_io_context Event stats:


Global stats: 2 total (0 active)
Queueing time: mean = 0.27ms, max = 0.46ms, min = 0.07ms, total = 0.54ms
Execution time:  mean = 0.13ms, total = 0.26ms
Event stats:
	event_loop_lag_probe - 2 total (0 active), Execution time: mean = 0.13ms, total = 0.26ms, Queueing time: mean = 0.27ms, max = 0.46ms, min = 0.07ms, total = 0.54ms


[2026-01-08 09:38:00,020 I 40730 40730] (gcs_server) gcs_node_manager.cc:106: Registering new node. node_id=e8d5625d693892e959dc52a38a72c0ac680f8a335c34780c3cdb1301 node_name=192.168.88.6 node_address=192.168.88.6
[2026-01-08 09:38:02,919 I 40730 40730] (gcs_server) gcs_job_manager.cc:116: Registering job. job_id=01000000 driver_pid=40660
[2026-01-08 09:38:12,582 I 40730 40730] (gcs_server) gcs_placement_group_manager.cc:360: Registering placement group, placement group id = 205e24b33a3d41d03c4f61c6196901000000, name = global_poolverl_group_2:0, strategy = 2
[2026-01-08 09:38:12,582 I 40730 40730] (gcs_server) gcs_placement_group_manager.cc:364: Finished registering placement group, placement group id = 205e24b33a3d41d03c4f61c6196901000000, name = global_poolverl_group_2:0, strategy = 2
[2026-01-08 09:38:28,424 E 40730 40730] (gcs_server) gcs_server.cc:303: Failed to establish connection to the event+metrics exporter agent. Events and metrics will not be exported. Exporter agent status: RpcError: Running out of retries to initialize the metrics agent. rpc_code: 14
[2026-01-08 09:38:58,416 I 40730 40730] (gcs_server) gcs_server.cc:943: Gcs Debug state:

GcsNodeManager: 
- RegisterNode request count: 1
- DrainNode request count: 0
- GetAllNodeInfo request count: 230

GcsActorManager: 
- RegisterActor request count: 0
- CreateActor request count: 0
- GetActorInfo request count: 0
- GetNamedActorInfo request count: 0
- GetAllActorInfo request count: 0
- KillActor request count: 0
- ListNamedActors request count: 0
- Registered actors count: 0
- Destroyed actors count: 0
- Named actors count: 0
- Unresolved actors count: 0
- Pending actors count: 0
- Created actors count: 0
- owners_: 0
- actor_to_register_callbacks_: 0
- actor_to_restart_for_lineage_reconstruction_callbacks_: 0
- actor_to_create_callbacks_: 0
- sorted_destroyed_actor_list_: 0

GcsResourceManager: 
- GetAllAvailableResources request count: 0
- GetAllTotalResources request count: 0
- GetAllResourceUsage request count: 12

GcsPlacementGroupManager: 
- CreatePlacementGroup request count: 1
- RemovePlacementGroup request count: 0
- GetPlacementGroup request count: 1
- GetAllPlacementGroup request count: 0
- WaitPlacementGroupUntilReady request count: 0
- GetNamedPlacementGroup request count: 0
- Scheduling pending placement group count: 1
- Registered placement groups count: 1
- Named placement group count: 1
- Pending placement groups count: 0
- Infeasible placement groups count: 1

Publisher:
GCS_NODE_ADDRESS_AND_LIVENESS_CHANNEL
- cumulative published messages: 1
- cumulative published bytes: 90
- current buffered bytes: 0
GCS_JOB_CHANNEL
- cumulative published messages: 1
- cumulative published bytes: 1991
- current buffered bytes: 1991
GCS_WORKER_DELTA_CHANNEL
- cumulative published messages: 1
- cumulative published bytes: 96
- current buffered bytes: 96
GCS_NODE_INFO_CHANNEL
- cumulative published messages: 1
- cumulative published bytes: 505
- current buffered bytes: 0
RAY_LOG_CHANNEL
- cumulative published messages: 136
- cumulative published bytes: 56724
- current buffered bytes: 905

[runtime env manager] ID to URIs table:
[runtime env manager] URIs reference table:

GcsTaskManager: 
-Total num task events reported: 6
-Total num status task events dropped: 0
-Total num profile events dropped: 0
-Current num of task events stored: 3
-Total num of actor creation tasks: 0
-Total num of actor tasks: 0
-Total num of normal tasks: 2
-Total num of driver tasks: 1

GcsAutoscalerStateManager: 
- last_seen_autoscaler_state_version_: 0
- last_cluster_resource_state_version_: 12
- pending demands:
	{bundle_group_205e24b33a3d41d03c4f61c6196901000000: 0.001, label_selectors: [{}, ]} * 1



[2026-01-08 09:38:58,417 I 40730 40730] (gcs_server) gcs_server.cc:957: Main service Event stats:


Global stats: 2472 total (5 active)
Queueing time: mean = 15.97ms, max = 2321.54ms, min = 0.00ms, total = 39479.93ms
Execution time:  mean = 2.30ms, total = 5684.48ms
Event stats:
	GcsInMemoryStore.Get - 260 total (0 active), Execution time: mean = 0.03ms, total = 6.96ms, Queueing time: mean = 0.09ms, max = 1.20ms, min = 0.01ms, total = 23.61ms
	InternalKVGcsService.grpc_server.InternalKVGet - 258 total (0 active), Execution time: mean = 0.57ms, total = 147.88ms, Queueing time: mean = 0.00ms, max = -0.00ms, min = 9223372036854.78ms, total = 0.00ms
	InternalKVGcsService.grpc_server.InternalKVGet.HandleRequestImpl - 258 total (0 active), Execution time: mean = 0.08ms, total = 19.80ms, Queueing time: mean = 0.15ms, max = 3.01ms, min = 0.01ms, total = 38.34ms
	GcsInMemoryStore.Put - 234 total (0 active), Execution time: mean = 9.94ms, total = 2326.12ms, Queueing time: mean = 10.04ms, max = 2320.41ms, min = 0.01ms, total = 2349.59ms
	NodeInfoGcsService.grpc_server.GetClusterId - 117 total (0 active), Execution time: mean = 0.34ms, total = 39.59ms, Queueing time: mean = 0.00ms, max = -0.00ms, min = 9223372036854.78ms, total = 0.00ms
	NodeInfoGcsService.grpc_server.GetClusterId.HandleRequestImpl - 117 total (0 active), Execution time: mean = 0.03ms, total = 3.45ms, Queueing time: mean = 0.09ms, max = 2.88ms, min = 0.01ms, total = 9.96ms
	NodeInfoGcsService.grpc_server.GetAllNodeInfo - 115 total (0 active), Execution time: mean = 0.30ms, total = 34.34ms, Queueing time: mean = 0.00ms, max = -0.00ms, min = 9223372036854.78ms, total = 0.00ms
	NodeInfoGcsService.grpc_server.GetAllNodeInfo.HandleRequestImpl - 115 total (0 active), Execution time: mean = 0.02ms, total = 2.83ms, Queueing time: mean = 0.06ms, max = 3.07ms, min = 0.01ms, total = 6.78ms
	NodeInfoGcsService.grpc_server.GetAllNodeAddressAndLiveness - 115 total (0 active), Execution time: mean = 0.52ms, total = 60.13ms, Queueing time: mean = 0.00ms, max = -0.00ms, min = 9223372036854.78ms, total = 0.00ms
	NodeInfoGcsService.grpc_server.GetAllNodeAddressAndLiveness.HandleRequestImpl - 115 total (0 active), Execution time: mean = 0.01ms, total = 1.71ms, Queueing time: mean = 0.27ms, max = 3.22ms, min = 0.01ms, total = 31.32ms
	WorkerInfoGcsService.grpc_server.AddWorkerInfo.HandleRequestImpl - 114 total (0 active), Execution time: mean = 0.04ms, total = 4.15ms, Queueing time: mean = 0.24ms, max = 2.89ms, min = 0.01ms, total = 26.89ms
	WorkerInfoGcsService.grpc_server.AddWorkerInfo - 114 total (0 active), Execution time: mean = 0.87ms, total = 98.71ms, Queueing time: mean = 0.00ms, max = -0.00ms, min = 9223372036854.78ms, total = 0.00ms
	RayletLoadPulled - 60 total (1 active), Execution time: mean = 0.22ms, total = 13.14ms, Queueing time: mean = 0.03ms, max = 0.10ms, min = 0.01ms, total = 1.86ms
	NodeManagerService.grpc_client.GetResourceLoad - 58 total (0 active), Execution time: mean = 9.21ms, total = 534.42ms, Queueing time: mean = 0.00ms, max = -0.00ms, min = 9223372036854.78ms, total = 0.00ms
	NodeManagerService.grpc_client.GetResourceLoad.OnReplyReceived - 58 total (0 active), Execution time: mean = 0.05ms, total = 3.10ms, Queueing time: mean = 0.03ms, max = 0.19ms, min = 0.01ms, total = 1.71ms
	InternalKVGcsService.grpc_server.InternalKVPut - 41 total (0 active), Execution time: mean = 0.38ms, total = 15.69ms, Queueing time: mean = 0.00ms, max = -0.00ms, min = 9223372036854.78ms, total = 0.00ms
	InternalKVGcsService.grpc_server.InternalKVPut.HandleRequestImpl - 41 total (0 active), Execution time: mean = 0.09ms, total = 3.52ms, Queueing time: mean = 0.02ms, max = 0.03ms, min = 0.01ms, total = 0.85ms
	ReporterService.grpc_client.HealthCheck.OnReplyReceived - 31 total (0 active), Execution time: mean = 0.07ms, total = 2.06ms, Queueing time: mean = 74.77ms, max = 2316.87ms, min = 0.01ms, total = 2317.83ms
	ReporterService.grpc_client.HealthCheck - 31 total (0 active), Execution time: mean = 0.32ms, total = 9.89ms, Queueing time: mean = 0.00ms, max = -0.00ms, min = 9223372036854.78ms, total = 0.00ms
	MetricsAgentClient.WaitForServerReadyWithRetry - 30 total (0 active), Execution time: mean = 0.19ms, total = 5.57ms, Queueing time: mean = 1000.04ms, max = 1000.20ms, min = 1000.01ms, total = 30001.20ms
	ClusterResourceManager.ResetRemoteNodeView - 20 total (1 active), Execution time: mean = 0.01ms, total = 0.20ms, Queueing time: mean = 0.04ms, max = 0.12ms, min = 0.02ms, total = 0.79ms
	HealthCheck - 17 total (0 active), Execution time: mean = 0.01ms, total = 0.11ms, Queueing time: mean = 0.02ms, max = 0.03ms, min = 0.02ms, total = 0.40ms
	NodeInfoGcsService.grpc_server.CheckAlive - 13 total (0 active), Execution time: mean = 0.35ms, total = 4.49ms, Queueing time: mean = 0.00ms, max = -0.00ms, min = 9223372036854.78ms, total = 0.00ms
	NodeInfoGcsService.grpc_server.CheckAlive.HandleRequestImpl - 13 total (0 active), Execution time: mean = 0.02ms, total = 0.24ms, Queueing time: mean = 0.03ms, max = 0.04ms, min = 0.02ms, total = 0.39ms
	NodeResourceInfoGcsService.grpc_server.GetAllResourceUsage - 12 total (0 active), Execution time: mean = 0.46ms, total = 5.53ms, Queueing time: mean = 0.00ms, max = -0.00ms, min = 9223372036854.78ms, total = 0.00ms
	AutoscalerStateService.grpc_server.GetClusterResourceState - 12 total (0 active), Execution time: mean = 0.39ms, total = 4.68ms, Queueing time: mean = 0.00ms, max = -0.00ms, min = 9223372036854.78ms, total = 0.00ms
	NodeResourceInfoGcsService.grpc_server.GetAllResourceUsage.HandleRequestImpl - 12 total (0 active), Execution time: mean = 0.10ms, total = 1.15ms, Queueing time: mean = 0.04ms, max = 0.10ms, min = 0.02ms, total = 0.46ms
	AutoscalerStateService.grpc_server.GetClusterResourceState.HandleRequestImpl - 12 total (0 active), Execution time: mean = 0.07ms, total = 0.80ms, Queueing time: mean = 0.02ms, max = 0.05ms, min = 0.02ms, total = 0.27ms
	GCSServer.deadline_timer.metrics_report - 12 total (1 active), Execution time: mean = 0.25ms, total = 2.98ms, Queueing time: mean = 0.02ms, max = 0.04ms, min = 0.01ms, total = 0.28ms
	event_loop_lag_probe - 8 total (0 active), Execution time: mean = 0.01ms, total = 0.11ms, Queueing time: mean = 1.85ms, max = 14.45ms, min = 0.00ms, total = 14.79ms
	GCSServer.deadline_timer.gcs_global_gc - 6 total (1 active), Execution time: mean = 0.01ms, total = 0.04ms, Queueing time: mean = 0.04ms, max = 0.14ms, min = 0.01ms, total = 0.25ms
	GcsInMemoryStore.GetAll - 6 total (0 active), Execution time: mean = 0.03ms, total = 0.19ms, Queueing time: mean = 0.18ms, max = 0.23ms, min = 0.03ms, total = 1.07ms
	PeriodicalRunner.RunFnPeriodically - 5 total (0 active), Execution time: mean = 0.16ms, total = 0.81ms, Queueing time: mean = 930.13ms, max = 2321.54ms, min = 2.21ms, total = 4650.66ms
	GcsHealthCheckManager::MarkNodeHealthy - 5 total (0 active), Execution time: mean = 0.00ms, total = 0.01ms, Queueing time: mean = 0.02ms, max = 0.02ms, min = 0.01ms, total = 0.09ms
	GcsResourceManager::Update - 5 total (0 active), Execution time: mean = 0.07ms, total = 0.33ms, Queueing time: mean = 0.01ms, max = 0.01ms, min = 0.01ms, total = 0.06ms
	GcsInMemoryStore.Exists - 2 total (0 active), Execution time: mean = 0.03ms, total = 0.06ms, Queueing time: mean = 0.02ms, max = 0.02ms, min = 0.01ms, total = 0.04ms
	InternalKVGcsService.grpc_server.InternalKVExists - 2 total (0 active), Execution time: mean = 0.56ms, total = 1.12ms, Queueing time: mean = 0.00ms, max = -0.00ms, min = 9223372036854.78ms, total = 0.00ms
	InternalKVGcsService.grpc_server.InternalKVExists.HandleRequestImpl - 2 total (0 active), Execution time: mean = 0.10ms, total = 0.20ms, Queueing time: mean = 0.02ms, max = 0.02ms, min = 0.01ms, total = 0.04ms
	InternalKVGcsService.grpc_server.GetInternalConfig - 1 total (0 active), Execution time: mean = 0.66ms, total = 0.66ms, Queueing time: mean = 0.00ms, max = -0.00ms, min = 9223372036854.78ms, total = 0.00ms
	JobInfoGcsService.grpc_server.GetNextJobID.HandleRequestImpl - 1 total (0 active), Execution time: mean = 0.02ms, total = 0.02ms, Queueing time: mean = 0.02ms, max = 0.02ms, min = 0.02ms, total = 0.02ms
	NodeInfoGcsService.grpc_server.RegisterNode - 1 total (0 active), Execution time: mean = 0.76ms, total = 0.76ms, Queueing time: mean = 0.00ms, max = -0.00ms, min = 9223372036854.78ms, total = 0.00ms
	GCSServer.deadline_timer.debug_state_event_stats_print - 1 total (1 active, 1 running), Execution time: mean = 0.00ms, total = 0.00ms, Queueing time: mean = 0.00ms, max = -0.00ms, min = 9223372036854.78ms, total = 0.00ms
	GcsHealthCheckManager::AddNode - 1 total (0 active), Execution time: mean = 0.02ms, total = 0.02ms, Queueing time: mean = 0.00ms, max = 0.00ms, min = 0.00ms, total = 0.00ms
	WorkerInfoGcsService.grpc_server.ReportWorkerFailure.HandleRequestImpl - 1 total (0 active), Execution time: mean = 0.05ms, total = 0.05ms, Queueing time: mean = 0.03ms, max = 0.03ms, min = 0.03ms, total = 0.03ms
	GcsInMemoryStore.GetNextJobID - 1 total (0 active), Execution time: mean = 0.01ms, total = 0.01ms, Queueing time: mean = 0.03ms, max = 0.03ms, min = 0.03ms, total = 0.03ms
	PlacementGroupInfoGcsService.grpc_server.CreatePlacementGroup.HandleRequestImpl - 1 total (0 active), Execution time: mean = 0.14ms, total = 0.14ms, Queueing time: mean = 0.02ms, max = 0.02ms, min = 0.02ms, total = 0.02ms
	WorkerInfoGcsService.grpc_server.ReportWorkerFailure - 1 total (0 active), Execution time: mean = 2.74ms, total = 2.74ms, Queueing time: mean = 0.00ms, max = -0.00ms, min = 9223372036854.78ms, total = 0.00ms
	PlacementGroupInfoGcsService.grpc_server.CreatePlacementGroup - 1 total (0 active), Execution time: mean = 0.60ms, total = 0.60ms, Queueing time: mean = 0.00ms, max = -0.00ms, min = 9223372036854.78ms, total = 0.00ms
	NodeInfoGcsService.grpc_server.RegisterNode.HandleRequestImpl - 1 total (0 active), Execution time: mean = 0.20ms, total = 0.20ms, Queueing time: mean = 0.03ms, max = 0.03ms, min = 0.03ms, total = 0.03ms
	JobInfoGcsService.grpc_server.AddJob - 1 total (0 active), Execution time: mean = 0.62ms, total = 0.62ms, Queueing time: mean = 0.00ms, max = -0.00ms, min = 9223372036854.78ms, total = 0.00ms
	InternalKVGcsService.grpc_server.InternalKVDel.HandleRequestImpl - 1 total (0 active), Execution time: mean = 0.14ms, total = 0.14ms, Queueing time: mean = 0.02ms, max = 0.02ms, min = 0.02ms, total = 0.02ms
	GcsInMemoryStore.Delete - 1 total (0 active), Execution time: mean = 0.04ms, total = 0.04ms, Queueing time: mean = 0.03ms, max = 0.03ms, min = 0.03ms, total = 0.03ms
	JobInfoGcsService.grpc_server.AddJob.HandleRequestImpl - 1 total (0 active), Execution time: mean = 0.14ms, total = 0.14ms, Queueing time: mean = 0.02ms, max = 0.02ms, min = 0.02ms, total = 0.02ms
	NodeManager.AddNodeCallback - 1 total (0 active), Execution time: mean = 0.53ms, total = 0.53ms, Queueing time: mean = 0.11ms, max = 0.11ms, min = 0.11ms, total = 0.11ms
	GcsServer.GetOrGenerateClusterId.continuation - 1 total (0 active), Execution time: mean = 2319.50ms, total = 2319.50ms, Queueing time: mean = 0.00ms, max = 0.00ms, min = 0.00ms, total = 0.00ms
	GcsPlacementGroupManager.SchedulePendingPlacementGroups - 1 total (0 active), Execution time: mean = 0.00ms, total = 0.00ms, Queueing time: mean = 0.02ms, max = 0.02ms, min = 0.02ms, total = 0.02ms
	JobInfoGcsService.grpc_server.GetAllJobInfo.HandleRequestImpl - 1 total (0 active), Execution time: mean = 0.07ms, total = 0.07ms, Queueing time: mean = 0.02ms, max = 0.02ms, min = 0.02ms, total = 0.02ms
	GcsInitData::AsyncLoad - 1 total (0 active), Execution time: mean = 0.03ms, total = 0.03ms, Queueing time: mean = 0.00ms, max = 0.00ms, min = 0.00ms, total = 0.00ms
	PlacementGroupInfoGcsService.grpc_server.GetPlacementGroup.HandleRequestImpl - 1 total (0 active), Execution time: mean = 0.02ms, total = 0.02ms, Queueing time: mean = 0.01ms, max = 0.01ms, min = 0.01ms, total = 0.01ms
	JobInfoGcsService.grpc_server.GetNextJobID - 1 total (0 active), Execution time: mean = 0.30ms, total = 0.30ms, Queueing time: mean = 0.00ms, max = -0.00ms, min = 9223372036854.78ms, total = 0.00ms
	PlacementGroupInfoGcsService.grpc_server.GetPlacementGroup - 1 total (0 active), Execution time: mean = 0.31ms, total = 0.31ms, Queueing time: mean = 0.00ms, max = -0.00ms, min = 9223372036854.78ms, total = 0.00ms
	InternalKVGcsService.grpc_server.GetInternalConfig.HandleRequestImpl - 1 total (0 active), Execution time: mean = 0.15ms, total = 0.15ms, Queueing time: mean = 0.03ms, max = 0.03ms, min = 0.03ms, total = 0.03ms
	InternalKVGcsService.grpc_server.InternalKVDel - 1 total (0 active), Execution time: mean = 0.86ms, total = 0.86ms, Queueing time: mean = 0.00ms, max = -0.00ms, min = 9223372036854.78ms, total = 0.00ms
	JobInfoGcsService.grpc_server.GetAllJobInfo - 1 total (0 active), Execution time: mean = 0.43ms, total = 0.43ms, Queueing time: mean = 0.00ms, max = -0.00ms, min = 9223372036854.78ms, total = 0.00ms


[2026-01-08 09:38:58,417 I 40730 40730] (gcs_server) gcs_server.cc:961: task_io_context Event stats:


Global stats: 12858 total (1 active)
Queueing time: mean = 0.01ms, max = 0.63ms, min = 0.01ms, total = 158.70ms
Execution time:  mean = 0.14ms, total = 1797.98ms
Event stats:
	TaskInfoGcsService.grpc_server.AddTaskEventData - 6418 total (0 active), Execution time: mean = 0.27ms, total = 1726.20ms, Queueing time: mean = 0.00ms, max = -0.00ms, min = 9223372036854.78ms, total = 0.00ms
	TaskInfoGcsService.grpc_server.AddTaskEventData.HandleRequestImpl - 6418 total (0 active), Execution time: mean = 0.01ms, total = 71.23ms, Queueing time: mean = 0.02ms, max = 0.63ms, min = 0.01ms, total = 157.74ms
	GcsTaskManager.GcJobSummary - 13 total (1 active), Execution time: mean = 0.01ms, total = 0.13ms, Queueing time: mean = 0.03ms, max = 0.07ms, min = 0.01ms, total = 0.39ms
	event_loop_lag_probe - 8 total (0 active), Execution time: mean = 0.05ms, total = 0.41ms, Queueing time: mean = 0.07ms, max = 0.43ms, min = 0.01ms, total = 0.55ms
	PeriodicalRunner.RunFnPeriodically - 1 total (0 active), Execution time: mean = 0.01ms, total = 0.01ms, Queueing time: mean = 0.02ms, max = 0.02ms, min = 0.02ms, total = 0.02ms


[2026-01-08 09:38:58,418 I 40730 40730] (gcs_server) gcs_server.cc:961: pubsub_io_context Event stats:


Global stats: 1017 total (117 active)
Queueing time: mean = 0.05ms, max = 3.46ms, min = 0.01ms, total = 46.68ms
Execution time:  mean = 55.82ms, total = 56769.99ms
Event stats:
	InternalPubSubGcsService.grpc_server.GcsSubscriberPoll.HandleRequestImpl - 249 total (0 active), Execution time: mean = 0.06ms, total = 15.73ms, Queueing time: mean = 0.11ms, max = 3.46ms, min = 0.01ms, total = 28.19ms
	InternalPubSubGcsService.grpc_server.GcsSubscriberPoll - 249 total (116 active), Execution time: mean = 227.33ms, total = 56605.28ms, Queueing time: mean = 0.00ms, max = -0.00ms, min = 9223372036854.78ms, total = 0.00ms
	InternalPubSubGcsService.grpc_server.GcsPublish.HandleRequestImpl - 136 total (0 active), Execution time: mean = 0.08ms, total = 11.50ms, Queueing time: mean = 0.03ms, max = 0.10ms, min = 0.01ms, total = 3.48ms
	InternalPubSubGcsService.grpc_server.GcsPublish - 136 total (0 active), Execution time: mean = 0.33ms, total = 45.13ms, Queueing time: mean = 0.00ms, max = -0.00ms, min = 9223372036854.78ms, total = 0.00ms
	InternalPubSubGcsService.grpc_server.GcsSubscriberCommandBatch.HandleRequestImpl - 118 total (0 active), Execution time: mean = 0.12ms, total = 14.57ms, Queueing time: mean = 0.12ms, max = 1.42ms, min = 0.01ms, total = 14.29ms
	InternalPubSubGcsService.grpc_server.GcsSubscriberCommandBatch - 118 total (0 active), Execution time: mean = 0.65ms, total = 77.28ms, Queueing time: mean = 0.00ms, max = -0.00ms, min = 9223372036854.78ms, total = 0.00ms
	event_loop_lag_probe - 8 total (0 active), Execution time: mean = 0.06ms, total = 0.45ms, Queueing time: mean = 0.08ms, max = 0.55ms, min = 0.01ms, total = 0.67ms
	Publisher.CheckDeadSubscribers - 1 total (1 active), Execution time: mean = 0.00ms, total = 0.00ms, Queueing time: mean = 0.00ms, max = -0.00ms, min = 9223372036854.78ms, total = 0.00ms
	PeriodicalRunner.RunFnPeriodically - 1 total (0 active), Execution time: mean = 0.03ms, total = 0.03ms, Queueing time: mean = 0.02ms, max = 0.02ms, min = 0.02ms, total = 0.02ms
	RemoveSubscriberFrom - 1 total (0 active), Execution time: mean = 0.02ms, total = 0.02ms, Queueing time: mean = 0.03ms, max = 0.03ms, min = 0.03ms, total = 0.03ms


[2026-01-08 09:38:58,418 I 40730 40730] (gcs_server) gcs_server.cc:961: ray_syncer_io_context Event stats:


Global stats: 20 total (0 active)
Queueing time: mean = 0.05ms, max = 0.75ms, min = 0.00ms, total = 1.03ms
Execution time:  mean = 0.07ms, total = 1.38ms
Event stats:
	event_loop_lag_probe - 8 total (0 active), Execution time: mean = 0.05ms, total = 0.44ms, Queueing time: mean = 0.11ms, max = 0.75ms, min = 0.00ms, total = 0.85ms
	 - 5 total (0 active), Execution time: mean = 0.17ms, total = 0.83ms, Queueing time: mean = 0.02ms, max = 0.03ms, min = 0.02ms, total = 0.12ms
	RaySyncer.BroadcastMessage - 5 total (0 active), Execution time: mean = 0.02ms, total = 0.11ms, Queueing time: mean = 0.00ms, max = 0.00ms, min = 0.00ms, total = 0.00ms
	RaySyncerRegister - 2 total (0 active), Execution time: mean = 0.00ms, total = 0.00ms, Queueing time: mean = 0.03ms, max = 0.03ms, min = 0.02ms, total = 0.06ms


[2026-01-08 09:38:58,418 I 40730 40730] (gcs_server) gcs_server.cc:961: ray_event_io_context Event stats:


Global stats: 8 total (0 active)
Queueing time: mean = 0.07ms, max = 0.46ms, min = 0.01ms, total = 0.60ms
Execution time:  mean = 0.05ms, total = 0.38ms
Event stats:
	event_loop_lag_probe - 8 total (0 active), Execution time: mean = 0.05ms, total = 0.38ms, Queueing time: mean = 0.07ms, max = 0.46ms, min = 0.01ms, total = 0.60ms


