[2026-01-08 09:37:59,954 I 40971 40971] (raylet) main.cc:272: Setting cluster ID to: 09d8072ade18eca1d207b01aa671fe52082e246ce36f8fa797f0bf37
[2026-01-08 09:37:59,963 I 40971 40971] (raylet) main.cc:512: Per-worker process group cleanup is DISABLED, subreaper is DISABLED
[2026-01-08 09:37:59,963 I 40971 40971] (raylet) main.cc:646: Setting node ID node_id=e8d5625d693892e959dc52a38a72c0ac680f8a335c34780c3cdb1301
[2026-01-08 09:37:59,963 I 40971 40971] (raylet) store_runner.cc:50: Allowing the Plasma store to use up to 10.2005GB of memory.
[2026-01-08 09:37:59,963 I 40971 40971] (raylet) store_runner.cc:66: Starting object store with directory /dev/shm, fallback /app/ray_tmp/ray/session_2026-01-08_09-37-56_024530_40660, and huge page support disabled
[2026-01-08 09:37:59,963 W 40971 40971] (raylet) store_runner.cc:83: System memory request exceeds memory available in /dev/shm. The request is for 10200516198 bytes, and the amount available is 9663646924 bytes. You may be able to free up space by deleting files in /dev/shm. If you are inside a Docker container, you may need to pass an argument with the flag '--shm-size' to 'docker run'.
[2026-01-08 09:37:59,964 I 40971 40994] (raylet) dlmalloc.cc:324: Setting dlmalloc config: plasma_directory=/dev/shm, fallback_directory=/app/ray_tmp/ray/session_2026-01-08_09-37-56_024530_40660, hugepage_enabled=0, fallback_enabled=1
[2026-01-08 09:37:59,964 I 40971 40994] (raylet) dlmalloc.cc:153: create_and_mmap_buffer(9663676424, /dev/shm/plasmaXXXXXX)
[2026-01-08 09:37:59,964 E 40971 40994] (raylet) file_system_monitor.cc:116: /app/ray_tmp/ray/session_2026-01-08_09-37-56_024530_40660 is over 95% full, available space: 0 GB; capacity: 3517.78 GB. Object creation will fail if spilling is required.
[2026-01-08 09:37:59,965 I 40971 40994] (raylet) store.cc:572: Plasma store debug dump: 
Current usage: 0 / 9.66365 GB
- num bytes created total: 0
0 pending objects of total size 0MB
- objects spillable: 0
- bytes spillable: 0
- objects unsealed: 0
- bytes unsealed: 0
- objects in use: 0
- bytes in use: 0
- objects evictable: 0
- bytes evictable: 0

- objects created by worker: 0
- bytes created by worker: 0
- objects restored: 0
- bytes restored: 0
- objects received: 0
- bytes received: 0
- objects errored: 0
- bytes errored: 0

[2026-01-08 09:37:59,968 I 40971 40971] (raylet) grpc_server.cc:143: ObjectManager server started, listening on port 33145.
[2026-01-08 09:37:59,982 I 40971 40971] (raylet) memory_monitor.cc:47: MemoryMonitor initialized with usage threshold at 513422786560 bytes (0.95 system memory), total system memory bytes: 540445048832
[2026-01-08 09:37:59,982 I 40971 40971] (raylet) node_manager.cc:243: Initializing NodeManager node_id=e8d5625d693892e959dc52a38a72c0ac680f8a335c34780c3cdb1301
[2026-01-08 09:37:59,982 I 40971 40971] (raylet) grpc_server.cc:143: NodeManager server started, listening on port 41063.
[2026-01-08 09:38:00,013 I 40971 41040] (raylet) agent_manager.cc:81: Monitor agent process with name dashboard_agent
[2026-01-08 09:38:00,017 I 40971 41042] (raylet) agent_manager.cc:81: Monitor agent process with name runtime_env_agent
[2026-01-08 09:38:00,018 I 40971 40971] (raylet) metrics_agent_client.cc:45: Initializing exporter ...
[2026-01-08 09:38:00,019 I 40971 40971] (raylet) event.cc:499: Ray Event initialized for RAYLET
[2026-01-08 09:38:00,019 I 40971 40971] (raylet) event.cc:332: Set ray event level to warning
[2026-01-08 09:38:00,021 I 40971 40971] (raylet) node_manager.cc:294: Raylet of id, e8d5625d693892e959dc52a38a72c0ac680f8a335c34780c3cdb1301 started. Raylet consists of node_manager and object_manager. node_manager address: 192.168.88.6:0 object_manager address: 192.168.88.6:33145 hostname: af056e39ae7e
[2026-01-08 09:38:00,026 I 40971 40971] (raylet) node_manager.cc:432: [state-dump] NodeManager:
[state-dump] Node ID: e8d5625d693892e959dc52a38a72c0ac680f8a335c34780c3cdb1301
[state-dump] Node name: 192.168.88.6
[state-dump] InitialConfigResources: {node:192.168.88.6: 1, CPU: 112, node:__internal_head__: 1, memory: 5.27597e+11, object_store_memory: 1.02005e+10}
[state-dump] ClusterLeaseManager:
[state-dump] ========== Node: e8d5625d693892e959dc52a38a72c0ac680f8a335c34780c3cdb1301 =================
[state-dump] Infeasible queue length: 0
[state-dump] Schedule queue length: 0
[state-dump] Grant queue length: 0
[state-dump] num_waiting_for_resource: 0
[state-dump] num_waiting_for_plasma_memory: 0
[state-dump] num_waiting_for_remote_node_resources: 0
[state-dump] num_worker_not_started_by_job_config_not_exist: 0
[state-dump] num_worker_not_started_by_registration_timeout: 0
[state-dump] num_tasks_waiting_for_workers: 0
[state-dump] num_cancelled_leases: 0
[state-dump] cluster_resource_scheduler state: 
[state-dump] Local id: 492931327056341553 Local resources: {"total":{memory: [5275973943290000], node:192.168.88.6: [10000], node:__internal_head__: [10000], CPU: [1120000], object_store_memory: [102005161980000]}}, "available": {memory: [5275973943290000], node:192.168.88.6: [10000], node:__internal_head__: [10000], CPU: [1120000], object_store_memory: [102005161980000]}}, "labels":{"ray.io/node-id":"e8d5625d693892e959dc52a38a72c0ac680f8a335c34780c3cdb1301",} is_draining: 0 is_idle: 1 Cluster resources (at most 20 nodes are shown): node id: 492931327056341553{"total":{CPU: 1120000, node:__internal_head__: 10000, object_store_memory: 102005161980000, memory: 5275973943290000, node:192.168.88.6: 10000}}, "available": {node:192.168.88.6: 10000, node:__internal_head__: 10000, CPU: 1120000, memory: 5275973943290000, object_store_memory: 102005161980000}}, "labels":{"ray.io/node-id":"e8d5625d693892e959dc52a38a72c0ac680f8a335c34780c3cdb1301",}, "is_draining": 0, "draining_deadline_timestamp_ms": -1} { "placement group locations": [], "node to bundles": []}
[state-dump] Waiting leases size: 0
[state-dump] Number of granted lease arguments: 0
[state-dump] Number of pinned lease arguments: 0
[state-dump] Number of total spilled leases: 0
[state-dump] Number of spilled waiting leases: 0
[state-dump] Number of spilled unschedulable leases: 0
[state-dump] Resource usage {
[state-dump] }
[state-dump] Backlog Size per scheduling descriptor :{workerId: num backlogs}:
[state-dump] 
[state-dump] Granted leases by scheduling class:
[state-dump] ==================================================
[state-dump] 
[state-dump] ClusterResources:
[state-dump] LocalObjectManager:
[state-dump] - num pinned objects: 0
[state-dump] - pinned objects size: 0
[state-dump] - num objects pending restore: 0
[state-dump] - num objects pending spill: 0
[state-dump] - num bytes pending spill: 0
[state-dump] - num bytes currently spilled: 0
[state-dump] - cumulative spill requests: 0
[state-dump] - cumulative restore requests: 0
[state-dump] - spilled objects pending delete: 0
[state-dump] 
[state-dump] ObjectManager:
[state-dump] - num local objects: 0
[state-dump] - num unfulfilled push requests: 0
[state-dump] - num object pull requests: 0
[state-dump] - num chunks received total: 0
[state-dump] - num chunks received failed (all): 0
[state-dump] - num chunks received failed / cancelled: 0
[state-dump] - num chunks received failed / plasma error: 0
[state-dump] Event stats:
[state-dump] Global stats: 0 total (0 active)
[state-dump] Queueing time: mean = -nanms, max = -0.00ms, min = 9223372036854.78ms, total = 0.00ms
[state-dump] Execution time:  mean = -nanms, total = 0.00ms
[state-dump] Event stats:
[state-dump] PushManager:
[state-dump] - num pushes remaining: 0
[state-dump] - num chunks in flight: 0
[state-dump] - num chunks remaining: 0
[state-dump] - max chunks allowed: 409
[state-dump] OwnershipBasedObjectDirectory:
[state-dump] - num listeners: 0
[state-dump] - cumulative location updates: 0
[state-dump] - num location updates per second: 0.000
[state-dump] - num location lookups per second: 0.000
[state-dump] - num locations added per second: 0.000
[state-dump] - num locations removed per second: 0.000
[state-dump] BufferPool:
[state-dump] - create buffer state map size: 0
[state-dump] PullManager:
[state-dump] - num bytes available for pulled objects: 10200516198
[state-dump] - num bytes being pulled (all): 0
[state-dump] - num bytes being pulled / pinned: 0
[state-dump] - get request bundles: BundlePullRequestQueue{0 total, 0 active, 0 inactive, 0 unpullable}
[state-dump] - wait request bundles: BundlePullRequestQueue{0 total, 0 active, 0 inactive, 0 unpullable}
[state-dump] - task request bundles: BundlePullRequestQueue{0 total, 0 active, 0 inactive, 0 unpullable}
[state-dump] - first get request bundle: N/A
[state-dump] - first wait request bundle: N/A
[state-dump] - first task request bundle: N/A
[state-dump] - num objects queued: 0
[state-dump] - num objects actively pulled (all): 0
[state-dump] - num objects actively pulled / pinned: 0
[state-dump] - num bundles being pulled: 0
[state-dump] - num pull retries: 0
[state-dump] - max timeout seconds: 0
[state-dump] - max timeout request is already processed. No entry.
[state-dump] 
[state-dump] WorkerPool:
[state-dump] - registered jobs: 0
[state-dump] - process_failed_job_config_missing: 0
[state-dump] - process_failed_rate_limited: 0
[state-dump] - process_failed_pending_registration: 0
[state-dump] - process_failed_runtime_env_setup_failed: 0
[state-dump] - num PYTHON workers: 0
[state-dump] - num PYTHON drivers: 0
[state-dump] - num PYTHON pending start requests: 0
[state-dump] - num PYTHON pending registration requests: 0
[state-dump] - num object spill callbacks queued: 0
[state-dump] - num object restore queued: 0
[state-dump] - num util functions queued: 0
[state-dump] - num JAVA workers: 0
[state-dump] - num JAVA drivers: 0
[state-dump] - num JAVA pending start requests: 0
[state-dump] - num JAVA pending registration requests: 0
[state-dump] - num object spill callbacks queued: 0
[state-dump] - num object restore queued: 0
[state-dump] - num util functions queued: 0
[state-dump] - num idle workers: 0
[state-dump] LeaseDependencyManager:
[state-dump] - lease deps map size: 0
[state-dump] - get req map size: 0
[state-dump] - wait req map size: 0
[state-dump] - local objects map size: 0
[state-dump] WaitManager:
[state-dump] - num active wait requests: 0
[state-dump] Subscriber:
[state-dump] Channel WORKER_OBJECT_EVICTION
[state-dump] - cumulative subscribe requests: 0
[state-dump] - cumulative unsubscribe requests: 0
[state-dump] - active subscribed publishers: 0
[state-dump] - cumulative published messages: 0
[state-dump] - cumulative processed messages: 0
[state-dump] Channel WORKER_OBJECT_LOCATIONS_CHANNEL
[state-dump] - cumulative subscribe requests: 0
[state-dump] - cumulative unsubscribe requests: 0
[state-dump] - active subscribed publishers: 0
[state-dump] - cumulative published messages: 0
[state-dump] - cumulative processed messages: 0
[state-dump] Channel WORKER_REF_REMOVED_CHANNEL
[state-dump] - cumulative subscribe requests: 0
[state-dump] - cumulative unsubscribe requests: 0
[state-dump] - active subscribed publishers: 0
[state-dump] - cumulative published messages: 0
[state-dump] - cumulative processed messages: 0
[state-dump] num async plasma notifications: 0
[state-dump] Event stats:
[state-dump] Global stats: 34 total (15 active)
[state-dump] Queueing time: mean = 5.31ms, max = 39.87ms, min = 0.01ms, total = 180.60ms
[state-dump] Execution time:  mean = 2.00ms, total = 68.05ms
[state-dump] Event stats:
[state-dump] 	PeriodicalRunner.RunFnPeriodically - 12 total (2 active, 1 running), Execution time: mean = 0.37ms, total = 4.50ms, Queueing time: mean = 14.44ms, max = 39.87ms, min = 0.15ms, total = 173.27ms
[state-dump] 	event_loop_lag_probe - 2 total (0 active), Execution time: mean = 0.01ms, total = 0.03ms, Queueing time: mean = 3.41ms, max = 6.82ms, min = 0.01ms, total = 6.82ms
[state-dump] 	NodeManager.deadline_timer.flush_free_objects - 1 total (1 active), Execution time: mean = 0.00ms, total = 0.00ms, Queueing time: mean = 0.00ms, max = -0.00ms, min = 9223372036854.78ms, total = 0.00ms
[state-dump] 	NodeManager.deadline_timer.record_metrics - 1 total (1 active), Execution time: mean = 0.00ms, total = 0.00ms, Queueing time: mean = 0.00ms, max = -0.00ms, min = 9223372036854.78ms, total = 0.00ms
[state-dump] 	RayletWorkerPool.deadline_timer.kill_idle_workers - 1 total (1 active), Execution time: mean = 0.00ms, total = 0.00ms, Queueing time: mean = 0.00ms, max = -0.00ms, min = 9223372036854.78ms, total = 0.00ms
[state-dump] 	MetricsAgentClient.WaitForServerReadyWithRetry - 1 total (1 active), Execution time: mean = 0.00ms, total = 0.00ms, Queueing time: mean = 0.00ms, max = -0.00ms, min = 9223372036854.78ms, total = 0.00ms
[state-dump] 	ClusterResourceManager.ResetRemoteNodeView - 1 total (1 active), Execution time: mean = 0.00ms, total = 0.00ms, Queueing time: mean = 0.00ms, max = -0.00ms, min = 9223372036854.78ms, total = 0.00ms
[state-dump] 	NodeManager.ScheduleAndGrantLeases - 1 total (1 active), Execution time: mean = 0.00ms, total = 0.00ms, Queueing time: mean = 0.00ms, max = -0.00ms, min = 9223372036854.78ms, total = 0.00ms
[state-dump] 	ReporterService.grpc_client.HealthCheck.OnReplyReceived - 1 total (0 active), Execution time: mean = 0.12ms, total = 0.12ms, Queueing time: mean = 0.24ms, max = 0.24ms, min = 0.24ms, total = 0.24ms
[state-dump] 	ray::rpc::InternalPubSubGcsService.grpc_client.GcsSubscriberPoll - 1 total (1 active), Execution time: mean = 0.00ms, total = 0.00ms, Queueing time: mean = 0.00ms, max = -0.00ms, min = 9223372036854.78ms, total = 0.00ms
[state-dump] 	ray::rpc::InternalPubSubGcsService.grpc_client.GcsSubscriberCommandBatch - 1 total (0 active), Execution time: mean = 1.15ms, total = 1.15ms, Queueing time: mean = 0.00ms, max = -0.00ms, min = 9223372036854.78ms, total = 0.00ms
[state-dump] 	ray::rpc::InternalKVGcsService.grpc_client.GetInternalConfig.OnReplyReceived - 1 total (0 active), Execution time: mean = 56.52ms, total = 56.52ms, Queueing time: mean = 0.02ms, max = 0.02ms, min = 0.02ms, total = 0.02ms
[state-dump] 	NodeManager.CheckForUnexpectedWorkerDisconnects - 1 total (1 active), Execution time: mean = 0.00ms, total = 0.00ms, Queueing time: mean = 0.00ms, max = -0.00ms, min = 9223372036854.78ms, total = 0.00ms
[state-dump] 	MemoryMonitor.CheckIsMemoryUsageAboveThreshold - 1 total (1 active), Execution time: mean = 0.00ms, total = 0.00ms, Queueing time: mean = 0.00ms, max = -0.00ms, min = 9223372036854.78ms, total = 0.00ms
[state-dump] 	NodeManager.deadline_timer.spill_objects_when_over_threshold - 1 total (1 active), Execution time: mean = 0.00ms, total = 0.00ms, Queueing time: mean = 0.00ms, max = -0.00ms, min = 9223372036854.78ms, total = 0.00ms
[state-dump] 	ray::rpc::InternalPubSubGcsService.grpc_client.GcsSubscriberCommandBatch.OnReplyReceived - 1 total (1 active), Execution time: mean = 0.00ms, total = 0.00ms, Queueing time: mean = 0.00ms, max = -0.00ms, min = 9223372036854.78ms, total = 0.00ms
[state-dump] 	ray::rpc::NodeInfoGcsService.grpc_client.RegisterNode - 1 total (0 active), Execution time: mean = 1.73ms, total = 1.73ms, Queueing time: mean = 0.00ms, max = -0.00ms, min = 9223372036854.78ms, total = 0.00ms
[state-dump] 	NodeManager.deadline_timer.debug_state_dump - 1 total (1 active), Execution time: mean = 0.00ms, total = 0.00ms, Queueing time: mean = 0.00ms, max = -0.00ms, min = 9223372036854.78ms, total = 0.00ms
[state-dump] 	ReporterService.grpc_client.HealthCheck - 1 total (0 active), Execution time: mean = 1.55ms, total = 1.55ms, Queueing time: mean = 0.00ms, max = -0.00ms, min = 9223372036854.78ms, total = 0.00ms
[state-dump] 	ray::rpc::InternalKVGcsService.grpc_client.GetInternalConfig - 1 total (0 active), Execution time: mean = 1.76ms, total = 1.76ms, Queueing time: mean = 0.00ms, max = -0.00ms, min = 9223372036854.78ms, total = 0.00ms
[state-dump] 	NodeManager.GCTaskFailureReason - 1 total (1 active), Execution time: mean = 0.00ms, total = 0.00ms, Queueing time: mean = 0.00ms, max = -0.00ms, min = 9223372036854.78ms, total = 0.00ms
[state-dump] 	ray::rpc::NodeInfoGcsService.grpc_client.RegisterNode.OnReplyReceived - 1 total (0 active), Execution time: mean = 0.69ms, total = 0.69ms, Queueing time: mean = 0.25ms, max = 0.25ms, min = 0.25ms, total = 0.25ms
[state-dump] DebugString() time ms: 0
[state-dump] 
[state-dump] 
[2026-01-08 09:38:00,028 I 40971 40971] (raylet) accessor.cc:433: Received address and liveness notification for node, IsAlive = 1 node_id=e8d5625d693892e959dc52a38a72c0ac680f8a335c34780c3cdb1301
[2026-01-08 09:38:00,096 I 40971 40971] (raylet) worker_pool.cc:746: [Eagerly] Start install runtime environment for job 01000000.
[2026-01-08 09:38:00,102 I 40971 40971] (raylet) worker_pool.cc:527: Started worker process with pid 41080, the token is 0
[2026-01-08 09:38:00,107 I 40971 40971] (raylet) worker_pool.cc:527: Started worker process with pid 41081, the token is 1
[2026-01-08 09:38:00,112 I 40971 40971] (raylet) worker_pool.cc:527: Started worker process with pid 41082, the token is 2
[2026-01-08 09:38:00,117 I 40971 40971] (raylet) worker_pool.cc:527: Started worker process with pid 41083, the token is 3
[2026-01-08 09:38:00,122 I 40971 40971] (raylet) worker_pool.cc:527: Started worker process with pid 41084, the token is 4
[2026-01-08 09:38:00,127 I 40971 40971] (raylet) worker_pool.cc:527: Started worker process with pid 41085, the token is 5
[2026-01-08 09:38:00,132 I 40971 40971] (raylet) worker_pool.cc:527: Started worker process with pid 41086, the token is 6
[2026-01-08 09:38:00,136 I 40971 40971] (raylet) worker_pool.cc:527: Started worker process with pid 41087, the token is 7
[2026-01-08 09:38:00,140 I 40971 40971] (raylet) worker_pool.cc:527: Started worker process with pid 41088, the token is 8
[2026-01-08 09:38:00,144 I 40971 40971] (raylet) worker_pool.cc:527: Started worker process with pid 41089, the token is 9
[2026-01-08 09:38:00,148 I 40971 40971] (raylet) worker_pool.cc:527: Started worker process with pid 41090, the token is 10
[2026-01-08 09:38:00,152 I 40971 40971] (raylet) worker_pool.cc:527: Started worker process with pid 41091, the token is 11
[2026-01-08 09:38:00,156 I 40971 40971] (raylet) worker_pool.cc:527: Started worker process with pid 41092, the token is 12
[2026-01-08 09:38:00,159 I 40971 40971] (raylet) worker_pool.cc:527: Started worker process with pid 41093, the token is 13
[2026-01-08 09:38:00,162 I 40971 40971] (raylet) worker_pool.cc:527: Started worker process with pid 41094, the token is 14
[2026-01-08 09:38:00,166 I 40971 40971] (raylet) worker_pool.cc:527: Started worker process with pid 41095, the token is 15
[2026-01-08 09:38:00,169 I 40971 40971] (raylet) worker_pool.cc:527: Started worker process with pid 41096, the token is 16
[2026-01-08 09:38:00,173 I 40971 40971] (raylet) worker_pool.cc:527: Started worker process with pid 41097, the token is 17
[2026-01-08 09:38:00,176 I 40971 40971] (raylet) worker_pool.cc:527: Started worker process with pid 41098, the token is 18
[2026-01-08 09:38:00,233 I 40971 40971] (raylet) worker_pool.cc:527: Started worker process with pid 41099, the token is 19
[2026-01-08 09:38:00,237 I 40971 40971] (raylet) worker_pool.cc:527: Started worker process with pid 41100, the token is 20
[2026-01-08 09:38:00,240 I 40971 40971] (raylet) worker_pool.cc:527: Started worker process with pid 41101, the token is 21
[2026-01-08 09:38:00,243 I 40971 40971] (raylet) worker_pool.cc:527: Started worker process with pid 41102, the token is 22
[2026-01-08 09:38:00,247 I 40971 40971] (raylet) worker_pool.cc:527: Started worker process with pid 41103, the token is 23
[2026-01-08 09:38:00,250 I 40971 40971] (raylet) worker_pool.cc:527: Started worker process with pid 41104, the token is 24
[2026-01-08 09:38:00,254 I 40971 40971] (raylet) worker_pool.cc:527: Started worker process with pid 41105, the token is 25
[2026-01-08 09:38:00,258 I 40971 40971] (raylet) worker_pool.cc:527: Started worker process with pid 41106, the token is 26
[2026-01-08 09:38:00,262 I 40971 40971] (raylet) worker_pool.cc:527: Started worker process with pid 41107, the token is 27
[2026-01-08 09:38:00,266 I 40971 40971] (raylet) worker_pool.cc:527: Started worker process with pid 41108, the token is 28
[2026-01-08 09:38:00,271 I 40971 40971] (raylet) worker_pool.cc:527: Started worker process with pid 41109, the token is 29
[2026-01-08 09:38:00,276 I 40971 40971] (raylet) worker_pool.cc:527: Started worker process with pid 41110, the token is 30
[2026-01-08 09:38:00,281 I 40971 40971] (raylet) worker_pool.cc:527: Started worker process with pid 41111, the token is 31
[2026-01-08 09:38:00,286 I 40971 40971] (raylet) worker_pool.cc:527: Started worker process with pid 41112, the token is 32
[2026-01-08 09:38:00,290 I 40971 40971] (raylet) worker_pool.cc:527: Started worker process with pid 41113, the token is 33
[2026-01-08 09:38:00,295 I 40971 40971] (raylet) worker_pool.cc:527: Started worker process with pid 41114, the token is 34
[2026-01-08 09:38:00,300 I 40971 40971] (raylet) worker_pool.cc:527: Started worker process with pid 41115, the token is 35
[2026-01-08 09:38:00,305 I 40971 40971] (raylet) worker_pool.cc:527: Started worker process with pid 41116, the token is 36
[2026-01-08 09:38:00,309 I 40971 40971] (raylet) worker_pool.cc:527: Started worker process with pid 41117, the token is 37
[2026-01-08 09:38:00,314 I 40971 40971] (raylet) worker_pool.cc:527: Started worker process with pid 41118, the token is 38
[2026-01-08 09:38:00,318 I 40971 40971] (raylet) worker_pool.cc:527: Started worker process with pid 41119, the token is 39
[2026-01-08 09:38:00,323 I 40971 40971] (raylet) worker_pool.cc:527: Started worker process with pid 41120, the token is 40
[2026-01-08 09:38:00,327 I 40971 40971] (raylet) worker_pool.cc:527: Started worker process with pid 41121, the token is 41
[2026-01-08 09:38:00,332 I 40971 40971] (raylet) worker_pool.cc:527: Started worker process with pid 41122, the token is 42
[2026-01-08 09:38:00,336 I 40971 40971] (raylet) worker_pool.cc:527: Started worker process with pid 41123, the token is 43
[2026-01-08 09:38:00,341 I 40971 40971] (raylet) worker_pool.cc:527: Started worker process with pid 41124, the token is 44
[2026-01-08 09:38:00,345 I 40971 40971] (raylet) worker_pool.cc:527: Started worker process with pid 41125, the token is 45
[2026-01-08 09:38:00,349 I 40971 40971] (raylet) worker_pool.cc:527: Started worker process with pid 41126, the token is 46
[2026-01-08 09:38:00,354 I 40971 40971] (raylet) worker_pool.cc:527: Started worker process with pid 41127, the token is 47
[2026-01-08 09:38:00,358 I 40971 40971] (raylet) worker_pool.cc:527: Started worker process with pid 41128, the token is 48
[2026-01-08 09:38:00,363 I 40971 40971] (raylet) worker_pool.cc:527: Started worker process with pid 41129, the token is 49
[2026-01-08 09:38:00,367 I 40971 40971] (raylet) worker_pool.cc:527: Started worker process with pid 41130, the token is 50
[2026-01-08 09:38:00,372 I 40971 40971] (raylet) worker_pool.cc:527: Started worker process with pid 41131, the token is 51
[2026-01-08 09:38:00,377 I 40971 40971] (raylet) worker_pool.cc:527: Started worker process with pid 41132, the token is 52
[2026-01-08 09:38:00,382 I 40971 40971] (raylet) worker_pool.cc:527: Started worker process with pid 41133, the token is 53
[2026-01-08 09:38:00,387 I 40971 40971] (raylet) worker_pool.cc:527: Started worker process with pid 41134, the token is 54
[2026-01-08 09:38:00,391 I 40971 40971] (raylet) worker_pool.cc:527: Started worker process with pid 41135, the token is 55
[2026-01-08 09:38:00,396 I 40971 40971] (raylet) worker_pool.cc:527: Started worker process with pid 41136, the token is 56
[2026-01-08 09:38:00,401 I 40971 40971] (raylet) worker_pool.cc:527: Started worker process with pid 41137, the token is 57
[2026-01-08 09:38:00,406 I 40971 40971] (raylet) worker_pool.cc:527: Started worker process with pid 41138, the token is 58
[2026-01-08 09:38:00,411 I 40971 40971] (raylet) worker_pool.cc:527: Started worker process with pid 41139, the token is 59
[2026-01-08 09:38:00,415 I 40971 40971] (raylet) worker_pool.cc:527: Started worker process with pid 41140, the token is 60
[2026-01-08 09:38:00,420 I 40971 40971] (raylet) worker_pool.cc:527: Started worker process with pid 41141, the token is 61
[2026-01-08 09:38:00,425 I 40971 40971] (raylet) worker_pool.cc:527: Started worker process with pid 41142, the token is 62
[2026-01-08 09:38:00,430 I 40971 40971] (raylet) worker_pool.cc:527: Started worker process with pid 41143, the token is 63
[2026-01-08 09:38:00,436 I 40971 40971] (raylet) worker_pool.cc:527: Started worker process with pid 41144, the token is 64
[2026-01-08 09:38:00,441 I 40971 40971] (raylet) worker_pool.cc:527: Started worker process with pid 41145, the token is 65
[2026-01-08 09:38:00,446 I 40971 40971] (raylet) worker_pool.cc:527: Started worker process with pid 41146, the token is 66
[2026-01-08 09:38:00,450 I 40971 40971] (raylet) worker_pool.cc:527: Started worker process with pid 41147, the token is 67
[2026-01-08 09:38:00,455 I 40971 40971] (raylet) worker_pool.cc:527: Started worker process with pid 41148, the token is 68
[2026-01-08 09:38:00,460 I 40971 40971] (raylet) worker_pool.cc:527: Started worker process with pid 41149, the token is 69
[2026-01-08 09:38:00,464 I 40971 40971] (raylet) worker_pool.cc:527: Started worker process with pid 41150, the token is 70
[2026-01-08 09:38:00,470 I 40971 40971] (raylet) worker_pool.cc:527: Started worker process with pid 41151, the token is 71
[2026-01-08 09:38:00,474 I 40971 40971] (raylet) worker_pool.cc:527: Started worker process with pid 41152, the token is 72
[2026-01-08 09:38:00,480 I 40971 40971] (raylet) worker_pool.cc:527: Started worker process with pid 41153, the token is 73
[2026-01-08 09:38:00,484 I 40971 40971] (raylet) worker_pool.cc:527: Started worker process with pid 41154, the token is 74
[2026-01-08 09:38:00,489 I 40971 40971] (raylet) worker_pool.cc:527: Started worker process with pid 41155, the token is 75
[2026-01-08 09:38:00,511 I 40971 40971] (raylet) worker_pool.cc:527: Started worker process with pid 41156, the token is 76
[2026-01-08 09:38:00,516 I 40971 40971] (raylet) worker_pool.cc:527: Started worker process with pid 41157, the token is 77
[2026-01-08 09:38:00,521 I 40971 40971] (raylet) worker_pool.cc:527: Started worker process with pid 41158, the token is 78
[2026-01-08 09:38:00,527 I 40971 40971] (raylet) worker_pool.cc:527: Started worker process with pid 41159, the token is 79
[2026-01-08 09:38:00,533 I 40971 40971] (raylet) worker_pool.cc:527: Started worker process with pid 41161, the token is 80
[2026-01-08 09:38:00,538 I 40971 40971] (raylet) worker_pool.cc:527: Started worker process with pid 41162, the token is 81
[2026-01-08 09:38:00,715 I 40971 40971] (raylet) worker_pool.cc:527: Started worker process with pid 41191, the token is 82
[2026-01-08 09:38:00,721 I 40971 40971] (raylet) worker_pool.cc:527: Started worker process with pid 41192, the token is 83
[2026-01-08 09:38:00,726 I 40971 40971] (raylet) worker_pool.cc:527: Started worker process with pid 41193, the token is 84
[2026-01-08 09:38:00,731 I 40971 40971] (raylet) worker_pool.cc:527: Started worker process with pid 41194, the token is 85
[2026-01-08 09:38:00,747 I 40971 40971] (raylet) worker_pool.cc:527: Started worker process with pid 41195, the token is 86
[2026-01-08 09:38:00,757 I 40971 40971] (raylet) worker_pool.cc:527: Started worker process with pid 41196, the token is 87
[2026-01-08 09:38:00,771 I 40971 40971] (raylet) worker_pool.cc:527: Started worker process with pid 41197, the token is 88
[2026-01-08 09:38:00,776 I 40971 40971] (raylet) worker_pool.cc:527: Started worker process with pid 41198, the token is 89
[2026-01-08 09:38:00,781 I 40971 40971] (raylet) worker_pool.cc:527: Started worker process with pid 41199, the token is 90
[2026-01-08 09:38:00,786 I 40971 40971] (raylet) worker_pool.cc:527: Started worker process with pid 41200, the token is 91
[2026-01-08 09:38:00,791 I 40971 40971] (raylet) worker_pool.cc:527: Started worker process with pid 41201, the token is 92
[2026-01-08 09:38:00,797 I 40971 40971] (raylet) worker_pool.cc:527: Started worker process with pid 41202, the token is 93
[2026-01-08 09:38:00,802 I 40971 40971] (raylet) worker_pool.cc:527: Started worker process with pid 41203, the token is 94
[2026-01-08 09:38:00,807 I 40971 40971] (raylet) worker_pool.cc:527: Started worker process with pid 41204, the token is 95
[2026-01-08 09:38:00,813 I 40971 40971] (raylet) worker_pool.cc:527: Started worker process with pid 41205, the token is 96
[2026-01-08 09:38:00,818 I 40971 40971] (raylet) worker_pool.cc:527: Started worker process with pid 41206, the token is 97
[2026-01-08 09:38:00,824 I 40971 40971] (raylet) worker_pool.cc:527: Started worker process with pid 41207, the token is 98
[2026-01-08 09:38:00,829 I 40971 40971] (raylet) worker_pool.cc:527: Started worker process with pid 41208, the token is 99
[2026-01-08 09:38:00,834 I 40971 40971] (raylet) worker_pool.cc:527: Started worker process with pid 41209, the token is 100
[2026-01-08 09:38:00,839 I 40971 40971] (raylet) worker_pool.cc:527: Started worker process with pid 41210, the token is 101
[2026-01-08 09:38:00,844 I 40971 40971] (raylet) worker_pool.cc:527: Started worker process with pid 41211, the token is 102
[2026-01-08 09:38:00,849 I 40971 40971] (raylet) worker_pool.cc:527: Started worker process with pid 41212, the token is 103
[2026-01-08 09:38:00,854 I 40971 40971] (raylet) worker_pool.cc:527: Started worker process with pid 41213, the token is 104
[2026-01-08 09:38:00,859 I 40971 40971] (raylet) worker_pool.cc:527: Started worker process with pid 41214, the token is 105
[2026-01-08 09:38:00,864 I 40971 40971] (raylet) worker_pool.cc:527: Started worker process with pid 41215, the token is 106
[2026-01-08 09:38:00,869 I 40971 40971] (raylet) worker_pool.cc:527: Started worker process with pid 41216, the token is 107
[2026-01-08 09:38:00,875 I 40971 40971] (raylet) worker_pool.cc:527: Started worker process with pid 41217, the token is 108
[2026-01-08 09:38:00,880 I 40971 40971] (raylet) worker_pool.cc:527: Started worker process with pid 41218, the token is 109
[2026-01-08 09:38:00,885 I 40971 40971] (raylet) worker_pool.cc:527: Started worker process with pid 41219, the token is 110
[2026-01-08 09:38:00,892 I 40971 40971] (raylet) worker_pool.cc:527: Started worker process with pid 41220, the token is 111
[2026-01-08 09:38:00,898 I 40971 40971] (raylet) runtime_env_agent_client.cc:350: Runtime Env Agent network error: NotFound: on_connect Connection refused, the server may be still starting or is already failed. Scheduling a retry in 1000ms...
[2026-01-08 09:38:01,701 I 40971 40994] (raylet) object_store.cc:37: Object store current usage 8e-09 / 9.66365 GB.
[2026-01-08 09:38:01,903 I 40971 40971] (raylet) runtime_env_agent_client.cc:393: Create runtime env for job 01000000
[2026-01-08 09:38:01,903 I 40971 40971] (raylet) worker_pool.cc:757: [Eagerly] Create runtime env successful for job 01000000.
[2026-01-08 09:38:02,920 I 40971 40971] (raylet) worker_pool.cc:736: Job 01000000 already started in worker pool.
[2026-01-08 09:38:02,979 I 40971 40971] (raylet) runtime_env_agent_client.cc:393: Create runtime env for job 01000000
[2026-01-08 09:38:02,985 I 40971 40971] (raylet) worker_pool.cc:527: Started worker process with pid 47257, the token is 112
[2026-01-08 09:38:04,108 I 40971 40971] (raylet) node_manager.cc:1409: Disconnecting worker, graceful=true, disconnect_type=1, has_creation_task_exception=false worker_id=08aef3d214b8bf76c15fd29507ba0cf638f5b61371d3eeeea4560003 job_id=NIL_ID
[2026-01-08 09:38:04,113 W 40971 40994] (raylet) store.cc:365: Disconnecting client due to connection error with code 2: End of file
[2026-01-08 09:38:09,989 E 40971 41003] (raylet) file_system_monitor.cc:116: /app/ray_tmp/ray/session_2026-01-08_09-37-56_024530_40660 is over 95% full, available space: 0 GB; capacity: 3517.78 GB. Object creation will fail if spilling is required.
[2026-01-08 09:38:20,000 E 40971 41003] (raylet) file_system_monitor.cc:116: /app/ray_tmp/ray/session_2026-01-08_09-37-56_024530_40660 is over 95% full, available space: 0 GB; capacity: 3517.78 GB. Object creation will fail if spilling is required.
[2026-01-08 09:38:30,011 E 40971 41003] (raylet) file_system_monitor.cc:116: /app/ray_tmp/ray/session_2026-01-08_09-37-56_024530_40660 is over 95% full, available space: 0 GB; capacity: 3517.78 GB. Object creation will fail if spilling is required.
[2026-01-08 09:38:30,033 E 40971 40971] (raylet) main.cc:1032: Failed to establish connection to the metrics exporter agent. Metrics will not be exported. Exporter agent status: RpcError: Running out of retries to initialize the metrics agent. rpc_code: 14
[2026-01-08 09:38:40,022 E 40971 41003] (raylet) file_system_monitor.cc:116: /app/ray_tmp/ray/session_2026-01-08_09-37-56_024530_40660 is over 95% full, available space: 0 GB; capacity: 3517.78 GB. Object creation will fail if spilling is required.
[2026-01-08 09:38:50,033 E 40971 41003] (raylet) file_system_monitor.cc:116: /app/ray_tmp/ray/session_2026-01-08_09-37-56_024530_40660 is over 95% full, available space: 0 GB; capacity: 3517.78 GB. Object creation will fail if spilling is required.
[2026-01-08 09:38:59,965 I 40971 40994] (raylet) store.cc:572: Plasma store debug dump: 
Current usage: 0 / 9.66365 GB
- num bytes created total: 912
0 pending objects of total size 0MB
- objects spillable: 0
- bytes spillable: 0
- objects unsealed: 0
- bytes unsealed: 0
- objects in use: 0
- bytes in use: 0
- objects evictable: 0
- bytes evictable: 0

- objects created by worker: 0
- bytes created by worker: 0
- objects restored: 0
- bytes restored: 0
- objects received: 0
- bytes received: 0
- objects errored: 0
- bytes errored: 0

[2026-01-08 09:39:00,030 I 40971 40971] (raylet) node_manager.cc:432: [state-dump] NodeManager:
[state-dump] Node ID: e8d5625d693892e959dc52a38a72c0ac680f8a335c34780c3cdb1301
[state-dump] Node name: 192.168.88.6
[state-dump] InitialConfigResources: {node:192.168.88.6: 1, CPU: 112, node:__internal_head__: 1, memory: 5.27597e+11, object_store_memory: 1.02005e+10}
[state-dump] ClusterLeaseManager:
[state-dump] ========== Node: e8d5625d693892e959dc52a38a72c0ac680f8a335c34780c3cdb1301 =================
[state-dump] Infeasible queue length: 1
[state-dump] Schedule queue length: 0
[state-dump] Grant queue length: 0
[state-dump] num_waiting_for_resource: 0
[state-dump] num_waiting_for_plasma_memory: 0
[state-dump] num_waiting_for_remote_node_resources: 0
[state-dump] num_worker_not_started_by_job_config_not_exist: 0
[state-dump] num_worker_not_started_by_registration_timeout: 0
[state-dump] num_tasks_waiting_for_workers: 0
[state-dump] num_cancelled_leases: 0
[state-dump] cluster_resource_scheduler state: 
[state-dump] Local id: 492931327056341553 Local resources: {"total":{memory: [5275973943290000], node:192.168.88.6: [10000], node:__internal_head__: [10000], CPU: [1120000], object_store_memory: [102005161980000]}}, "available": {memory: [5275973943290000], node:192.168.88.6: [10000], node:__internal_head__: [10000], CPU: [1120000], object_store_memory: [102005161980000]}}, "labels":{"ray.io/node-id":"e8d5625d693892e959dc52a38a72c0ac680f8a335c34780c3cdb1301",} is_draining: 0 is_idle: 0 Cluster resources (at most 20 nodes are shown): node id: 492931327056341553{"total":{object_store_memory: 102005161980000, node:__internal_head__: 10000, CPU: 1120000, memory: 5275973943290000, node:192.168.88.6: 10000}}, "available": {CPU: 1120000, node:192.168.88.6: 10000, memory: 5275973943290000, object_store_memory: 102005161980000, node:__internal_head__: 10000}}, "labels":{"ray.io/node-id":"e8d5625d693892e959dc52a38a72c0ac680f8a335c34780c3cdb1301",}, "is_draining": 0, "draining_deadline_timestamp_ms": -1} { "placement group locations": [], "node to bundles": []}
[state-dump] Waiting leases size: 0
[state-dump] Number of granted lease arguments: 1
[state-dump] Number of pinned lease arguments: 0
[state-dump] Number of total spilled leases: 0
[state-dump] Number of spilled waiting leases: 0
[state-dump] Number of spilled unschedulable leases: 0
[state-dump] Resource usage {
[state-dump] }
[state-dump] Backlog Size per scheduling descriptor :{workerId: num backlogs}:
[state-dump] 
[state-dump] Granted leases by scheduling class:
[state-dump]     - {depth=1 function_descriptor={type=PythonFunctionDescriptor, module_name=main_ppo, class_name=, function_name=main_task, function_hash=c6031ba9554e402e9c743b8cf2acca2e} scheduling_strategy=default_scheduling_strategy {
[state-dump] }
[state-dump]  resource_set={CPU : 1, }label_selector={}}fallback_strategy=[]: 1/112
[state-dump] ==================================================
[state-dump] 
[state-dump] ClusterResources:
[state-dump] LocalObjectManager:
[state-dump] - num pinned objects: 0
[state-dump] - pinned objects size: 0
[state-dump] - num objects pending restore: 0
[state-dump] - num objects pending spill: 0
[state-dump] - num bytes pending spill: 0
[state-dump] - num bytes currently spilled: 0
[state-dump] - cumulative spill requests: 0
[state-dump] - cumulative restore requests: 0
[state-dump] - spilled objects pending delete: 0
[state-dump] 
[state-dump] ObjectManager:
[state-dump] - num local objects: 0
[state-dump] - num unfulfilled push requests: 0
[state-dump] - num object pull requests: 0
[state-dump] - num chunks received total: 0
[state-dump] - num chunks received failed (all): 0
[state-dump] - num chunks received failed / cancelled: 0
[state-dump] - num chunks received failed / plasma error: 0
[state-dump] Event stats:
[state-dump] Global stats: 0 total (0 active)
[state-dump] Queueing time: mean = -nanms, max = -0.00ms, min = 9223372036854.78ms, total = 0.00ms
[state-dump] Execution time:  mean = -nanms, total = 0.00ms
[state-dump] Event stats:
[state-dump] PushManager:
[state-dump] - num pushes remaining: 0
[state-dump] - num chunks in flight: 0
[state-dump] - num chunks remaining: 0
[state-dump] - max chunks allowed: 409
[state-dump] OwnershipBasedObjectDirectory:
[state-dump] - num listeners: 0
[state-dump] - cumulative location updates: 0
[state-dump] - num location updates per second: 0.000
[state-dump] - num location lookups per second: 0.000
[state-dump] - num locations added per second: 0.000
[state-dump] - num locations removed per second: 0.000
[state-dump] BufferPool:
[state-dump] - create buffer state map size: 0
[state-dump] PullManager:
[state-dump] - num bytes available for pulled objects: 9663646924
[state-dump] - num bytes being pulled (all): 0
[state-dump] - num bytes being pulled / pinned: 0
[state-dump] - get request bundles: BundlePullRequestQueue{0 total, 0 active, 0 inactive, 0 unpullable}
[state-dump] - wait request bundles: BundlePullRequestQueue{0 total, 0 active, 0 inactive, 0 unpullable}
[state-dump] - task request bundles: BundlePullRequestQueue{0 total, 0 active, 0 inactive, 0 unpullable}
[state-dump] - first get request bundle: N/A
[state-dump] - first wait request bundle: N/A
[state-dump] - first task request bundle: N/A
[state-dump] - num objects queued: 0
[state-dump] - num objects actively pulled (all): 0
[state-dump] - num objects actively pulled / pinned: 0
[state-dump] - num bundles being pulled: 0
[state-dump] - num pull retries: 0
[state-dump] - max timeout seconds: 0
[state-dump] - max timeout request is already processed. No entry.
[state-dump] 
[state-dump] WorkerPool:
[state-dump] - registered jobs: 1
[state-dump] - process_failed_job_config_missing: 0
[state-dump] - process_failed_rate_limited: 0
[state-dump] - process_failed_pending_registration: 0
[state-dump] - process_failed_runtime_env_setup_failed: 0
[state-dump] - num PYTHON workers: 112
[state-dump] - num PYTHON drivers: 1
[state-dump] - num PYTHON pending start requests: 0
[state-dump] - num PYTHON pending registration requests: 0
[state-dump] - num object spill callbacks queued: 0
[state-dump] - num object restore queued: 0
[state-dump] - num util functions queued: 0
[state-dump] - num JAVA workers: 0
[state-dump] - num JAVA drivers: 0
[state-dump] - num JAVA pending start requests: 0
[state-dump] - num JAVA pending registration requests: 0
[state-dump] - num object spill callbacks queued: 0
[state-dump] - num object restore queued: 0
[state-dump] - num util functions queued: 0
[state-dump] - num idle workers: 111
[state-dump] LeaseDependencyManager:
[state-dump] - lease deps map size: 0
[state-dump] - get req map size: 0
[state-dump] - wait req map size: 0
[state-dump] - local objects map size: 0
[state-dump] WaitManager:
[state-dump] - num active wait requests: 0
[state-dump] Subscriber:
[state-dump] Channel WORKER_OBJECT_EVICTION
[state-dump] - cumulative subscribe requests: 0
[state-dump] - cumulative unsubscribe requests: 0
[state-dump] - active subscribed publishers: 0
[state-dump] - cumulative published messages: 0
[state-dump] - cumulative processed messages: 0
[state-dump] Channel WORKER_OBJECT_LOCATIONS_CHANNEL
[state-dump] - cumulative subscribe requests: 0
[state-dump] - cumulative unsubscribe requests: 0
[state-dump] - active subscribed publishers: 0
[state-dump] - cumulative published messages: 0
[state-dump] - cumulative processed messages: 0
[state-dump] Channel WORKER_REF_REMOVED_CHANNEL
[state-dump] - cumulative subscribe requests: 0
[state-dump] - cumulative unsubscribe requests: 0
[state-dump] - active subscribed publishers: 0
[state-dump] - cumulative published messages: 0
[state-dump] - cumulative processed messages: 0
[state-dump] num async plasma notifications: 0
[state-dump] Event stats:
[state-dump] Global stats: 17383 total (129 active)
[state-dump] Queueing time: mean = 2.79ms, max = 8801.80ms, min = 0.00ms, total = 48516.85ms
[state-dump] Execution time:  mean = 0.54ms, total = 9433.60ms
[state-dump] Event stats:
[state-dump] 	NodeManagerService.grpc_server.ReportWorkerBacklog - 6570 total (0 active), Execution time: mean = 0.31ms, total = 2008.65ms, Queueing time: mean = 0.00ms, max = -0.00ms, min = 9223372036854.78ms, total = 0.00ms
[state-dump] 	NodeManagerService.grpc_server.ReportWorkerBacklog.HandleRequestImpl - 6570 total (0 active), Execution time: mean = 0.07ms, total = 428.10ms, Queueing time: mean = 0.04ms, max = 7.07ms, min = 0.01ms, total = 279.97ms
[state-dump] 	ObjectManager.UpdateAvailableMemory - 592 total (0 active), Execution time: mean = 0.00ms, total = 2.19ms, Queueing time: mean = 0.03ms, max = 3.32ms, min = 0.01ms, total = 16.26ms
[state-dump] 	NodeManager.CheckGC - 592 total (1 active), Execution time: mean = 0.00ms, total = 2.31ms, Queueing time: mean = 1.39ms, max = 765.27ms, min = 0.01ms, total = 822.64ms
[state-dump] 	RaySyncer.OnDemandBroadcasting - 592 total (1 active), Execution time: mean = 0.02ms, total = 9.06ms, Queueing time: mean = 1.38ms, max = 765.27ms, min = 0.01ms, total = 817.03ms
[state-dump] 	ClientConnection.async_read.ProcessMessageHeader - 458 total (113 active), Execution time: mean = 0.00ms, total = 1.74ms, Queueing time: mean = 31.67ms, max = 8801.80ms, min = 0.01ms, total = 14505.22ms
[state-dump] 	ClientConnection.async_read.ProcessMessage - 345 total (0 active), Execution time: mean = 2.43ms, total = 839.38ms, Queueing time: mean = 0.02ms, max = 0.76ms, min = 0.00ms, total = 8.12ms
[state-dump] 	RayletWorkerPool.deadline_timer.kill_idle_workers - 297 total (1 active), Execution time: mean = 0.04ms, total = 10.58ms, Queueing time: mean = 2.32ms, max = 672.84ms, min = 0.01ms, total = 687.74ms
[state-dump] 	MemoryMonitor.CheckIsMemoryUsageAboveThreshold - 236 total (1 active), Execution time: mean = 2.35ms, total = 553.72ms, Queueing time: mean = 2.67ms, max = 622.92ms, min = 0.01ms, total = 629.14ms
[state-dump] 	ClientConnection.async_write.DoAsyncWrites - 115 total (0 active), Execution time: mean = 0.00ms, total = 0.10ms, Queueing time: mean = 0.02ms, max = 0.26ms, min = 0.01ms, total = 2.84ms
[state-dump] 	ObjectManager.ObjectAdded - 114 total (0 active), Execution time: mean = 0.01ms, total = 1.04ms, Queueing time: mean = 0.13ms, max = 6.85ms, min = 0.00ms, total = 15.13ms
[state-dump] 	NodeManagerService.grpc_server.GetSystemConfig.HandleRequestImpl - 114 total (0 active), Execution time: mean = 0.07ms, total = 7.81ms, Queueing time: mean = 0.10ms, max = 1.21ms, min = 0.00ms, total = 11.70ms
[state-dump] 	ObjectManager.ObjectDeleted - 114 total (0 active), Execution time: mean = 0.01ms, total = 1.46ms, Queueing time: mean = 0.23ms, max = 7.06ms, min = 0.02ms, total = 26.55ms
[state-dump] 	NodeManagerService.grpc_server.GetSystemConfig - 114 total (0 active), Execution time: mean = 0.39ms, total = 44.98ms, Queueing time: mean = 0.00ms, max = -0.00ms, min = 9223372036854.78ms, total = 0.00ms
[state-dump] 	NodeManager.ScheduleAndGrantLeases - 61 total (1 active), Execution time: mean = 0.03ms, total = 1.59ms, Queueing time: mean = 0.03ms, max = 0.23ms, min = 0.01ms, total = 1.92ms
[state-dump] 	NodeManager.deadline_timer.flush_free_objects - 60 total (1 active), Execution time: mean = 0.01ms, total = 0.34ms, Queueing time: mean = 0.14ms, max = 2.61ms, min = 0.01ms, total = 8.67ms
[state-dump] 	NodeManager.CheckForUnexpectedWorkerDisconnects - 60 total (1 active), Execution time: mean = 0.14ms, total = 8.29ms, Queueing time: mean = 0.03ms, max = 0.18ms, min = 0.01ms, total = 1.85ms
[state-dump] 	NodeManager.deadline_timer.spill_objects_when_over_threshold - 60 total (1 active), Execution time: mean = 0.00ms, total = 0.23ms, Queueing time: mean = 0.15ms, max = 2.61ms, min = 0.01ms, total = 8.74ms
[state-dump] 	NodeManagerService.grpc_server.GetResourceLoad - 60 total (0 active), Execution time: mean = 8.18ms, total = 490.96ms, Queueing time: mean = 0.00ms, max = -0.00ms, min = 9223372036854.78ms, total = 0.00ms
[state-dump] 	NodeManagerService.grpc_server.GetResourceLoad.HandleRequestImpl - 60 total (0 active), Execution time: mean = 0.11ms, total = 6.81ms, Queueing time: mean = 7.80ms, max = 466.91ms, min = 0.01ms, total = 468.07ms
[state-dump] 	ReporterService.grpc_client.HealthCheck.OnReplyReceived - 31 total (0 active), Execution time: mean = 0.07ms, total = 2.11ms, Queueing time: mean = 0.05ms, max = 0.36ms, min = 0.02ms, total = 1.41ms
[state-dump] 	ReporterService.grpc_client.HealthCheck - 31 total (0 active), Execution time: mean = 0.34ms, total = 10.47ms, Queueing time: mean = 0.00ms, max = -0.00ms, min = 9223372036854.78ms, total = 0.00ms
[state-dump] 	MetricsAgentClient.WaitForServerReadyWithRetry - 30 total (0 active), Execution time: mean = 0.22ms, total = 6.59ms, Queueing time: mean = 1000.08ms, max = 1001.48ms, min = 1000.01ms, total = 30002.38ms
[state-dump] 	ClusterResourceManager.ResetRemoteNodeView - 21 total (1 active), Execution time: mean = 0.01ms, total = 0.17ms, Queueing time: mean = 0.03ms, max = 0.04ms, min = 0.01ms, total = 0.54ms
[state-dump] 	PeriodicalRunner.RunFnPeriodically - 14 total (0 active), Execution time: mean = 0.44ms, total = 6.21ms, Queueing time: mean = 13.04ms, max = 39.87ms, min = 0.15ms, total = 182.52ms
[state-dump] 	NodeManager.deadline_timer.record_metrics - 12 total (1 active), Execution time: mean = 0.30ms, total = 3.62ms, Queueing time: mean = 0.44ms, max = 1.17ms, min = 0.01ms, total = 5.25ms
[state-dump] 	event_loop_lag_probe - 8 total (0 active), Execution time: mean = 0.02ms, total = 0.13ms, Queueing time: mean = 0.86ms, max = 6.82ms, min = 0.00ms, total = 6.86ms
[state-dump] 	NodeManager.deadline_timer.debug_state_dump - 6 total (1 active), Execution time: mean = 1.44ms, total = 8.61ms, Queueing time: mean = 0.01ms, max = 0.02ms, min = 0.01ms, total = 0.07ms
[state-dump] 	RaySyncer.BroadcastMessage - 5 total (0 active), Execution time: mean = 0.16ms, total = 0.81ms, Queueing time: mean = 0.00ms, max = 0.00ms, min = 0.00ms, total = 0.00ms
[state-dump] 	 - 5 total (0 active), Execution time: mean = 0.00ms, total = 0.01ms, Queueing time: mean = 0.03ms, max = 0.05ms, min = 0.01ms, total = 0.15ms
[state-dump] 	ray::rpc::InternalPubSubGcsService.grpc_client.GcsSubscriberPoll - 3 total (1 active), Execution time: mean = 1363.31ms, total = 4089.92ms, Queueing time: mean = 0.00ms, max = -0.00ms, min = 9223372036854.78ms, total = 0.00ms
[state-dump] 	ray::rpc::InternalPubSubGcsService.grpc_client.GcsSubscriberPoll.OnReplyReceived - 2 total (0 active), Execution time: mean = 0.25ms, total = 0.50ms, Queueing time: mean = 0.02ms, max = 0.02ms, min = 0.01ms, total = 0.03ms
[state-dump] 	RaySyncerRegister - 2 total (0 active), Execution time: mean = 0.01ms, total = 0.01ms, Queueing time: mean = 0.00ms, max = 0.00ms, min = 0.00ms, total = 0.00ms
[state-dump] 	ray::rpc::InternalPubSubGcsService.grpc_client.GcsSubscriberCommandBatch - 2 total (0 active), Execution time: mean = 1.01ms, total = 2.01ms, Queueing time: mean = 0.00ms, max = -0.00ms, min = 9223372036854.78ms, total = 0.00ms
[state-dump] 	ray::rpc::InternalPubSubGcsService.grpc_client.GcsSubscriberCommandBatch.OnReplyReceived - 2 total (0 active), Execution time: mean = 0.26ms, total = 0.53ms, Queueing time: mean = 2.36ms, max = 4.42ms, min = 0.29ms, total = 4.71ms
[state-dump] 	NodeManagerService.grpc_server.RequestWorkerLease - 2 total (1 active), Execution time: mean = 405.25ms, total = 810.51ms, Queueing time: mean = 0.00ms, max = -0.00ms, min = 9223372036854.78ms, total = 0.00ms
[state-dump] 	NodeManagerService.grpc_server.RequestWorkerLease.HandleRequestImpl - 2 total (0 active), Execution time: mean = 0.41ms, total = 0.82ms, Queueing time: mean = 0.01ms, max = 0.02ms, min = 0.01ms, total = 0.03ms
[state-dump] 	ray::rpc::InternalKVGcsService.grpc_client.GetInternalConfig.OnReplyReceived - 1 total (0 active), Execution time: mean = 56.52ms, total = 56.52ms, Queueing time: mean = 0.02ms, max = 0.02ms, min = 0.02ms, total = 0.02ms
[state-dump] 	CoreWorkerService.grpc_client.Exit - 1 total (0 active), Execution time: mean = 2.22ms, total = 2.22ms, Queueing time: mean = 0.00ms, max = -0.00ms, min = 9223372036854.78ms, total = 0.00ms
[state-dump] 	ray::rpc::InternalKVGcsService.grpc_client.GetInternalConfig - 1 total (0 active), Execution time: mean = 1.76ms, total = 1.76ms, Queueing time: mean = 0.00ms, max = -0.00ms, min = 9223372036854.78ms, total = 0.00ms
[state-dump] 	Subscriber.HandlePublishedMessage_GCS_JOB_CHANNEL - 1 total (0 active), Execution time: mean = 0.06ms, total = 0.06ms, Queueing time: mean = 0.28ms, max = 0.28ms, min = 0.28ms, total = 0.28ms
[state-dump] 	ray::rpc::NodeInfoGcsService.grpc_client.CheckAlive - 1 total (0 active), Execution time: mean = 1.11ms, total = 1.11ms, Queueing time: mean = 0.00ms, max = -0.00ms, min = 9223372036854.78ms, total = 0.00ms
[state-dump] 	ray::rpc::NodeInfoGcsService.grpc_client.GetAllNodeAddressAndLiveness.OnReplyReceived - 1 total (0 active), Execution time: mean = 0.37ms, total = 0.37ms, Queueing time: mean = 0.07ms, max = 0.07ms, min = 0.07ms, total = 0.07ms
[state-dump] 	NodeManager.deadline_timer.print_event_loop_stats - 1 total (1 active, 1 running), Execution time: mean = 0.00ms, total = 0.00ms, Queueing time: mean = 0.00ms, max = -0.00ms, min = 9223372036854.78ms, total = 0.00ms
[state-dump] 	ray::rpc::JobInfoGcsService.grpc_client.GetAllJobInfo.OnReplyReceived - 1 total (0 active), Execution time: mean = 0.05ms, total = 0.05ms, Queueing time: mean = 0.01ms, max = 0.01ms, min = 0.01ms, total = 0.01ms
[state-dump] 	ray::rpc::JobInfoGcsService.grpc_client.GetAllJobInfo - 1 total (0 active), Execution time: mean = 0.89ms, total = 0.89ms, Queueing time: mean = 0.00ms, max = -0.00ms, min = 9223372036854.78ms, total = 0.00ms
[state-dump] 	NodeManager.GcsCheckAlive - 1 total (1 active), Execution time: mean = 0.00ms, total = 0.00ms, Queueing time: mean = 0.00ms, max = -0.00ms, min = 9223372036854.78ms, total = 0.00ms
[state-dump] 	CoreWorkerService.grpc_client.Exit.OnReplyReceived - 1 total (0 active), Execution time: mean = 0.08ms, total = 0.08ms, Queueing time: mean = 0.04ms, max = 0.04ms, min = 0.04ms, total = 0.04ms
[state-dump] 	ray::rpc::NodeInfoGcsService.grpc_client.CheckAlive.OnReplyReceived - 1 total (0 active), Execution time: mean = 0.03ms, total = 0.03ms, Queueing time: mean = 0.06ms, max = 0.06ms, min = 0.06ms, total = 0.06ms
[state-dump] 	ray::rpc::NodeInfoGcsService.grpc_client.RegisterNode - 1 total (0 active), Execution time: mean = 1.73ms, total = 1.73ms, Queueing time: mean = 0.00ms, max = -0.00ms, min = 9223372036854.78ms, total = 0.00ms
[state-dump] 	ray::rpc::JobInfoGcsService.grpc_client.AddJob.OnReplyReceived - 1 total (0 active), Execution time: mean = 0.05ms, total = 0.05ms, Queueing time: mean = 0.02ms, max = 0.02ms, min = 0.02ms, total = 0.02ms
[state-dump] 	ray::rpc::NodeInfoGcsService.grpc_client.RegisterNode.OnReplyReceived - 1 total (0 active), Execution time: mean = 0.69ms, total = 0.69ms, Queueing time: mean = 0.25ms, max = 0.25ms, min = 0.25ms, total = 0.25ms
[state-dump] 	ray::rpc::WorkerInfoGcsService.grpc_client.ReportWorkerFailure - 1 total (0 active), Execution time: mean = 3.46ms, total = 3.46ms, Queueing time: mean = 0.00ms, max = -0.00ms, min = 9223372036854.78ms, total = 0.00ms
[state-dump] 	ray::rpc::JobInfoGcsService.grpc_client.AddJob - 1 total (0 active), Execution time: mean = 1.33ms, total = 1.33ms, Queueing time: mean = 0.00ms, max = -0.00ms, min = 9223372036854.78ms, total = 0.00ms
[state-dump] 	ray::rpc::WorkerInfoGcsService.grpc_client.ReportWorkerFailure.OnReplyReceived - 1 total (0 active), Execution time: mean = 0.02ms, total = 0.02ms, Queueing time: mean = 0.26ms, max = 0.26ms, min = 0.26ms, total = 0.26ms
[state-dump] 	NodeManager.GCTaskFailureReason - 1 total (1 active), Execution time: mean = 0.00ms, total = 0.00ms, Queueing time: mean = 0.00ms, max = -0.00ms, min = 9223372036854.78ms, total = 0.00ms
[state-dump] 	Subscriber.HandlePublishedMessage_GCS_WORKER_DELTA_CHANNEL - 1 total (0 active), Execution time: mean = 0.01ms, total = 0.01ms, Queueing time: mean = 0.28ms, max = 0.28ms, min = 0.28ms, total = 0.28ms
[state-dump] 	ray::rpc::NodeInfoGcsService.grpc_client.GetAllNodeAddressAndLiveness - 1 total (0 active), Execution time: mean = 0.87ms, total = 0.87ms, Queueing time: mean = 0.00ms, max = -0.00ms, min = 9223372036854.78ms, total = 0.00ms
[state-dump] DebugString() time ms: 2
[state-dump] 
[state-dump] 
[2026-01-08 09:39:00,043 E 40971 41003] (raylet) file_system_monitor.cc:116: /app/ray_tmp/ray/session_2026-01-08_09-37-56_024530_40660 is over 95% full, available space: 0 GB; capacity: 3517.78 GB. Object creation will fail if spilling is required.
[2026-01-08 09:39:10,052 E 40971 41003] (raylet) file_system_monitor.cc:116: /app/ray_tmp/ray/session_2026-01-08_09-37-56_024530_40660 is over 95% full, available space: 0 GB; capacity: 3517.78 GB. Object creation will fail if spilling is required.
[2026-01-08 09:39:20,061 E 40971 41003] (raylet) file_system_monitor.cc:116: /app/ray_tmp/ray/session_2026-01-08_09-37-56_024530_40660 is over 95% full, available space: 0 GB; capacity: 3517.78 GB. Object creation will fail if spilling is required.
[2026-01-08 09:39:30,072 E 40971 41003] (raylet) file_system_monitor.cc:116: /app/ray_tmp/ray/session_2026-01-08_09-37-56_024530_40660 is over 95% full, available space: 0 GB; capacity: 3517.78 GB. Object creation will fail if spilling is required.
[2026-01-08 09:39:40,083 E 40971 41003] (raylet) file_system_monitor.cc:116: /app/ray_tmp/ray/session_2026-01-08_09-37-56_024530_40660 is over 95% full, available space: 0 GB; capacity: 3517.78 GB. Object creation will fail if spilling is required.
