[2026-01-08 10:24:49,549 I 233660 233660] (gcs_server) gcs_server_main.cc:90: Ray cluster metadata ray_version=2.53.0 ray_commit=0de211850589aea71f842873bc32574c702ab492
[2026-01-08 10:24:49,551 I 233660 233660] (gcs_server) event.cc:499: Ray Event initialized for GCS
[2026-01-08 10:24:49,551 I 233660 233660] (gcs_server) event.cc:499: Ray Event initialized for EXPORT_NODE
[2026-01-08 10:24:49,551 I 233660 233660] (gcs_server) event.cc:499: Ray Event initialized for EXPORT_ACTOR
[2026-01-08 10:24:49,551 I 233660 233660] (gcs_server) event.cc:499: Ray Event initialized for EXPORT_DRIVER_JOB
[2026-01-08 10:24:49,551 I 233660 233660] (gcs_server) event.cc:332: Set ray event level to warning
[2026-01-08 10:24:49,559 I 233660 233660] (gcs_server) event_aggregator_client.h:50: Initiating the local event aggregator client with port: 64547
[2026-01-08 10:24:49,564 I 233660 233660] (gcs_server) gcs_server.cc:150: GCS storage type is StorageType::IN_MEMORY
[2026-01-08 10:24:49,565 I 233660 233660] (gcs_server) gcs_init_data.cc:46: Loading job table data.
[2026-01-08 10:24:49,565 I 233660 233660] (gcs_server) gcs_init_data.cc:56: Loading node table data.
[2026-01-08 10:24:49,565 I 233660 233660] (gcs_server) gcs_init_data.cc:76: Loading actor table data.
[2026-01-08 10:24:49,565 I 233660 233660] (gcs_server) gcs_init_data.cc:87: Loading actor task spec table data.
[2026-01-08 10:24:49,565 I 233660 233660] (gcs_server) gcs_init_data.cc:66: Loading placement group table data.
[2026-01-08 10:24:49,565 I 233660 233660] (gcs_server) gcs_init_data.cc:50: Finished loading job table data, size = 0
[2026-01-08 10:24:49,565 I 233660 233660] (gcs_server) gcs_init_data.cc:60: Finished loading node table data, size = 0
[2026-01-08 10:24:49,565 I 233660 233660] (gcs_server) gcs_init_data.cc:81: Finished loading actor table data, size = 0
[2026-01-08 10:24:49,565 I 233660 233660] (gcs_server) gcs_init_data.cc:91: Finished loading actor task spec table data, size = 0
[2026-01-08 10:24:49,565 I 233660 233660] (gcs_server) gcs_init_data.cc:70: Finished loading placement group table data, size = 0
[2026-01-08 10:24:49,565 I 233660 233660] (gcs_server) gcs_server.cc:241: Generated new cluster ID. cluster_id=bf61270e27b61a1481447b4a1588476946f86861d9351582c24d7128
[2026-01-08 10:24:49,566 I 233660 233660] (gcs_server) gcs_server.cc:770: Autoscaler V2 enabled: 0
[2026-01-08 10:24:49,566 I 233660 233660] (gcs_server) metrics_agent_client.cc:45: Initializing exporter ...
[2026-01-08 10:24:49,568 I 233660 233660] (gcs_server) grpc_server.cc:143: GcsServer server started, listening on port 58670.
[2026-01-08 10:24:51,468 I 233660 233660] (gcs_server) gcs_server.cc:943: Gcs Debug state:

GcsNodeManager: 
- RegisterNode request count: 0
- DrainNode request count: 0
- GetAllNodeInfo request count: 0

GcsActorManager: 
- RegisterActor request count: 0
- CreateActor request count: 0
- GetActorInfo request count: 0
- GetNamedActorInfo request count: 0
- GetAllActorInfo request count: 0
- KillActor request count: 0
- ListNamedActors request count: 0
- Registered actors count: 0
- Destroyed actors count: 0
- Named actors count: 0
- Unresolved actors count: 0
- Pending actors count: 0
- Created actors count: 0
- owners_: 0
- actor_to_register_callbacks_: 0
- actor_to_restart_for_lineage_reconstruction_callbacks_: 0
- actor_to_create_callbacks_: 0
- sorted_destroyed_actor_list_: 0

GcsResourceManager: 
- GetAllAvailableResources request count: 0
- GetAllTotalResources request count: 0
- GetAllResourceUsage request count: 0

GcsPlacementGroupManager: 
- CreatePlacementGroup request count: 0
- RemovePlacementGroup request count: 0
- GetPlacementGroup request count: 0
- GetAllPlacementGroup request count: 0
- WaitPlacementGroupUntilReady request count: 0
- GetNamedPlacementGroup request count: 0
- Scheduling pending placement group count: 0
- Registered placement groups count: 0
- Named placement group count: 0
- Pending placement groups count: 0
- Infeasible placement groups count: 0

Publisher:

[runtime env manager] ID to URIs table:
[runtime env manager] URIs reference table:

GcsTaskManager: 
-Total num task events reported: 0
-Total num status task events dropped: 0
-Total num profile events dropped: 0
-Current num of task events stored: 0
-Total num of actor creation tasks: 0
-Total num of actor tasks: 0
-Total num of normal tasks: 0
-Total num of driver tasks: 0

GcsAutoscalerStateManager: 
- last_seen_autoscaler_state_version_: 0
- last_cluster_resource_state_version_: 0
- pending demands:



[2026-01-08 10:24:51,468 I 233660 233660] (gcs_server) gcs_server.cc:957: Main service Event stats:


Global stats: 32 total (13 active)
Queueing time: mean = 238.24ms, max = 1902.54ms, min = 0.00ms, total = 7623.57ms
Execution time:  mean = 118.92ms, total = 3805.46ms
Event stats:
	GcsInMemoryStore.Put - 9 total (6 active), Execution time: mean = 211.27ms, total = 1901.46ms, Queueing time: mean = 211.35ms, max = 1902.01ms, min = 0.01ms, total = 1902.11ms
	GcsInMemoryStore.GetAll - 5 total (0 active), Execution time: mean = 0.01ms, total = 0.06ms, Queueing time: mean = 0.09ms, max = 0.09ms, min = 0.07ms, total = 0.43ms
	PeriodicalRunner.RunFnPeriodically - 5 total (2 active, 1 running), Execution time: mean = 0.04ms, total = 0.21ms, Queueing time: mean = 761.24ms, max = 1902.54ms, min = 1.22ms, total = 3806.18ms
	event_loop_lag_probe - 2 total (0 active), Execution time: mean = 0.01ms, total = 0.01ms, Queueing time: mean = 7.35ms, max = 14.57ms, min = 0.12ms, total = 14.69ms
	MetricsAgentClient.WaitForServerReadyWithRetry - 1 total (1 active), Execution time: mean = 0.00ms, total = 0.00ms, Queueing time: mean = 0.00ms, max = -0.00ms, min = 9223372036854.78ms, total = 0.00ms
	ClusterResourceManager.ResetRemoteNodeView - 1 total (1 active), Execution time: mean = 0.00ms, total = 0.00ms, Queueing time: mean = 0.00ms, max = -0.00ms, min = 9223372036854.78ms, total = 0.00ms
	NodeInfoGcsService.grpc_server.GetClusterId - 1 total (1 active), Execution time: mean = 0.00ms, total = 0.00ms, Queueing time: mean = 0.00ms, max = -0.00ms, min = 9223372036854.78ms, total = 0.00ms
	NodeInfoGcsService.grpc_server.GetClusterId.HandleRequestImpl - 1 total (0 active), Execution time: mean = 1.06ms, total = 1.06ms, Queueing time: mean = 0.49ms, max = 0.49ms, min = 0.49ms, total = 0.49ms
	GcsInMemoryStore.Get - 1 total (0 active), Execution time: mean = 0.02ms, total = 0.02ms, Queueing time: mean = 0.03ms, max = 0.03ms, min = 0.03ms, total = 0.03ms
	GcsInitData::AsyncLoad - 1 total (0 active), Execution time: mean = 0.01ms, total = 0.01ms, Queueing time: mean = 0.00ms, max = 0.00ms, min = 0.00ms, total = 0.00ms
	ReporterService.grpc_client.HealthCheck.OnReplyReceived - 1 total (0 active), Execution time: mean = 0.06ms, total = 0.06ms, Queueing time: mean = 1899.64ms, max = 1899.64ms, min = 1899.64ms, total = 1899.64ms
	GCSServer.deadline_timer.metrics_report - 1 total (1 active), Execution time: mean = 0.00ms, total = 0.00ms, Queueing time: mean = 0.00ms, max = -0.00ms, min = 9223372036854.78ms, total = 0.00ms
	GcsServer.GetOrGenerateClusterId.continuation - 1 total (0 active), Execution time: mean = 1901.42ms, total = 1901.42ms, Queueing time: mean = 0.00ms, max = 0.00ms, min = 0.00ms, total = 0.00ms
	ReporterService.grpc_client.HealthCheck - 1 total (0 active), Execution time: mean = 1.14ms, total = 1.14ms, Queueing time: mean = 0.00ms, max = -0.00ms, min = 9223372036854.78ms, total = 0.00ms
	RayletLoadPulled - 1 total (1 active), Execution time: mean = 0.00ms, total = 0.00ms, Queueing time: mean = 0.00ms, max = -0.00ms, min = 9223372036854.78ms, total = 0.00ms


[2026-01-08 10:24:51,468 I 233660 233660] (gcs_server) gcs_server.cc:961: task_io_context Event stats:


Global stats: 4 total (1 active)
Queueing time: mean = 0.13ms, max = 0.44ms, min = 0.02ms, total = 0.52ms
Execution time:  mean = 0.07ms, total = 0.30ms
Event stats:
	event_loop_lag_probe - 2 total (0 active), Execution time: mean = 0.14ms, total = 0.29ms, Queueing time: mean = 0.25ms, max = 0.44ms, min = 0.06ms, total = 0.50ms
	PeriodicalRunner.RunFnPeriodically - 1 total (0 active), Execution time: mean = 0.01ms, total = 0.01ms, Queueing time: mean = 0.02ms, max = 0.02ms, min = 0.02ms, total = 0.02ms
	GcsTaskManager.GcJobSummary - 1 total (1 active), Execution time: mean = 0.00ms, total = 0.00ms, Queueing time: mean = 0.00ms, max = -0.00ms, min = 9223372036854.78ms, total = 0.00ms


[2026-01-08 10:24:51,468 I 233660 233660] (gcs_server) gcs_server.cc:961: pubsub_io_context Event stats:


Global stats: 4 total (1 active)
Queueing time: mean = 0.13ms, max = 0.46ms, min = 0.02ms, total = 0.54ms
Execution time:  mean = 0.08ms, total = 0.32ms
Event stats:
	event_loop_lag_probe - 2 total (0 active), Execution time: mean = 0.15ms, total = 0.30ms, Queueing time: mean = 0.26ms, max = 0.46ms, min = 0.07ms, total = 0.52ms
	PeriodicalRunner.RunFnPeriodically - 1 total (0 active), Execution time: mean = 0.02ms, total = 0.02ms, Queueing time: mean = 0.02ms, max = 0.02ms, min = 0.02ms, total = 0.02ms
	Publisher.CheckDeadSubscribers - 1 total (1 active), Execution time: mean = 0.00ms, total = 0.00ms, Queueing time: mean = 0.00ms, max = -0.00ms, min = 9223372036854.78ms, total = 0.00ms


[2026-01-08 10:24:51,468 I 233660 233660] (gcs_server) gcs_server.cc:961: ray_syncer_io_context Event stats:


Global stats: 4 total (0 active)
Queueing time: mean = 0.16ms, max = 0.54ms, min = 0.02ms, total = 0.64ms
Execution time:  mean = 0.06ms, total = 0.24ms
Event stats:
	event_loop_lag_probe - 2 total (0 active), Execution time: mean = 0.12ms, total = 0.24ms, Queueing time: mean = 0.29ms, max = 0.54ms, min = 0.05ms, total = 0.59ms
	RaySyncerRegister - 2 total (0 active), Execution time: mean = 0.00ms, total = 0.00ms, Queueing time: mean = 0.02ms, max = 0.03ms, min = 0.02ms, total = 0.05ms


[2026-01-08 10:24:51,468 I 233660 233660] (gcs_server) gcs_server.cc:961: ray_event_io_context Event stats:


Global stats: 2 total (0 active)
Queueing time: mean = 0.31ms, max = 0.58ms, min = 0.05ms, total = 0.63ms
Execution time:  mean = 0.13ms, total = 0.27ms
Event stats:
	event_loop_lag_probe - 2 total (0 active), Execution time: mean = 0.13ms, total = 0.27ms, Queueing time: mean = 0.31ms, max = 0.58ms, min = 0.05ms, total = 0.63ms


[2026-01-08 10:24:52,986 I 233660 233660] (gcs_server) gcs_node_manager.cc:106: Registering new node. node_id=45fc29cae7a687bb7d03accece0dedb168e198c9240dab334f96c543 node_name=192.168.88.6 node_address=192.168.88.6
[2026-01-08 10:24:54,896 I 233660 233660] (gcs_server) gcs_job_manager.cc:116: Registering job. job_id=01000000 driver_pid=233590
[2026-01-08 10:25:05,119 I 233660 233660] (gcs_server) gcs_placement_group_manager.cc:360: Registering placement group, placement group id = b8bc261295a4bcb9ee3af0013df301000000, name = global_poolverl_group_2:0, strategy = 2
[2026-01-08 10:25:05,119 I 233660 233660] (gcs_server) gcs_placement_group_manager.cc:364: Finished registering placement group, placement group id = b8bc261295a4bcb9ee3af0013df301000000, name = global_poolverl_group_2:0, strategy = 2
[2026-01-08 10:25:21,477 E 233660 233660] (gcs_server) gcs_server.cc:303: Failed to establish connection to the event+metrics exporter agent. Events and metrics will not be exported. Exporter agent status: RpcError: Running out of retries to initialize the metrics agent. rpc_code: 14
[2026-01-08 10:25:51,469 I 233660 233660] (gcs_server) gcs_server.cc:943: Gcs Debug state:

GcsNodeManager: 
- RegisterNode request count: 1
- DrainNode request count: 0
- GetAllNodeInfo request count: 230

GcsActorManager: 
- RegisterActor request count: 0
- CreateActor request count: 0
- GetActorInfo request count: 0
- GetNamedActorInfo request count: 0
- GetAllActorInfo request count: 0
- KillActor request count: 0
- ListNamedActors request count: 0
- Registered actors count: 0
- Destroyed actors count: 0
- Named actors count: 0
- Unresolved actors count: 0
- Pending actors count: 0
- Created actors count: 0
- owners_: 0
- actor_to_register_callbacks_: 0
- actor_to_restart_for_lineage_reconstruction_callbacks_: 0
- actor_to_create_callbacks_: 0
- sorted_destroyed_actor_list_: 0

GcsResourceManager: 
- GetAllAvailableResources request count: 0
- GetAllTotalResources request count: 0
- GetAllResourceUsage request count: 12

GcsPlacementGroupManager: 
- CreatePlacementGroup request count: 1
- RemovePlacementGroup request count: 0
- GetPlacementGroup request count: 1
- GetAllPlacementGroup request count: 0
- WaitPlacementGroupUntilReady request count: 0
- GetNamedPlacementGroup request count: 0
- Scheduling pending placement group count: 1
- Registered placement groups count: 1
- Named placement group count: 1
- Pending placement groups count: 0
- Infeasible placement groups count: 1

Publisher:
GCS_NODE_ADDRESS_AND_LIVENESS_CHANNEL
- cumulative published messages: 1
- cumulative published bytes: 90
- current buffered bytes: 0
GCS_NODE_INFO_CHANNEL
- cumulative published messages: 1
- cumulative published bytes: 507
- current buffered bytes: 0
RAY_LOG_CHANNEL
- cumulative published messages: 138
- cumulative published bytes: 57218
- current buffered bytes: 905
GCS_WORKER_DELTA_CHANNEL
- cumulative published messages: 1
- cumulative published bytes: 96
- current buffered bytes: 96
GCS_JOB_CHANNEL
- cumulative published messages: 1
- cumulative published bytes: 1991
- current buffered bytes: 1991

[runtime env manager] ID to URIs table:
[runtime env manager] URIs reference table:

GcsTaskManager: 
-Total num task events reported: 7
-Total num status task events dropped: 0
-Total num profile events dropped: 0
-Current num of task events stored: 3
-Total num of actor creation tasks: 0
-Total num of actor tasks: 0
-Total num of normal tasks: 2
-Total num of driver tasks: 1

GcsAutoscalerStateManager: 
- last_seen_autoscaler_state_version_: 0
- last_cluster_resource_state_version_: 12
- pending demands:
	{bundle_group_b8bc261295a4bcb9ee3af0013df301000000: 0.001, label_selectors: [{}, ]} * 1



[2026-01-08 10:25:51,470 I 233660 233660] (gcs_server) gcs_server.cc:957: Main service Event stats:


Global stats: 2470 total (5 active)
Queueing time: mean = 15.45ms, max = 1902.54ms, min = 0.00ms, total = 38154.56ms
Execution time:  mean = 1.93ms, total = 4769.90ms
Event stats:
	GcsInMemoryStore.Get - 259 total (0 active), Execution time: mean = 0.02ms, total = 6.09ms, Queueing time: mean = 0.27ms, max = 7.29ms, min = 0.01ms, total = 71.16ms
	InternalKVGcsService.grpc_server.InternalKVGet.HandleRequestImpl - 257 total (0 active), Execution time: mean = 0.14ms, total = 34.75ms, Queueing time: mean = 0.45ms, max = 7.40ms, min = 0.00ms, total = 116.87ms
	InternalKVGcsService.grpc_server.InternalKVGet - 257 total (0 active), Execution time: mean = 1.06ms, total = 273.56ms, Queueing time: mean = 0.00ms, max = -0.00ms, min = 9223372036854.78ms, total = 0.00ms
	GcsInMemoryStore.Put - 234 total (0 active), Execution time: mean = 8.14ms, total = 1905.74ms, Queueing time: mean = 8.44ms, max = 1902.01ms, min = 0.01ms, total = 1975.43ms
	NodeInfoGcsService.grpc_server.GetClusterId.HandleRequestImpl - 117 total (0 active), Execution time: mean = 0.02ms, total = 2.30ms, Queueing time: mean = 0.40ms, max = 7.41ms, min = 0.01ms, total = 46.23ms
	NodeInfoGcsService.grpc_server.GetClusterId - 117 total (0 active), Execution time: mean = 0.63ms, total = 74.16ms, Queueing time: mean = 0.00ms, max = -0.00ms, min = 9223372036854.78ms, total = 0.00ms
	NodeInfoGcsService.grpc_server.GetAllNodeInfo - 115 total (0 active), Execution time: mean = 0.42ms, total = 48.29ms, Queueing time: mean = 0.00ms, max = -0.00ms, min = 9223372036854.78ms, total = 0.00ms
	NodeInfoGcsService.grpc_server.GetAllNodeAddressAndLiveness - 115 total (0 active), Execution time: mean = 1.10ms, total = 126.25ms, Queueing time: mean = 0.00ms, max = -0.00ms, min = 9223372036854.78ms, total = 0.00ms
	NodeInfoGcsService.grpc_server.GetAllNodeAddressAndLiveness.HandleRequestImpl - 115 total (0 active), Execution time: mean = 0.02ms, total = 2.81ms, Queueing time: mean = 0.90ms, max = 6.18ms, min = 0.00ms, total = 103.12ms
	NodeInfoGcsService.grpc_server.GetAllNodeInfo.HandleRequestImpl - 115 total (0 active), Execution time: mean = 0.02ms, total = 2.61ms, Queueing time: mean = 0.17ms, max = 7.36ms, min = 0.01ms, total = 19.61ms
	WorkerInfoGcsService.grpc_server.AddWorkerInfo - 114 total (0 active), Execution time: mean = 1.58ms, total = 180.24ms, Queueing time: mean = 0.00ms, max = -0.00ms, min = 9223372036854.78ms, total = 0.00ms
	WorkerInfoGcsService.grpc_server.AddWorkerInfo.HandleRequestImpl - 114 total (0 active), Execution time: mean = 0.04ms, total = 4.17ms, Queueing time: mean = 0.77ms, max = 7.43ms, min = 0.01ms, total = 88.26ms
	RayletLoadPulled - 60 total (1 active), Execution time: mean = 0.20ms, total = 11.97ms, Queueing time: mean = 0.03ms, max = 0.10ms, min = 0.01ms, total = 1.75ms
	NodeManagerService.grpc_client.GetResourceLoad.OnReplyReceived - 58 total (0 active), Execution time: mean = 0.05ms, total = 2.92ms, Queueing time: mean = 0.03ms, max = 0.20ms, min = 0.01ms, total = 1.76ms
	NodeManagerService.grpc_client.GetResourceLoad - 58 total (0 active), Execution time: mean = 2.26ms, total = 131.13ms, Queueing time: mean = 0.00ms, max = -0.00ms, min = 9223372036854.78ms, total = 0.00ms
	InternalKVGcsService.grpc_server.InternalKVPut.HandleRequestImpl - 41 total (0 active), Execution time: mean = 0.07ms, total = 3.02ms, Queueing time: mean = 0.02ms, max = 0.03ms, min = 0.01ms, total = 0.76ms
	InternalKVGcsService.grpc_server.InternalKVPut - 41 total (0 active), Execution time: mean = 0.36ms, total = 14.59ms, Queueing time: mean = 0.00ms, max = -0.00ms, min = 9223372036854.78ms, total = 0.00ms
	ReporterService.grpc_client.HealthCheck - 31 total (0 active), Execution time: mean = 0.29ms, total = 8.89ms, Queueing time: mean = 0.00ms, max = -0.00ms, min = 9223372036854.78ms, total = 0.00ms
	ReporterService.grpc_client.HealthCheck.OnReplyReceived - 31 total (0 active), Execution time: mean = 0.06ms, total = 1.99ms, Queueing time: mean = 61.30ms, max = 1899.64ms, min = 0.02ms, total = 1900.45ms
	MetricsAgentClient.WaitForServerReadyWithRetry - 30 total (0 active), Execution time: mean = 0.17ms, total = 5.07ms, Queueing time: mean = 1000.04ms, max = 1000.25ms, min = 1000.01ms, total = 30001.20ms
	ClusterResourceManager.ResetRemoteNodeView - 20 total (1 active), Execution time: mean = 0.01ms, total = 0.19ms, Queueing time: mean = 0.03ms, max = 0.05ms, min = 0.01ms, total = 0.65ms
	HealthCheck - 18 total (0 active), Execution time: mean = 0.01ms, total = 0.15ms, Queueing time: mean = 0.03ms, max = 0.04ms, min = 0.02ms, total = 0.46ms
	NodeInfoGcsService.grpc_server.CheckAlive.HandleRequestImpl - 13 total (0 active), Execution time: mean = 0.02ms, total = 0.22ms, Queueing time: mean = 0.03ms, max = 0.04ms, min = 0.01ms, total = 0.36ms
	NodeInfoGcsService.grpc_server.CheckAlive - 13 total (0 active), Execution time: mean = 0.31ms, total = 4.05ms, Queueing time: mean = 0.00ms, max = -0.00ms, min = 9223372036854.78ms, total = 0.00ms
	NodeResourceInfoGcsService.grpc_server.GetAllResourceUsage.HandleRequestImpl - 12 total (0 active), Execution time: mean = 0.11ms, total = 1.35ms, Queueing time: mean = 0.03ms, max = 0.04ms, min = 0.01ms, total = 0.36ms
	GCSServer.deadline_timer.metrics_report - 12 total (1 active), Execution time: mean = 0.22ms, total = 2.67ms, Queueing time: mean = 0.03ms, max = 0.04ms, min = 0.01ms, total = 0.33ms
	AutoscalerStateService.grpc_server.GetClusterResourceState - 12 total (0 active), Execution time: mean = 0.37ms, total = 4.39ms, Queueing time: mean = 0.00ms, max = -0.00ms, min = 9223372036854.78ms, total = 0.00ms
	NodeResourceInfoGcsService.grpc_server.GetAllResourceUsage - 12 total (0 active), Execution time: mean = 0.47ms, total = 5.61ms, Queueing time: mean = 0.00ms, max = -0.00ms, min = 9223372036854.78ms, total = 0.00ms
	AutoscalerStateService.grpc_server.GetClusterResourceState.HandleRequestImpl - 12 total (0 active), Execution time: mean = 0.07ms, total = 0.83ms, Queueing time: mean = 0.02ms, max = 0.03ms, min = 0.01ms, total = 0.26ms
	event_loop_lag_probe - 8 total (0 active), Execution time: mean = 0.01ms, total = 0.09ms, Queueing time: mean = 1.84ms, max = 14.57ms, min = 0.00ms, total = 14.74ms
	GcsInMemoryStore.GetAll - 6 total (0 active), Execution time: mean = 0.01ms, total = 0.08ms, Queueing time: mean = 0.07ms, max = 0.09ms, min = 0.01ms, total = 0.44ms
	GCSServer.deadline_timer.gcs_global_gc - 6 total (1 active), Execution time: mean = 0.01ms, total = 0.04ms, Queueing time: mean = 0.09ms, max = 0.38ms, min = 0.01ms, total = 0.54ms
	PeriodicalRunner.RunFnPeriodically - 5 total (0 active), Execution time: mean = 0.10ms, total = 0.51ms, Queueing time: mean = 761.87ms, max = 1902.54ms, min = 1.22ms, total = 3809.34ms
	GcsResourceManager::Update - 5 total (0 active), Execution time: mean = 0.06ms, total = 0.29ms, Queueing time: mean = 0.01ms, max = 0.01ms, min = 0.01ms, total = 0.05ms
	GcsHealthCheckManager::MarkNodeHealthy - 5 total (0 active), Execution time: mean = 0.00ms, total = 0.01ms, Queueing time: mean = 0.02ms, max = 0.03ms, min = 0.01ms, total = 0.09ms
	InternalKVGcsService.grpc_server.InternalKVExists - 2 total (0 active), Execution time: mean = 0.30ms, total = 0.61ms, Queueing time: mean = 0.00ms, max = -0.00ms, min = 9223372036854.78ms, total = 0.00ms
	GcsInMemoryStore.Exists - 2 total (0 active), Execution time: mean = 0.02ms, total = 0.03ms, Queueing time: mean = 0.02ms, max = 0.02ms, min = 0.01ms, total = 0.03ms
	InternalKVGcsService.grpc_server.InternalKVExists.HandleRequestImpl - 2 total (0 active), Execution time: mean = 0.09ms, total = 0.18ms, Queueing time: mean = 0.02ms, max = 0.02ms, min = 0.02ms, total = 0.04ms
	NodeInfoGcsService.grpc_server.RegisterNode - 1 total (0 active), Execution time: mean = 0.38ms, total = 0.38ms, Queueing time: mean = 0.00ms, max = -0.00ms, min = 9223372036854.78ms, total = 0.00ms
	JobInfoGcsService.grpc_server.AddJob.HandleRequestImpl - 1 total (0 active), Execution time: mean = 0.11ms, total = 0.11ms, Queueing time: mean = 0.03ms, max = 0.03ms, min = 0.03ms, total = 0.03ms
	GcsInMemoryStore.GetNextJobID - 1 total (0 active), Execution time: mean = 0.00ms, total = 0.00ms, Queueing time: mean = 0.01ms, max = 0.01ms, min = 0.01ms, total = 0.01ms
	PlacementGroupInfoGcsService.grpc_server.CreatePlacementGroup.HandleRequestImpl - 1 total (0 active), Execution time: mean = 0.21ms, total = 0.21ms, Queueing time: mean = 0.03ms, max = 0.03ms, min = 0.03ms, total = 0.03ms
	GcsInMemoryStore.Delete - 1 total (0 active), Execution time: mean = 0.02ms, total = 0.02ms, Queueing time: mean = 0.02ms, max = 0.02ms, min = 0.02ms, total = 0.02ms
	GcsInitData::AsyncLoad - 1 total (0 active), Execution time: mean = 0.01ms, total = 0.01ms, Queueing time: mean = 0.00ms, max = 0.00ms, min = 0.00ms, total = 0.00ms
	JobInfoGcsService.grpc_server.GetAllJobInfo - 1 total (0 active), Execution time: mean = 0.26ms, total = 0.26ms, Queueing time: mean = 0.00ms, max = -0.00ms, min = 9223372036854.78ms, total = 0.00ms
	PlacementGroupInfoGcsService.grpc_server.CreatePlacementGroup - 1 total (0 active), Execution time: mean = 0.60ms, total = 0.60ms, Queueing time: mean = 0.00ms, max = -0.00ms, min = 9223372036854.78ms, total = 0.00ms
	JobInfoGcsService.grpc_server.AddJob - 1 total (0 active), Execution time: mean = 0.48ms, total = 0.48ms, Queueing time: mean = 0.00ms, max = -0.00ms, min = 9223372036854.78ms, total = 0.00ms
	NodeManager.AddNodeCallback - 1 total (0 active), Execution time: mean = 0.21ms, total = 0.21ms, Queueing time: mean = 0.04ms, max = 0.04ms, min = 0.04ms, total = 0.04ms
	InternalKVGcsService.grpc_server.GetInternalConfig - 1 total (0 active), Execution time: mean = 0.50ms, total = 0.50ms, Queueing time: mean = 0.00ms, max = -0.00ms, min = 9223372036854.78ms, total = 0.00ms
	JobInfoGcsService.grpc_server.GetNextJobID - 1 total (0 active), Execution time: mean = 0.20ms, total = 0.20ms, Queueing time: mean = 0.00ms, max = -0.00ms, min = 9223372036854.78ms, total = 0.00ms
	InternalKVGcsService.grpc_server.InternalKVDel.HandleRequestImpl - 1 total (0 active), Execution time: mean = 0.09ms, total = 0.09ms, Queueing time: mean = 0.02ms, max = 0.02ms, min = 0.02ms, total = 0.02ms
	PlacementGroupInfoGcsService.grpc_server.GetPlacementGroup - 1 total (0 active), Execution time: mean = 0.22ms, total = 0.22ms, Queueing time: mean = 0.00ms, max = -0.00ms, min = 9223372036854.78ms, total = 0.00ms
	WorkerInfoGcsService.grpc_server.ReportWorkerFailure.HandleRequestImpl - 1 total (0 active), Execution time: mean = 0.06ms, total = 0.06ms, Queueing time: mean = 0.03ms, max = 0.03ms, min = 0.03ms, total = 0.03ms
	JobInfoGcsService.grpc_server.GetNextJobID.HandleRequestImpl - 1 total (0 active), Execution time: mean = 0.01ms, total = 0.01ms, Queueing time: mean = 0.01ms, max = 0.01ms, min = 0.01ms, total = 0.01ms
	NodeInfoGcsService.grpc_server.RegisterNode.HandleRequestImpl - 1 total (0 active), Execution time: mean = 0.07ms, total = 0.07ms, Queueing time: mean = 0.02ms, max = 0.02ms, min = 0.02ms, total = 0.02ms
	InternalKVGcsService.grpc_server.InternalKVDel - 1 total (0 active), Execution time: mean = 0.41ms, total = 0.41ms, Queueing time: mean = 0.00ms, max = -0.00ms, min = 9223372036854.78ms, total = 0.00ms
	GcsHealthCheckManager::AddNode - 1 total (0 active), Execution time: mean = 0.01ms, total = 0.01ms, Queueing time: mean = 0.00ms, max = 0.00ms, min = 0.00ms, total = 0.00ms
	GcsServer.GetOrGenerateClusterId.continuation - 1 total (0 active), Execution time: mean = 1901.42ms, total = 1901.42ms, Queueing time: mean = 0.00ms, max = 0.00ms, min = 0.00ms, total = 0.00ms
	InternalKVGcsService.grpc_server.GetInternalConfig.HandleRequestImpl - 1 total (0 active), Execution time: mean = 0.09ms, total = 0.09ms, Queueing time: mean = 0.03ms, max = 0.03ms, min = 0.03ms, total = 0.03ms
	PlacementGroupInfoGcsService.grpc_server.GetPlacementGroup.HandleRequestImpl - 1 total (0 active), Execution time: mean = 0.04ms, total = 0.04ms, Queueing time: mean = 0.02ms, max = 0.02ms, min = 0.02ms, total = 0.02ms
	JobInfoGcsService.grpc_server.GetAllJobInfo.HandleRequestImpl - 1 total (0 active), Execution time: mean = 0.02ms, total = 0.02ms, Queueing time: mean = 0.01ms, max = 0.01ms, min = 0.01ms, total = 0.01ms
	GCSServer.deadline_timer.debug_state_event_stats_print - 1 total (1 active, 1 running), Execution time: mean = 0.00ms, total = 0.00ms, Queueing time: mean = 0.00ms, max = -0.00ms, min = 9223372036854.78ms, total = 0.00ms
	WorkerInfoGcsService.grpc_server.ReportWorkerFailure - 1 total (0 active), Execution time: mean = 2.59ms, total = 2.59ms, Queueing time: mean = 0.00ms, max = -0.00ms, min = 9223372036854.78ms, total = 0.00ms
	GcsPlacementGroupManager.SchedulePendingPlacementGroups - 1 total (0 active), Execution time: mean = 0.00ms, total = 0.00ms, Queueing time: mean = 0.03ms, max = 0.03ms, min = 0.03ms, total = 0.03ms


[2026-01-08 10:25:51,470 I 233660 233660] (gcs_server) gcs_server.cc:961: task_io_context Event stats:


Global stats: 13064 total (1 active)
Queueing time: mean = 0.01ms, max = 1.01ms, min = 0.01ms, total = 166.20ms
Execution time:  mean = 0.14ms, total = 1807.18ms
Event stats:
	TaskInfoGcsService.grpc_server.AddTaskEventData - 6521 total (0 active), Execution time: mean = 0.27ms, total = 1739.52ms, Queueing time: mean = 0.00ms, max = -0.00ms, min = 9223372036854.78ms, total = 0.00ms
	TaskInfoGcsService.grpc_server.AddTaskEventData.HandleRequestImpl - 6521 total (0 active), Execution time: mean = 0.01ms, total = 67.16ms, Queueing time: mean = 0.03ms, max = 1.01ms, min = 0.01ms, total = 165.31ms
	GcsTaskManager.GcJobSummary - 13 total (1 active), Execution time: mean = 0.01ms, total = 0.10ms, Queueing time: mean = 0.03ms, max = 0.04ms, min = 0.02ms, total = 0.33ms
	event_loop_lag_probe - 8 total (0 active), Execution time: mean = 0.05ms, total = 0.39ms, Queueing time: mean = 0.07ms, max = 0.44ms, min = 0.01ms, total = 0.55ms
	PeriodicalRunner.RunFnPeriodically - 1 total (0 active), Execution time: mean = 0.01ms, total = 0.01ms, Queueing time: mean = 0.02ms, max = 0.02ms, min = 0.02ms, total = 0.02ms


[2026-01-08 10:25:51,470 I 233660 233660] (gcs_server) gcs_server.cc:961: pubsub_io_context Event stats:


Global stats: 1015 total (117 active)
Queueing time: mean = 0.07ms, max = 4.68ms, min = 0.00ms, total = 69.47ms
Execution time:  mean = 55.70ms, total = 56537.25ms
Event stats:
	InternalPubSubGcsService.grpc_server.GcsSubscriberPoll.HandleRequestImpl - 246 total (0 active), Execution time: mean = 0.06ms, total = 14.26ms, Queueing time: mean = 0.15ms, max = 4.64ms, min = 0.01ms, total = 37.89ms
	InternalPubSubGcsService.grpc_server.GcsSubscriberPoll - 246 total (116 active), Execution time: mean = 229.29ms, total = 56406.03ms, Queueing time: mean = 0.00ms, max = -0.00ms, min = 9223372036854.78ms, total = 0.00ms
	InternalPubSubGcsService.grpc_server.GcsPublish - 138 total (0 active), Execution time: mean = 0.27ms, total = 36.78ms, Queueing time: mean = 0.00ms, max = -0.00ms, min = 9223372036854.78ms, total = 0.00ms
	InternalPubSubGcsService.grpc_server.GcsPublish.HandleRequestImpl - 138 total (0 active), Execution time: mean = 0.07ms, total = 9.18ms, Queueing time: mean = 0.02ms, max = 0.10ms, min = 0.01ms, total = 2.94ms
	InternalPubSubGcsService.grpc_server.GcsSubscriberCommandBatch - 118 total (0 active), Execution time: mean = 0.52ms, total = 61.00ms, Queueing time: mean = 0.00ms, max = -0.00ms, min = 9223372036854.78ms, total = 0.00ms
	InternalPubSubGcsService.grpc_server.GcsSubscriberCommandBatch.HandleRequestImpl - 118 total (0 active), Execution time: mean = 0.08ms, total = 9.56ms, Queueing time: mean = 0.24ms, max = 4.68ms, min = 0.00ms, total = 28.02ms
	event_loop_lag_probe - 8 total (0 active), Execution time: mean = 0.05ms, total = 0.41ms, Queueing time: mean = 0.07ms, max = 0.46ms, min = 0.01ms, total = 0.57ms
	RemoveSubscriberFrom - 1 total (0 active), Execution time: mean = 0.02ms, total = 0.02ms, Queueing time: mean = 0.03ms, max = 0.03ms, min = 0.03ms, total = 0.03ms
	Publisher.CheckDeadSubscribers - 1 total (1 active), Execution time: mean = 0.00ms, total = 0.00ms, Queueing time: mean = 0.00ms, max = -0.00ms, min = 9223372036854.78ms, total = 0.00ms
	PeriodicalRunner.RunFnPeriodically - 1 total (0 active), Execution time: mean = 0.02ms, total = 0.02ms, Queueing time: mean = 0.02ms, max = 0.02ms, min = 0.02ms, total = 0.02ms


[2026-01-08 10:25:51,470 I 233660 233660] (gcs_server) gcs_server.cc:961: ray_syncer_io_context Event stats:


Global stats: 20 total (0 active)
Queueing time: mean = 0.04ms, max = 0.54ms, min = 0.00ms, total = 0.83ms
Execution time:  mean = 0.07ms, total = 1.33ms
Event stats:
	event_loop_lag_probe - 8 total (0 active), Execution time: mean = 0.04ms, total = 0.34ms, Queueing time: mean = 0.08ms, max = 0.54ms, min = 0.00ms, total = 0.63ms
	RaySyncer.BroadcastMessage - 5 total (0 active), Execution time: mean = 0.03ms, total = 0.14ms, Queueing time: mean = 0.00ms, max = 0.00ms, min = 0.00ms, total = 0.00ms
	 - 5 total (0 active), Execution time: mean = 0.17ms, total = 0.85ms, Queueing time: mean = 0.03ms, max = 0.03ms, min = 0.02ms, total = 0.14ms
	RaySyncerRegister - 2 total (0 active), Execution time: mean = 0.00ms, total = 0.00ms, Queueing time: mean = 0.02ms, max = 0.03ms, min = 0.02ms, total = 0.05ms


[2026-01-08 10:25:51,470 I 233660 233660] (gcs_server) gcs_server.cc:961: ray_event_io_context Event stats:


Global stats: 8 total (0 active)
Queueing time: mean = 0.08ms, max = 0.58ms, min = 0.00ms, total = 0.66ms
Execution time:  mean = 0.05ms, total = 0.37ms
Event stats:
	event_loop_lag_probe - 8 total (0 active), Execution time: mean = 0.05ms, total = 0.37ms, Queueing time: mean = 0.08ms, max = 0.58ms, min = 0.00ms, total = 0.66ms


[2026-01-08 10:26:51,471 I 233660 233660] (gcs_server) gcs_server.cc:943: Gcs Debug state:

GcsNodeManager: 
- RegisterNode request count: 1
- DrainNode request count: 0
- GetAllNodeInfo request count: 230

GcsActorManager: 
- RegisterActor request count: 0
- CreateActor request count: 0
- GetActorInfo request count: 0
- GetNamedActorInfo request count: 0
- GetAllActorInfo request count: 0
- KillActor request count: 0
- ListNamedActors request count: 0
- Registered actors count: 0
- Destroyed actors count: 0
- Named actors count: 0
- Unresolved actors count: 0
- Pending actors count: 0
- Created actors count: 0
- owners_: 0
- actor_to_register_callbacks_: 0
- actor_to_restart_for_lineage_reconstruction_callbacks_: 0
- actor_to_create_callbacks_: 0
- sorted_destroyed_actor_list_: 0

GcsResourceManager: 
- GetAllAvailableResources request count: 0
- GetAllTotalResources request count: 0
- GetAllResourceUsage request count: 24

GcsPlacementGroupManager: 
- CreatePlacementGroup request count: 1
- RemovePlacementGroup request count: 0
- GetPlacementGroup request count: 1
- GetAllPlacementGroup request count: 0
- WaitPlacementGroupUntilReady request count: 0
- GetNamedPlacementGroup request count: 0
- Scheduling pending placement group count: 1
- Registered placement groups count: 1
- Named placement group count: 1
- Pending placement groups count: 0
- Infeasible placement groups count: 1

Publisher:
GCS_NODE_ADDRESS_AND_LIVENESS_CHANNEL
- cumulative published messages: 1
- cumulative published bytes: 90
- current buffered bytes: 0
GCS_NODE_INFO_CHANNEL
- cumulative published messages: 1
- cumulative published bytes: 507
- current buffered bytes: 0
RAY_LOG_CHANNEL
- cumulative published messages: 157
- cumulative published bytes: 70107
- current buffered bytes: 905
GCS_WORKER_DELTA_CHANNEL
- cumulative published messages: 1
- cumulative published bytes: 96
- current buffered bytes: 96
GCS_JOB_CHANNEL
- cumulative published messages: 1
- cumulative published bytes: 1991
- current buffered bytes: 1991

[runtime env manager] ID to URIs table:
[runtime env manager] URIs reference table:

GcsTaskManager: 
-Total num task events reported: 7
-Total num status task events dropped: 0
-Total num profile events dropped: 0
-Current num of task events stored: 3
-Total num of actor creation tasks: 0
-Total num of actor tasks: 0
-Total num of normal tasks: 2
-Total num of driver tasks: 1

GcsAutoscalerStateManager: 
- last_seen_autoscaler_state_version_: 0
- last_cluster_resource_state_version_: 24
- pending demands:
	{bundle_group_b8bc261295a4bcb9ee3af0013df301000000: 0.001, label_selectors: [{}, ]} * 1



[2026-01-08 10:26:51,472 I 233660 233660] (gcs_server) gcs_server.cc:957: Main service Event stats:


Global stats: 2969 total (5 active)
Queueing time: mean = 12.86ms, max = 1902.54ms, min = 0.00ms, total = 38175.27ms
Execution time:  mean = 1.64ms, total = 4873.89ms
Event stats:
	GcsInMemoryStore.Put - 330 total (0 active), Execution time: mean = 5.78ms, total = 1906.51ms, Queueing time: mean = 6.02ms, max = 1902.01ms, min = 0.01ms, total = 1986.01ms
	GcsInMemoryStore.Get - 271 total (0 active), Execution time: mean = 0.02ms, total = 6.32ms, Queueing time: mean = 0.26ms, max = 7.29ms, min = 0.01ms, total = 71.44ms
	InternalKVGcsService.grpc_server.InternalKVGet.HandleRequestImpl - 269 total (0 active), Execution time: mean = 0.13ms, total = 35.83ms, Queueing time: mean = 0.44ms, max = 7.40ms, min = 0.00ms, total = 117.08ms
	InternalKVGcsService.grpc_server.InternalKVGet - 269 total (0 active), Execution time: mean = 1.03ms, total = 277.77ms, Queueing time: mean = 0.00ms, max = -0.00ms, min = 9223372036854.78ms, total = 0.00ms
	RayletLoadPulled - 120 total (1 active), Execution time: mean = 0.20ms, total = 24.21ms, Queueing time: mean = 0.03ms, max = 0.10ms, min = 0.01ms, total = 3.49ms
	NodeManagerService.grpc_client.GetResourceLoad - 118 total (0 active), Execution time: mean = 1.56ms, total = 183.55ms, Queueing time: mean = 0.00ms, max = -0.00ms, min = 9223372036854.78ms, total = 0.00ms
	NodeManagerService.grpc_client.GetResourceLoad.OnReplyReceived - 118 total (0 active), Execution time: mean = 0.05ms, total = 6.06ms, Queueing time: mean = 0.03ms, max = 0.20ms, min = 0.01ms, total = 3.35ms
	NodeInfoGcsService.grpc_server.GetClusterId - 117 total (0 active), Execution time: mean = 0.63ms, total = 74.16ms, Queueing time: mean = 0.00ms, max = -0.00ms, min = 9223372036854.78ms, total = 0.00ms
	NodeInfoGcsService.grpc_server.GetClusterId.HandleRequestImpl - 117 total (0 active), Execution time: mean = 0.02ms, total = 2.30ms, Queueing time: mean = 0.40ms, max = 7.41ms, min = 0.01ms, total = 46.23ms
	NodeInfoGcsService.grpc_server.GetAllNodeAddressAndLiveness - 115 total (0 active), Execution time: mean = 1.10ms, total = 126.25ms, Queueing time: mean = 0.00ms, max = -0.00ms, min = 9223372036854.78ms, total = 0.00ms
	NodeInfoGcsService.grpc_server.GetAllNodeInfo.HandleRequestImpl - 115 total (0 active), Execution time: mean = 0.02ms, total = 2.61ms, Queueing time: mean = 0.17ms, max = 7.36ms, min = 0.01ms, total = 19.61ms
	NodeInfoGcsService.grpc_server.GetAllNodeInfo - 115 total (0 active), Execution time: mean = 0.42ms, total = 48.29ms, Queueing time: mean = 0.00ms, max = -0.00ms, min = 9223372036854.78ms, total = 0.00ms
	NodeInfoGcsService.grpc_server.GetAllNodeAddressAndLiveness.HandleRequestImpl - 115 total (0 active), Execution time: mean = 0.02ms, total = 2.81ms, Queueing time: mean = 0.90ms, max = 6.18ms, min = 0.00ms, total = 103.12ms
	WorkerInfoGcsService.grpc_server.AddWorkerInfo.HandleRequestImpl - 114 total (0 active), Execution time: mean = 0.04ms, total = 4.17ms, Queueing time: mean = 0.77ms, max = 7.43ms, min = 0.01ms, total = 88.26ms
	WorkerInfoGcsService.grpc_server.AddWorkerInfo - 114 total (0 active), Execution time: mean = 1.58ms, total = 180.24ms, Queueing time: mean = 0.00ms, max = -0.00ms, min = 9223372036854.78ms, total = 0.00ms
	InternalKVGcsService.grpc_server.InternalKVPut.HandleRequestImpl - 65 total (0 active), Execution time: mean = 0.07ms, total = 4.87ms, Queueing time: mean = 0.02ms, max = 0.03ms, min = 0.01ms, total = 1.18ms
	InternalKVGcsService.grpc_server.InternalKVPut - 65 total (0 active), Execution time: mean = 0.34ms, total = 21.93ms, Queueing time: mean = 0.00ms, max = -0.00ms, min = 9223372036854.78ms, total = 0.00ms
	ClusterResourceManager.ResetRemoteNodeView - 40 total (1 active), Execution time: mean = 0.01ms, total = 0.37ms, Queueing time: mean = 0.08ms, max = 1.78ms, min = 0.01ms, total = 3.04ms
	HealthCheck - 38 total (0 active), Execution time: mean = 0.01ms, total = 0.29ms, Queueing time: mean = 0.03ms, max = 0.04ms, min = 0.02ms, total = 0.96ms
	ReporterService.grpc_client.HealthCheck - 31 total (0 active), Execution time: mean = 0.29ms, total = 8.89ms, Queueing time: mean = 0.00ms, max = -0.00ms, min = 9223372036854.78ms, total = 0.00ms
	ReporterService.grpc_client.HealthCheck.OnReplyReceived - 31 total (0 active), Execution time: mean = 0.06ms, total = 1.99ms, Queueing time: mean = 61.30ms, max = 1899.64ms, min = 0.02ms, total = 1900.45ms
	MetricsAgentClient.WaitForServerReadyWithRetry - 30 total (0 active), Execution time: mean = 0.17ms, total = 5.07ms, Queueing time: mean = 1000.04ms, max = 1000.25ms, min = 1000.01ms, total = 30001.20ms
	NodeInfoGcsService.grpc_server.CheckAlive - 26 total (0 active), Execution time: mean = 0.31ms, total = 7.98ms, Queueing time: mean = 0.00ms, max = -0.00ms, min = 9223372036854.78ms, total = 0.00ms
	NodeInfoGcsService.grpc_server.CheckAlive.HandleRequestImpl - 26 total (0 active), Execution time: mean = 0.02ms, total = 0.47ms, Queueing time: mean = 0.03ms, max = 0.04ms, min = 0.01ms, total = 0.77ms
	NodeResourceInfoGcsService.grpc_server.GetAllResourceUsage.HandleRequestImpl - 24 total (0 active), Execution time: mean = 0.10ms, total = 2.48ms, Queueing time: mean = 0.03ms, max = 0.04ms, min = 0.01ms, total = 0.70ms
	GCSServer.deadline_timer.metrics_report - 24 total (1 active), Execution time: mean = 0.23ms, total = 5.61ms, Queueing time: mean = 0.03ms, max = 0.04ms, min = 0.01ms, total = 0.62ms
	AutoscalerStateService.grpc_server.GetClusterResourceState - 24 total (0 active), Execution time: mean = 0.34ms, total = 8.25ms, Queueing time: mean = 0.00ms, max = -0.00ms, min = 9223372036854.78ms, total = 0.00ms
	NodeResourceInfoGcsService.grpc_server.GetAllResourceUsage - 24 total (0 active), Execution time: mean = 0.46ms, total = 10.97ms, Queueing time: mean = 0.00ms, max = -0.00ms, min = 9223372036854.78ms, total = 0.00ms
	AutoscalerStateService.grpc_server.GetClusterResourceState.HandleRequestImpl - 24 total (0 active), Execution time: mean = 0.07ms, total = 1.68ms, Queueing time: mean = 0.02ms, max = 0.03ms, min = 0.01ms, total = 0.48ms
	event_loop_lag_probe - 14 total (0 active), Execution time: mean = 0.01ms, total = 0.17ms, Queueing time: mean = 1.06ms, max = 14.57ms, min = 0.00ms, total = 14.80ms
	GCSServer.deadline_timer.gcs_global_gc - 12 total (1 active), Execution time: mean = 0.01ms, total = 0.09ms, Queueing time: mean = 0.18ms, max = 1.45ms, min = 0.01ms, total = 2.16ms
	GcsInMemoryStore.GetAll - 6 total (0 active), Execution time: mean = 0.01ms, total = 0.08ms, Queueing time: mean = 0.07ms, max = 0.09ms, min = 0.01ms, total = 0.44ms
	PeriodicalRunner.RunFnPeriodically - 5 total (0 active), Execution time: mean = 0.10ms, total = 0.51ms, Queueing time: mean = 761.87ms, max = 1902.54ms, min = 1.22ms, total = 3809.34ms
	GcsResourceManager::Update - 5 total (0 active), Execution time: mean = 0.06ms, total = 0.29ms, Queueing time: mean = 0.01ms, max = 0.01ms, min = 0.01ms, total = 0.05ms
	GcsHealthCheckManager::MarkNodeHealthy - 5 total (0 active), Execution time: mean = 0.00ms, total = 0.01ms, Queueing time: mean = 0.02ms, max = 0.03ms, min = 0.01ms, total = 0.09ms
	InternalKVGcsService.grpc_server.InternalKVExists - 2 total (0 active), Execution time: mean = 0.30ms, total = 0.61ms, Queueing time: mean = 0.00ms, max = -0.00ms, min = 9223372036854.78ms, total = 0.00ms
	GcsInMemoryStore.Exists - 2 total (0 active), Execution time: mean = 0.02ms, total = 0.03ms, Queueing time: mean = 0.02ms, max = 0.02ms, min = 0.01ms, total = 0.03ms
	InternalKVGcsService.grpc_server.InternalKVExists.HandleRequestImpl - 2 total (0 active), Execution time: mean = 0.09ms, total = 0.18ms, Queueing time: mean = 0.02ms, max = 0.02ms, min = 0.02ms, total = 0.04ms
	GCSServer.deadline_timer.debug_state_event_stats_print - 2 total (1 active, 1 running), Execution time: mean = 0.98ms, total = 1.96ms, Queueing time: mean = 0.02ms, max = 0.05ms, min = 0.05ms, total = 0.05ms
	NodeInfoGcsService.grpc_server.RegisterNode - 1 total (0 active), Execution time: mean = 0.38ms, total = 0.38ms, Queueing time: mean = 0.00ms, max = -0.00ms, min = 9223372036854.78ms, total = 0.00ms
	JobInfoGcsService.grpc_server.AddJob.HandleRequestImpl - 1 total (0 active), Execution time: mean = 0.11ms, total = 0.11ms, Queueing time: mean = 0.03ms, max = 0.03ms, min = 0.03ms, total = 0.03ms
	GcsInMemoryStore.GetNextJobID - 1 total (0 active), Execution time: mean = 0.00ms, total = 0.00ms, Queueing time: mean = 0.01ms, max = 0.01ms, min = 0.01ms, total = 0.01ms
	PlacementGroupInfoGcsService.grpc_server.CreatePlacementGroup.HandleRequestImpl - 1 total (0 active), Execution time: mean = 0.21ms, total = 0.21ms, Queueing time: mean = 0.03ms, max = 0.03ms, min = 0.03ms, total = 0.03ms
	GcsInMemoryStore.Delete - 1 total (0 active), Execution time: mean = 0.02ms, total = 0.02ms, Queueing time: mean = 0.02ms, max = 0.02ms, min = 0.02ms, total = 0.02ms
	GcsInitData::AsyncLoad - 1 total (0 active), Execution time: mean = 0.01ms, total = 0.01ms, Queueing time: mean = 0.00ms, max = 0.00ms, min = 0.00ms, total = 0.00ms
	JobInfoGcsService.grpc_server.GetAllJobInfo - 1 total (0 active), Execution time: mean = 0.26ms, total = 0.26ms, Queueing time: mean = 0.00ms, max = -0.00ms, min = 9223372036854.78ms, total = 0.00ms
	PlacementGroupInfoGcsService.grpc_server.CreatePlacementGroup - 1 total (0 active), Execution time: mean = 0.60ms, total = 0.60ms, Queueing time: mean = 0.00ms, max = -0.00ms, min = 9223372036854.78ms, total = 0.00ms
	JobInfoGcsService.grpc_server.AddJob - 1 total (0 active), Execution time: mean = 0.48ms, total = 0.48ms, Queueing time: mean = 0.00ms, max = -0.00ms, min = 9223372036854.78ms, total = 0.00ms
	NodeManager.AddNodeCallback - 1 total (0 active), Execution time: mean = 0.21ms, total = 0.21ms, Queueing time: mean = 0.04ms, max = 0.04ms, min = 0.04ms, total = 0.04ms
	InternalKVGcsService.grpc_server.GetInternalConfig - 1 total (0 active), Execution time: mean = 0.50ms, total = 0.50ms, Queueing time: mean = 0.00ms, max = -0.00ms, min = 9223372036854.78ms, total = 0.00ms
	JobInfoGcsService.grpc_server.GetNextJobID - 1 total (0 active), Execution time: mean = 0.20ms, total = 0.20ms, Queueing time: mean = 0.00ms, max = -0.00ms, min = 9223372036854.78ms, total = 0.00ms
	InternalKVGcsService.grpc_server.InternalKVDel.HandleRequestImpl - 1 total (0 active), Execution time: mean = 0.09ms, total = 0.09ms, Queueing time: mean = 0.02ms, max = 0.02ms, min = 0.02ms, total = 0.02ms
	PlacementGroupInfoGcsService.grpc_server.GetPlacementGroup - 1 total (0 active), Execution time: mean = 0.22ms, total = 0.22ms, Queueing time: mean = 0.00ms, max = -0.00ms, min = 9223372036854.78ms, total = 0.00ms
	WorkerInfoGcsService.grpc_server.ReportWorkerFailure.HandleRequestImpl - 1 total (0 active), Execution time: mean = 0.06ms, total = 0.06ms, Queueing time: mean = 0.03ms, max = 0.03ms, min = 0.03ms, total = 0.03ms
	JobInfoGcsService.grpc_server.GetNextJobID.HandleRequestImpl - 1 total (0 active), Execution time: mean = 0.01ms, total = 0.01ms, Queueing time: mean = 0.01ms, max = 0.01ms, min = 0.01ms, total = 0.01ms
	NodeInfoGcsService.grpc_server.RegisterNode.HandleRequestImpl - 1 total (0 active), Execution time: mean = 0.07ms, total = 0.07ms, Queueing time: mean = 0.02ms, max = 0.02ms, min = 0.02ms, total = 0.02ms
	InternalKVGcsService.grpc_server.InternalKVDel - 1 total (0 active), Execution time: mean = 0.41ms, total = 0.41ms, Queueing time: mean = 0.00ms, max = -0.00ms, min = 9223372036854.78ms, total = 0.00ms
	GcsHealthCheckManager::AddNode - 1 total (0 active), Execution time: mean = 0.01ms, total = 0.01ms, Queueing time: mean = 0.00ms, max = 0.00ms, min = 0.00ms, total = 0.00ms
	GcsServer.GetOrGenerateClusterId.continuation - 1 total (0 active), Execution time: mean = 1901.42ms, total = 1901.42ms, Queueing time: mean = 0.00ms, max = 0.00ms, min = 0.00ms, total = 0.00ms
	InternalKVGcsService.grpc_server.GetInternalConfig.HandleRequestImpl - 1 total (0 active), Execution time: mean = 0.09ms, total = 0.09ms, Queueing time: mean = 0.03ms, max = 0.03ms, min = 0.03ms, total = 0.03ms
	PlacementGroupInfoGcsService.grpc_server.GetPlacementGroup.HandleRequestImpl - 1 total (0 active), Execution time: mean = 0.04ms, total = 0.04ms, Queueing time: mean = 0.02ms, max = 0.02ms, min = 0.02ms, total = 0.02ms
	JobInfoGcsService.grpc_server.GetAllJobInfo.HandleRequestImpl - 1 total (0 active), Execution time: mean = 0.02ms, total = 0.02ms, Queueing time: mean = 0.01ms, max = 0.01ms, min = 0.01ms, total = 0.01ms
	WorkerInfoGcsService.grpc_server.ReportWorkerFailure - 1 total (0 active), Execution time: mean = 2.59ms, total = 2.59ms, Queueing time: mean = 0.00ms, max = -0.00ms, min = 9223372036854.78ms, total = 0.00ms
	GcsPlacementGroupManager.SchedulePendingPlacementGroups - 1 total (0 active), Execution time: mean = 0.00ms, total = 0.00ms, Queueing time: mean = 0.03ms, max = 0.03ms, min = 0.03ms, total = 0.03ms


[2026-01-08 10:26:51,472 I 233660 233660] (gcs_server) gcs_server.cc:961: task_io_context Event stats:


Global stats: 26636 total (1 active)
Queueing time: mean = 0.01ms, max = 1.01ms, min = 0.00ms, total = 324.81ms
Execution time:  mean = 0.14ms, total = 3601.33ms
Event stats:
	TaskInfoGcsService.grpc_server.AddTaskEventData - 13298 total (0 active), Execution time: mean = 0.26ms, total = 3461.41ms, Queueing time: mean = 0.00ms, max = -0.00ms, min = 9223372036854.78ms, total = 0.00ms
	TaskInfoGcsService.grpc_server.AddTaskEventData.HandleRequestImpl - 13298 total (0 active), Execution time: mean = 0.01ms, total = 139.20ms, Queueing time: mean = 0.02ms, max = 1.01ms, min = 0.01ms, total = 323.47ms
	GcsTaskManager.GcJobSummary - 25 total (1 active), Execution time: mean = 0.01ms, total = 0.22ms, Queueing time: mean = 0.03ms, max = 0.08ms, min = 0.02ms, total = 0.74ms
	event_loop_lag_probe - 14 total (0 active), Execution time: mean = 0.03ms, total = 0.49ms, Queueing time: mean = 0.04ms, max = 0.44ms, min = 0.00ms, total = 0.59ms
	PeriodicalRunner.RunFnPeriodically - 1 total (0 active), Execution time: mean = 0.01ms, total = 0.01ms, Queueing time: mean = 0.02ms, max = 0.02ms, min = 0.02ms, total = 0.02ms


[2026-01-08 10:26:51,473 I 233660 233660] (gcs_server) gcs_server.cc:961: pubsub_io_context Event stats:


Global stats: 1097 total (117 active)
Queueing time: mean = 0.06ms, max = 4.68ms, min = 0.00ms, total = 70.49ms
Execution time:  mean = 106.34ms, total = 116659.85ms
Event stats:
	InternalPubSubGcsService.grpc_server.GcsSubscriberPoll.HandleRequestImpl - 265 total (0 active), Execution time: mean = 0.06ms, total = 15.56ms, Queueing time: mean = 0.14ms, max = 4.64ms, min = 0.01ms, total = 38.29ms
	InternalPubSubGcsService.grpc_server.GcsSubscriberPoll - 265 total (116 active), Execution time: mean = 439.69ms, total = 116517.36ms, Queueing time: mean = 0.00ms, max = -0.00ms, min = 9223372036854.78ms, total = 0.00ms
	InternalPubSubGcsService.grpc_server.GcsPublish - 157 total (0 active), Execution time: mean = 0.28ms, total = 44.22ms, Queueing time: mean = 0.00ms, max = -0.00ms, min = 9223372036854.78ms, total = 0.00ms
	InternalPubSubGcsService.grpc_server.GcsPublish.HandleRequestImpl - 157 total (0 active), Execution time: mean = 0.07ms, total = 11.58ms, Queueing time: mean = 0.02ms, max = 0.10ms, min = 0.01ms, total = 3.50ms
	InternalPubSubGcsService.grpc_server.GcsSubscriberCommandBatch - 118 total (0 active), Execution time: mean = 0.52ms, total = 61.00ms, Queueing time: mean = 0.00ms, max = -0.00ms, min = 9223372036854.78ms, total = 0.00ms
	InternalPubSubGcsService.grpc_server.GcsSubscriberCommandBatch.HandleRequestImpl - 118 total (0 active), Execution time: mean = 0.08ms, total = 9.56ms, Queueing time: mean = 0.24ms, max = 4.68ms, min = 0.00ms, total = 28.02ms
	event_loop_lag_probe - 14 total (0 active), Execution time: mean = 0.04ms, total = 0.53ms, Queueing time: mean = 0.04ms, max = 0.46ms, min = 0.01ms, total = 0.62ms
	RemoveSubscriberFrom - 1 total (0 active), Execution time: mean = 0.02ms, total = 0.02ms, Queueing time: mean = 0.03ms, max = 0.03ms, min = 0.03ms, total = 0.03ms
	Publisher.CheckDeadSubscribers - 1 total (1 active), Execution time: mean = 0.00ms, total = 0.00ms, Queueing time: mean = 0.00ms, max = -0.00ms, min = 9223372036854.78ms, total = 0.00ms
	PeriodicalRunner.RunFnPeriodically - 1 total (0 active), Execution time: mean = 0.02ms, total = 0.02ms, Queueing time: mean = 0.02ms, max = 0.02ms, min = 0.02ms, total = 0.02ms


[2026-01-08 10:26:51,473 I 233660 233660] (gcs_server) gcs_server.cc:961: ray_syncer_io_context Event stats:


Global stats: 26 total (0 active)
Queueing time: mean = 0.03ms, max = 0.54ms, min = 0.00ms, total = 0.87ms
Execution time:  mean = 0.06ms, total = 1.43ms
Event stats:
	event_loop_lag_probe - 14 total (0 active), Execution time: mean = 0.03ms, total = 0.44ms, Queueing time: mean = 0.05ms, max = 0.54ms, min = 0.00ms, total = 0.68ms
	RaySyncer.BroadcastMessage - 5 total (0 active), Execution time: mean = 0.03ms, total = 0.14ms, Queueing time: mean = 0.00ms, max = 0.00ms, min = 0.00ms, total = 0.00ms
	 - 5 total (0 active), Execution time: mean = 0.17ms, total = 0.85ms, Queueing time: mean = 0.03ms, max = 0.03ms, min = 0.02ms, total = 0.14ms
	RaySyncerRegister - 2 total (0 active), Execution time: mean = 0.00ms, total = 0.00ms, Queueing time: mean = 0.02ms, max = 0.03ms, min = 0.02ms, total = 0.05ms


[2026-01-08 10:26:51,473 I 233660 233660] (gcs_server) gcs_server.cc:961: ray_event_io_context Event stats:


Global stats: 14 total (0 active)
Queueing time: mean = 0.05ms, max = 0.58ms, min = 0.00ms, total = 0.71ms
Execution time:  mean = 0.03ms, total = 0.45ms
Event stats:
	event_loop_lag_probe - 14 total (0 active), Execution time: mean = 0.03ms, total = 0.45ms, Queueing time: mean = 0.05ms, max = 0.58ms, min = 0.00ms, total = 0.71ms


[2026-01-08 10:27:51,473 I 233660 233660] (gcs_server) gcs_server.cc:943: Gcs Debug state:

GcsNodeManager: 
- RegisterNode request count: 1
- DrainNode request count: 0
- GetAllNodeInfo request count: 230

GcsActorManager: 
- RegisterActor request count: 0
- CreateActor request count: 0
- GetActorInfo request count: 0
- GetNamedActorInfo request count: 0
- GetAllActorInfo request count: 0
- KillActor request count: 0
- ListNamedActors request count: 0
- Registered actors count: 0
- Destroyed actors count: 0
- Named actors count: 0
- Unresolved actors count: 0
- Pending actors count: 0
- Created actors count: 0
- owners_: 0
- actor_to_register_callbacks_: 0
- actor_to_restart_for_lineage_reconstruction_callbacks_: 0
- actor_to_create_callbacks_: 0
- sorted_destroyed_actor_list_: 0

GcsResourceManager: 
- GetAllAvailableResources request count: 0
- GetAllTotalResources request count: 0
- GetAllResourceUsage request count: 36

GcsPlacementGroupManager: 
- CreatePlacementGroup request count: 1
- RemovePlacementGroup request count: 0
- GetPlacementGroup request count: 1
- GetAllPlacementGroup request count: 0
- WaitPlacementGroupUntilReady request count: 0
- GetNamedPlacementGroup request count: 0
- Scheduling pending placement group count: 1
- Registered placement groups count: 1
- Named placement group count: 1
- Pending placement groups count: 0
- Infeasible placement groups count: 1

Publisher:
GCS_NODE_ADDRESS_AND_LIVENESS_CHANNEL
- cumulative published messages: 1
- cumulative published bytes: 90
- current buffered bytes: 0
GCS_NODE_INFO_CHANNEL
- cumulative published messages: 1
- cumulative published bytes: 507
- current buffered bytes: 0
RAY_LOG_CHANNEL
- cumulative published messages: 175
- cumulative published bytes: 83202
- current buffered bytes: 905
GCS_WORKER_DELTA_CHANNEL
- cumulative published messages: 1
- cumulative published bytes: 96
- current buffered bytes: 96
GCS_JOB_CHANNEL
- cumulative published messages: 1
- cumulative published bytes: 1991
- current buffered bytes: 1991

[runtime env manager] ID to URIs table:
[runtime env manager] URIs reference table:

GcsTaskManager: 
-Total num task events reported: 7
-Total num status task events dropped: 0
-Total num profile events dropped: 0
-Current num of task events stored: 3
-Total num of actor creation tasks: 0
-Total num of actor tasks: 0
-Total num of normal tasks: 2
-Total num of driver tasks: 1

GcsAutoscalerStateManager: 
- last_seen_autoscaler_state_version_: 0
- last_cluster_resource_state_version_: 36
- pending demands:
	{bundle_group_b8bc261295a4bcb9ee3af0013df301000000: 0.001, label_selectors: [{}, ]} * 1



[2026-01-08 10:27:51,474 I 233660 233660] (gcs_server) gcs_server.cc:957: Main service Event stats:


Global stats: 3468 total (5 active)
Queueing time: mean = 11.01ms, max = 1902.54ms, min = 0.00ms, total = 38197.68ms
Execution time:  mean = 1.44ms, total = 4984.69ms
Event stats:
	GcsInMemoryStore.Put - 426 total (0 active), Execution time: mean = 4.48ms, total = 1907.32ms, Queueing time: mean = 4.69ms, max = 1902.01ms, min = 0.01ms, total = 1997.10ms
	GcsInMemoryStore.Get - 283 total (0 active), Execution time: mean = 0.02ms, total = 6.62ms, Queueing time: mean = 0.25ms, max = 7.29ms, min = 0.01ms, total = 71.73ms
	InternalKVGcsService.grpc_server.InternalKVGet.HandleRequestImpl - 281 total (0 active), Execution time: mean = 0.13ms, total = 37.09ms, Queueing time: mean = 0.42ms, max = 7.40ms, min = 0.00ms, total = 117.29ms
	InternalKVGcsService.grpc_server.InternalKVGet - 281 total (0 active), Execution time: mean = 1.00ms, total = 282.24ms, Queueing time: mean = 0.00ms, max = -0.00ms, min = 9223372036854.78ms, total = 0.00ms
	RayletLoadPulled - 180 total (1 active), Execution time: mean = 0.20ms, total = 36.58ms, Queueing time: mean = 0.03ms, max = 0.10ms, min = 0.01ms, total = 5.39ms
	NodeManagerService.grpc_client.GetResourceLoad - 178 total (0 active), Execution time: mean = 1.35ms, total = 239.61ms, Queueing time: mean = 0.00ms, max = -0.00ms, min = 9223372036854.78ms, total = 0.00ms
	NodeManagerService.grpc_client.GetResourceLoad.OnReplyReceived - 178 total (0 active), Execution time: mean = 0.05ms, total = 9.53ms, Queueing time: mean = 0.03ms, max = 0.20ms, min = 0.01ms, total = 5.03ms
	NodeInfoGcsService.grpc_server.GetClusterId - 117 total (0 active), Execution time: mean = 0.63ms, total = 74.16ms, Queueing time: mean = 0.00ms, max = -0.00ms, min = 9223372036854.78ms, total = 0.00ms
	NodeInfoGcsService.grpc_server.GetClusterId.HandleRequestImpl - 117 total (0 active), Execution time: mean = 0.02ms, total = 2.30ms, Queueing time: mean = 0.40ms, max = 7.41ms, min = 0.01ms, total = 46.23ms
	NodeInfoGcsService.grpc_server.GetAllNodeInfo - 115 total (0 active), Execution time: mean = 0.42ms, total = 48.29ms, Queueing time: mean = 0.00ms, max = -0.00ms, min = 9223372036854.78ms, total = 0.00ms
	NodeInfoGcsService.grpc_server.GetAllNodeAddressAndLiveness - 115 total (0 active), Execution time: mean = 1.10ms, total = 126.25ms, Queueing time: mean = 0.00ms, max = -0.00ms, min = 9223372036854.78ms, total = 0.00ms
	NodeInfoGcsService.grpc_server.GetAllNodeAddressAndLiveness.HandleRequestImpl - 115 total (0 active), Execution time: mean = 0.02ms, total = 2.81ms, Queueing time: mean = 0.90ms, max = 6.18ms, min = 0.00ms, total = 103.12ms
	NodeInfoGcsService.grpc_server.GetAllNodeInfo.HandleRequestImpl - 115 total (0 active), Execution time: mean = 0.02ms, total = 2.61ms, Queueing time: mean = 0.17ms, max = 7.36ms, min = 0.01ms, total = 19.61ms
	WorkerInfoGcsService.grpc_server.AddWorkerInfo.HandleRequestImpl - 114 total (0 active), Execution time: mean = 0.04ms, total = 4.17ms, Queueing time: mean = 0.77ms, max = 7.43ms, min = 0.01ms, total = 88.26ms
	WorkerInfoGcsService.grpc_server.AddWorkerInfo - 114 total (0 active), Execution time: mean = 1.58ms, total = 180.24ms, Queueing time: mean = 0.00ms, max = -0.00ms, min = 9223372036854.78ms, total = 0.00ms
	InternalKVGcsService.grpc_server.InternalKVPut.HandleRequestImpl - 89 total (0 active), Execution time: mean = 0.08ms, total = 6.88ms, Queueing time: mean = 0.02ms, max = 0.03ms, min = 0.01ms, total = 1.65ms
	InternalKVGcsService.grpc_server.InternalKVPut - 89 total (0 active), Execution time: mean = 0.33ms, total = 29.80ms, Queueing time: mean = 0.00ms, max = -0.00ms, min = 9223372036854.78ms, total = 0.00ms
	ClusterResourceManager.ResetRemoteNodeView - 60 total (1 active), Execution time: mean = 0.01ms, total = 0.57ms, Queueing time: mean = 0.09ms, max = 1.82ms, min = 0.01ms, total = 5.47ms
	HealthCheck - 58 total (0 active), Execution time: mean = 0.01ms, total = 0.45ms, Queueing time: mean = 0.02ms, max = 0.04ms, min = 0.02ms, total = 1.45ms
	NodeInfoGcsService.grpc_server.CheckAlive.HandleRequestImpl - 39 total (0 active), Execution time: mean = 0.02ms, total = 0.74ms, Queueing time: mean = 0.03ms, max = 0.05ms, min = 0.01ms, total = 1.18ms
	NodeInfoGcsService.grpc_server.CheckAlive - 39 total (0 active), Execution time: mean = 0.33ms, total = 12.69ms, Queueing time: mean = 0.00ms, max = -0.00ms, min = 9223372036854.78ms, total = 0.00ms
	AutoscalerStateService.grpc_server.GetClusterResourceState.HandleRequestImpl - 36 total (0 active), Execution time: mean = 0.07ms, total = 2.56ms, Queueing time: mean = 0.02ms, max = 0.03ms, min = 0.01ms, total = 0.69ms
	NodeResourceInfoGcsService.grpc_server.GetAllResourceUsage.HandleRequestImpl - 36 total (0 active), Execution time: mean = 0.10ms, total = 3.70ms, Queueing time: mean = 0.03ms, max = 0.04ms, min = 0.01ms, total = 1.05ms
	AutoscalerStateService.grpc_server.GetClusterResourceState - 36 total (0 active), Execution time: mean = 0.33ms, total = 12.03ms, Queueing time: mean = 0.00ms, max = -0.00ms, min = 9223372036854.78ms, total = 0.00ms
	NodeResourceInfoGcsService.grpc_server.GetAllResourceUsage - 36 total (0 active), Execution time: mean = 0.45ms, total = 16.23ms, Queueing time: mean = 0.00ms, max = -0.00ms, min = 9223372036854.78ms, total = 0.00ms
	GCSServer.deadline_timer.metrics_report - 36 total (1 active), Execution time: mean = 0.24ms, total = 8.66ms, Queueing time: mean = 0.03ms, max = 0.04ms, min = 0.01ms, total = 0.92ms
	ReporterService.grpc_client.HealthCheck - 31 total (0 active), Execution time: mean = 0.29ms, total = 8.89ms, Queueing time: mean = 0.00ms, max = -0.00ms, min = 9223372036854.78ms, total = 0.00ms
	ReporterService.grpc_client.HealthCheck.OnReplyReceived - 31 total (0 active), Execution time: mean = 0.06ms, total = 1.99ms, Queueing time: mean = 61.30ms, max = 1899.64ms, min = 0.02ms, total = 1900.45ms
	MetricsAgentClient.WaitForServerReadyWithRetry - 30 total (0 active), Execution time: mean = 0.17ms, total = 5.07ms, Queueing time: mean = 1000.04ms, max = 1000.25ms, min = 1000.01ms, total = 30001.20ms
	event_loop_lag_probe - 20 total (0 active), Execution time: mean = 0.01ms, total = 0.26ms, Queueing time: mean = 0.74ms, max = 14.57ms, min = 0.00ms, total = 14.84ms
	GCSServer.deadline_timer.gcs_global_gc - 18 total (1 active), Execution time: mean = 0.01ms, total = 0.14ms, Queueing time: mean = 0.26ms, max = 2.34ms, min = 0.01ms, total = 4.66ms
	GcsInMemoryStore.GetAll - 6 total (0 active), Execution time: mean = 0.01ms, total = 0.08ms, Queueing time: mean = 0.07ms, max = 0.09ms, min = 0.01ms, total = 0.44ms
	GcsResourceManager::Update - 5 total (0 active), Execution time: mean = 0.06ms, total = 0.29ms, Queueing time: mean = 0.01ms, max = 0.01ms, min = 0.01ms, total = 0.05ms
	GcsHealthCheckManager::MarkNodeHealthy - 5 total (0 active), Execution time: mean = 0.00ms, total = 0.01ms, Queueing time: mean = 0.02ms, max = 0.03ms, min = 0.01ms, total = 0.09ms
	PeriodicalRunner.RunFnPeriodically - 5 total (0 active), Execution time: mean = 0.10ms, total = 0.51ms, Queueing time: mean = 761.87ms, max = 1902.54ms, min = 1.22ms, total = 3809.34ms
	GCSServer.deadline_timer.debug_state_event_stats_print - 3 total (1 active, 1 running), Execution time: mean = 1.49ms, total = 4.46ms, Queueing time: mean = 0.03ms, max = 0.05ms, min = 0.04ms, total = 0.09ms
	GcsInMemoryStore.Exists - 2 total (0 active), Execution time: mean = 0.02ms, total = 0.03ms, Queueing time: mean = 0.02ms, max = 0.02ms, min = 0.01ms, total = 0.03ms
	InternalKVGcsService.grpc_server.InternalKVExists.HandleRequestImpl - 2 total (0 active), Execution time: mean = 0.09ms, total = 0.18ms, Queueing time: mean = 0.02ms, max = 0.02ms, min = 0.02ms, total = 0.04ms
	InternalKVGcsService.grpc_server.InternalKVExists - 2 total (0 active), Execution time: mean = 0.30ms, total = 0.61ms, Queueing time: mean = 0.00ms, max = -0.00ms, min = 9223372036854.78ms, total = 0.00ms
	InternalKVGcsService.grpc_server.InternalKVDel.HandleRequestImpl - 1 total (0 active), Execution time: mean = 0.09ms, total = 0.09ms, Queueing time: mean = 0.02ms, max = 0.02ms, min = 0.02ms, total = 0.02ms
	JobInfoGcsService.grpc_server.AddJob.HandleRequestImpl - 1 total (0 active), Execution time: mean = 0.11ms, total = 0.11ms, Queueing time: mean = 0.03ms, max = 0.03ms, min = 0.03ms, total = 0.03ms
	WorkerInfoGcsService.grpc_server.ReportWorkerFailure.HandleRequestImpl - 1 total (0 active), Execution time: mean = 0.06ms, total = 0.06ms, Queueing time: mean = 0.03ms, max = 0.03ms, min = 0.03ms, total = 0.03ms
	JobInfoGcsService.grpc_server.GetNextJobID - 1 total (0 active), Execution time: mean = 0.20ms, total = 0.20ms, Queueing time: mean = 0.00ms, max = -0.00ms, min = 9223372036854.78ms, total = 0.00ms
	InternalKVGcsService.grpc_server.GetInternalConfig - 1 total (0 active), Execution time: mean = 0.50ms, total = 0.50ms, Queueing time: mean = 0.00ms, max = -0.00ms, min = 9223372036854.78ms, total = 0.00ms
	NodeManager.AddNodeCallback - 1 total (0 active), Execution time: mean = 0.21ms, total = 0.21ms, Queueing time: mean = 0.04ms, max = 0.04ms, min = 0.04ms, total = 0.04ms
	JobInfoGcsService.grpc_server.GetAllJobInfo - 1 total (0 active), Execution time: mean = 0.26ms, total = 0.26ms, Queueing time: mean = 0.00ms, max = -0.00ms, min = 9223372036854.78ms, total = 0.00ms
	GcsInitData::AsyncLoad - 1 total (0 active), Execution time: mean = 0.01ms, total = 0.01ms, Queueing time: mean = 0.00ms, max = 0.00ms, min = 0.00ms, total = 0.00ms
	PlacementGroupInfoGcsService.grpc_server.CreatePlacementGroup.HandleRequestImpl - 1 total (0 active), Execution time: mean = 0.21ms, total = 0.21ms, Queueing time: mean = 0.03ms, max = 0.03ms, min = 0.03ms, total = 0.03ms
	JobInfoGcsService.grpc_server.AddJob - 1 total (0 active), Execution time: mean = 0.48ms, total = 0.48ms, Queueing time: mean = 0.00ms, max = -0.00ms, min = 9223372036854.78ms, total = 0.00ms
	JobInfoGcsService.grpc_server.GetNextJobID.HandleRequestImpl - 1 total (0 active), Execution time: mean = 0.01ms, total = 0.01ms, Queueing time: mean = 0.01ms, max = 0.01ms, min = 0.01ms, total = 0.01ms
	NodeInfoGcsService.grpc_server.RegisterNode.HandleRequestImpl - 1 total (0 active), Execution time: mean = 0.07ms, total = 0.07ms, Queueing time: mean = 0.02ms, max = 0.02ms, min = 0.02ms, total = 0.02ms
	GcsHealthCheckManager::AddNode - 1 total (0 active), Execution time: mean = 0.01ms, total = 0.01ms, Queueing time: mean = 0.00ms, max = 0.00ms, min = 0.00ms, total = 0.00ms
	PlacementGroupInfoGcsService.grpc_server.GetPlacementGroup.HandleRequestImpl - 1 total (0 active), Execution time: mean = 0.04ms, total = 0.04ms, Queueing time: mean = 0.02ms, max = 0.02ms, min = 0.02ms, total = 0.02ms
	GcsInMemoryStore.Delete - 1 total (0 active), Execution time: mean = 0.02ms, total = 0.02ms, Queueing time: mean = 0.02ms, max = 0.02ms, min = 0.02ms, total = 0.02ms
	JobInfoGcsService.grpc_server.GetAllJobInfo.HandleRequestImpl - 1 total (0 active), Execution time: mean = 0.02ms, total = 0.02ms, Queueing time: mean = 0.01ms, max = 0.01ms, min = 0.01ms, total = 0.01ms
	InternalKVGcsService.grpc_server.GetInternalConfig.HandleRequestImpl - 1 total (0 active), Execution time: mean = 0.09ms, total = 0.09ms, Queueing time: mean = 0.03ms, max = 0.03ms, min = 0.03ms, total = 0.03ms
	GcsServer.GetOrGenerateClusterId.continuation - 1 total (0 active), Execution time: mean = 1901.42ms, total = 1901.42ms, Queueing time: mean = 0.00ms, max = 0.00ms, min = 0.00ms, total = 0.00ms
	InternalKVGcsService.grpc_server.InternalKVDel - 1 total (0 active), Execution time: mean = 0.41ms, total = 0.41ms, Queueing time: mean = 0.00ms, max = -0.00ms, min = 9223372036854.78ms, total = 0.00ms
	NodeInfoGcsService.grpc_server.RegisterNode - 1 total (0 active), Execution time: mean = 0.38ms, total = 0.38ms, Queueing time: mean = 0.00ms, max = -0.00ms, min = 9223372036854.78ms, total = 0.00ms
	PlacementGroupInfoGcsService.grpc_server.GetPlacementGroup - 1 total (0 active), Execution time: mean = 0.22ms, total = 0.22ms, Queueing time: mean = 0.00ms, max = -0.00ms, min = 9223372036854.78ms, total = 0.00ms
	GcsPlacementGroupManager.SchedulePendingPlacementGroups - 1 total (0 active), Execution time: mean = 0.00ms, total = 0.00ms, Queueing time: mean = 0.03ms, max = 0.03ms, min = 0.03ms, total = 0.03ms
	PlacementGroupInfoGcsService.grpc_server.CreatePlacementGroup - 1 total (0 active), Execution time: mean = 0.60ms, total = 0.60ms, Queueing time: mean = 0.00ms, max = -0.00ms, min = 9223372036854.78ms, total = 0.00ms
	WorkerInfoGcsService.grpc_server.ReportWorkerFailure - 1 total (0 active), Execution time: mean = 2.59ms, total = 2.59ms, Queueing time: mean = 0.00ms, max = -0.00ms, min = 9223372036854.78ms, total = 0.00ms
	GcsInMemoryStore.GetNextJobID - 1 total (0 active), Execution time: mean = 0.00ms, total = 0.00ms, Queueing time: mean = 0.01ms, max = 0.01ms, min = 0.01ms, total = 0.01ms


[2026-01-08 10:27:51,475 I 233660 233660] (gcs_server) gcs_server.cc:961: task_io_context Event stats:


Global stats: 40208 total (1 active)
Queueing time: mean = 0.01ms, max = 1.01ms, min = 0.00ms, total = 497.33ms
Execution time:  mean = 0.14ms, total = 5478.64ms
Event stats:
	TaskInfoGcsService.grpc_server.AddTaskEventData - 20075 total (0 active), Execution time: mean = 0.26ms, total = 5268.77ms, Queueing time: mean = 0.00ms, max = -0.00ms, min = 9223372036854.78ms, total = 0.00ms
	TaskInfoGcsService.grpc_server.AddTaskEventData.HandleRequestImpl - 20075 total (0 active), Execution time: mean = 0.01ms, total = 208.95ms, Queueing time: mean = 0.02ms, max = 1.01ms, min = 0.01ms, total = 495.58ms
	GcsTaskManager.GcJobSummary - 37 total (1 active), Execution time: mean = 0.01ms, total = 0.33ms, Queueing time: mean = 0.03ms, max = 0.08ms, min = 0.02ms, total = 1.10ms
	event_loop_lag_probe - 20 total (0 active), Execution time: mean = 0.03ms, total = 0.58ms, Queueing time: mean = 0.03ms, max = 0.44ms, min = 0.00ms, total = 0.64ms
	PeriodicalRunner.RunFnPeriodically - 1 total (0 active), Execution time: mean = 0.01ms, total = 0.01ms, Queueing time: mean = 0.02ms, max = 0.02ms, min = 0.02ms, total = 0.02ms


[2026-01-08 10:27:51,475 I 233660 233660] (gcs_server) gcs_server.cc:961: pubsub_io_context Event stats:


Global stats: 1175 total (117 active)
Queueing time: mean = 0.06ms, max = 4.68ms, min = 0.00ms, total = 71.49ms
Execution time:  mean = 150.49ms, total = 176830.67ms
Event stats:
	InternalPubSubGcsService.grpc_server.GcsSubscriberPoll.HandleRequestImpl - 283 total (0 active), Execution time: mean = 0.06ms, total = 16.91ms, Queueing time: mean = 0.14ms, max = 4.64ms, min = 0.01ms, total = 38.70ms
	InternalPubSubGcsService.grpc_server.GcsSubscriberPoll - 283 total (116 active), Execution time: mean = 624.30ms, total = 176677.17ms, Queueing time: mean = 0.00ms, max = -0.00ms, min = 9223372036854.78ms, total = 0.00ms
	InternalPubSubGcsService.grpc_server.GcsPublish - 175 total (0 active), Execution time: mean = 0.29ms, total = 51.40ms, Queueing time: mean = 0.00ms, max = -0.00ms, min = 9223372036854.78ms, total = 0.00ms
	InternalPubSubGcsService.grpc_server.GcsPublish.HandleRequestImpl - 175 total (0 active), Execution time: mean = 0.08ms, total = 13.98ms, Queueing time: mean = 0.02ms, max = 0.10ms, min = 0.01ms, total = 4.06ms
	InternalPubSubGcsService.grpc_server.GcsSubscriberCommandBatch - 118 total (0 active), Execution time: mean = 0.52ms, total = 61.00ms, Queueing time: mean = 0.00ms, max = -0.00ms, min = 9223372036854.78ms, total = 0.00ms
	InternalPubSubGcsService.grpc_server.GcsSubscriberCommandBatch.HandleRequestImpl - 118 total (0 active), Execution time: mean = 0.08ms, total = 9.56ms, Queueing time: mean = 0.24ms, max = 4.68ms, min = 0.00ms, total = 28.02ms
	event_loop_lag_probe - 20 total (0 active), Execution time: mean = 0.03ms, total = 0.61ms, Queueing time: mean = 0.03ms, max = 0.46ms, min = 0.00ms, total = 0.66ms
	RemoveSubscriberFrom - 1 total (0 active), Execution time: mean = 0.02ms, total = 0.02ms, Queueing time: mean = 0.03ms, max = 0.03ms, min = 0.03ms, total = 0.03ms
	Publisher.CheckDeadSubscribers - 1 total (1 active), Execution time: mean = 0.00ms, total = 0.00ms, Queueing time: mean = 0.00ms, max = -0.00ms, min = 9223372036854.78ms, total = 0.00ms
	PeriodicalRunner.RunFnPeriodically - 1 total (0 active), Execution time: mean = 0.02ms, total = 0.02ms, Queueing time: mean = 0.02ms, max = 0.02ms, min = 0.02ms, total = 0.02ms


[2026-01-08 10:27:51,475 I 233660 233660] (gcs_server) gcs_server.cc:961: ray_syncer_io_context Event stats:


Global stats: 32 total (0 active)
Queueing time: mean = 0.03ms, max = 0.54ms, min = 0.00ms, total = 0.92ms
Execution time:  mean = 0.05ms, total = 1.54ms
Event stats:
	event_loop_lag_probe - 20 total (0 active), Execution time: mean = 0.03ms, total = 0.55ms, Queueing time: mean = 0.04ms, max = 0.54ms, min = 0.00ms, total = 0.72ms
	RaySyncer.BroadcastMessage - 5 total (0 active), Execution time: mean = 0.03ms, total = 0.14ms, Queueing time: mean = 0.00ms, max = 0.00ms, min = 0.00ms, total = 0.00ms
	 - 5 total (0 active), Execution time: mean = 0.17ms, total = 0.85ms, Queueing time: mean = 0.03ms, max = 0.03ms, min = 0.02ms, total = 0.14ms
	RaySyncerRegister - 2 total (0 active), Execution time: mean = 0.00ms, total = 0.00ms, Queueing time: mean = 0.02ms, max = 0.03ms, min = 0.02ms, total = 0.05ms


[2026-01-08 10:27:51,475 I 233660 233660] (gcs_server) gcs_server.cc:961: ray_event_io_context Event stats:


Global stats: 20 total (0 active)
Queueing time: mean = 0.04ms, max = 0.58ms, min = 0.00ms, total = 0.75ms
Execution time:  mean = 0.03ms, total = 0.56ms
Event stats:
	event_loop_lag_probe - 20 total (0 active), Execution time: mean = 0.03ms, total = 0.56ms, Queueing time: mean = 0.04ms, max = 0.58ms, min = 0.00ms, total = 0.75ms


[2026-01-08 10:28:51,475 I 233660 233660] (gcs_server) gcs_server.cc:943: Gcs Debug state:

GcsNodeManager: 
- RegisterNode request count: 1
- DrainNode request count: 0
- GetAllNodeInfo request count: 230

GcsActorManager: 
- RegisterActor request count: 0
- CreateActor request count: 0
- GetActorInfo request count: 0
- GetNamedActorInfo request count: 0
- GetAllActorInfo request count: 0
- KillActor request count: 0
- ListNamedActors request count: 0
- Registered actors count: 0
- Destroyed actors count: 0
- Named actors count: 0
- Unresolved actors count: 0
- Pending actors count: 0
- Created actors count: 0
- owners_: 0
- actor_to_register_callbacks_: 0
- actor_to_restart_for_lineage_reconstruction_callbacks_: 0
- actor_to_create_callbacks_: 0
- sorted_destroyed_actor_list_: 0

GcsResourceManager: 
- GetAllAvailableResources request count: 0
- GetAllTotalResources request count: 0
- GetAllResourceUsage request count: 48

GcsPlacementGroupManager: 
- CreatePlacementGroup request count: 1
- RemovePlacementGroup request count: 0
- GetPlacementGroup request count: 1
- GetAllPlacementGroup request count: 0
- WaitPlacementGroupUntilReady request count: 0
- GetNamedPlacementGroup request count: 0
- Scheduling pending placement group count: 1
- Registered placement groups count: 1
- Named placement group count: 1
- Pending placement groups count: 0
- Infeasible placement groups count: 1

Publisher:
GCS_NODE_ADDRESS_AND_LIVENESS_CHANNEL
- cumulative published messages: 1
- cumulative published bytes: 90
- current buffered bytes: 0
GCS_NODE_INFO_CHANNEL
- cumulative published messages: 1
- cumulative published bytes: 507
- current buffered bytes: 0
RAY_LOG_CHANNEL
- cumulative published messages: 193
- cumulative published bytes: 96300
- current buffered bytes: 905
GCS_WORKER_DELTA_CHANNEL
- cumulative published messages: 1
- cumulative published bytes: 96
- current buffered bytes: 96
GCS_JOB_CHANNEL
- cumulative published messages: 1
- cumulative published bytes: 1991
- current buffered bytes: 1991

[runtime env manager] ID to URIs table:
[runtime env manager] URIs reference table:

GcsTaskManager: 
-Total num task events reported: 7
-Total num status task events dropped: 0
-Total num profile events dropped: 0
-Current num of task events stored: 3
-Total num of actor creation tasks: 0
-Total num of actor tasks: 0
-Total num of normal tasks: 2
-Total num of driver tasks: 1

GcsAutoscalerStateManager: 
- last_seen_autoscaler_state_version_: 0
- last_cluster_resource_state_version_: 48
- pending demands:
	{bundle_group_b8bc261295a4bcb9ee3af0013df301000000: 0.001, label_selectors: [{}, ]} * 1



[2026-01-08 10:28:51,476 I 233660 233660] (gcs_server) gcs_server.cc:957: Main service Event stats:


Global stats: 3967 total (5 active)
Queueing time: mean = 9.63ms, max = 1902.54ms, min = 0.00ms, total = 38219.88ms
Execution time:  mean = 1.28ms, total = 5089.00ms
Event stats:
	GcsInMemoryStore.Put - 522 total (0 active), Execution time: mean = 3.66ms, total = 1908.19ms, Queueing time: mean = 3.85ms, max = 1902.01ms, min = 0.01ms, total = 2009.05ms
	GcsInMemoryStore.Get - 295 total (0 active), Execution time: mean = 0.02ms, total = 6.85ms, Queueing time: mean = 0.24ms, max = 7.29ms, min = 0.01ms, total = 71.99ms
	InternalKVGcsService.grpc_server.InternalKVGet.HandleRequestImpl - 293 total (0 active), Execution time: mean = 0.13ms, total = 38.13ms, Queueing time: mean = 0.40ms, max = 7.40ms, min = 0.00ms, total = 117.49ms
	InternalKVGcsService.grpc_server.InternalKVGet - 293 total (0 active), Execution time: mean = 0.98ms, total = 286.20ms, Queueing time: mean = 0.00ms, max = -0.00ms, min = 9223372036854.78ms, total = 0.00ms
	RayletLoadPulled - 240 total (1 active), Execution time: mean = 0.21ms, total = 49.87ms, Queueing time: mean = 0.03ms, max = 0.10ms, min = 0.01ms, total = 7.27ms
	NodeManagerService.grpc_client.GetResourceLoad - 238 total (0 active), Execution time: mean = 1.22ms, total = 291.41ms, Queueing time: mean = 0.00ms, max = -0.00ms, min = 9223372036854.78ms, total = 0.00ms
	NodeManagerService.grpc_client.GetResourceLoad.OnReplyReceived - 238 total (0 active), Execution time: mean = 0.05ms, total = 12.45ms, Queueing time: mean = 0.03ms, max = 0.20ms, min = 0.01ms, total = 6.46ms
	NodeInfoGcsService.grpc_server.GetClusterId - 117 total (0 active), Execution time: mean = 0.63ms, total = 74.16ms, Queueing time: mean = 0.00ms, max = -0.00ms, min = 9223372036854.78ms, total = 0.00ms
	NodeInfoGcsService.grpc_server.GetClusterId.HandleRequestImpl - 117 total (0 active), Execution time: mean = 0.02ms, total = 2.30ms, Queueing time: mean = 0.40ms, max = 7.41ms, min = 0.01ms, total = 46.23ms
	NodeInfoGcsService.grpc_server.GetAllNodeInfo - 115 total (0 active), Execution time: mean = 0.42ms, total = 48.29ms, Queueing time: mean = 0.00ms, max = -0.00ms, min = 9223372036854.78ms, total = 0.00ms
	NodeInfoGcsService.grpc_server.GetAllNodeAddressAndLiveness - 115 total (0 active), Execution time: mean = 1.10ms, total = 126.25ms, Queueing time: mean = 0.00ms, max = -0.00ms, min = 9223372036854.78ms, total = 0.00ms
	NodeInfoGcsService.grpc_server.GetAllNodeAddressAndLiveness.HandleRequestImpl - 115 total (0 active), Execution time: mean = 0.02ms, total = 2.81ms, Queueing time: mean = 0.90ms, max = 6.18ms, min = 0.00ms, total = 103.12ms
	NodeInfoGcsService.grpc_server.GetAllNodeInfo.HandleRequestImpl - 115 total (0 active), Execution time: mean = 0.02ms, total = 2.61ms, Queueing time: mean = 0.17ms, max = 7.36ms, min = 0.01ms, total = 19.61ms
	WorkerInfoGcsService.grpc_server.AddWorkerInfo.HandleRequestImpl - 114 total (0 active), Execution time: mean = 0.04ms, total = 4.17ms, Queueing time: mean = 0.77ms, max = 7.43ms, min = 0.01ms, total = 88.26ms
	WorkerInfoGcsService.grpc_server.AddWorkerInfo - 114 total (0 active), Execution time: mean = 1.58ms, total = 180.24ms, Queueing time: mean = 0.00ms, max = -0.00ms, min = 9223372036854.78ms, total = 0.00ms
	InternalKVGcsService.grpc_server.InternalKVPut.HandleRequestImpl - 113 total (0 active), Execution time: mean = 0.08ms, total = 8.77ms, Queueing time: mean = 0.02ms, max = 0.03ms, min = 0.01ms, total = 2.07ms
	InternalKVGcsService.grpc_server.InternalKVPut - 113 total (0 active), Execution time: mean = 0.33ms, total = 37.28ms, Queueing time: mean = 0.00ms, max = -0.00ms, min = 9223372036854.78ms, total = 0.00ms
	ClusterResourceManager.ResetRemoteNodeView - 80 total (1 active), Execution time: mean = 0.01ms, total = 0.75ms, Queueing time: mean = 0.09ms, max = 1.82ms, min = 0.01ms, total = 7.50ms
	HealthCheck - 78 total (0 active), Execution time: mean = 0.01ms, total = 0.58ms, Queueing time: mean = 0.03ms, max = 0.07ms, min = 0.02ms, total = 2.02ms
	NodeInfoGcsService.grpc_server.CheckAlive.HandleRequestImpl - 52 total (0 active), Execution time: mean = 0.02ms, total = 0.98ms, Queueing time: mean = 0.03ms, max = 0.05ms, min = 0.01ms, total = 1.56ms
	NodeInfoGcsService.grpc_server.CheckAlive - 52 total (0 active), Execution time: mean = 0.32ms, total = 16.45ms, Queueing time: mean = 0.00ms, max = -0.00ms, min = 9223372036854.78ms, total = 0.00ms
	AutoscalerStateService.grpc_server.GetClusterResourceState.HandleRequestImpl - 48 total (0 active), Execution time: mean = 0.07ms, total = 3.42ms, Queueing time: mean = 0.02ms, max = 0.03ms, min = 0.01ms, total = 0.90ms
	NodeResourceInfoGcsService.grpc_server.GetAllResourceUsage.HandleRequestImpl - 48 total (0 active), Execution time: mean = 0.10ms, total = 4.88ms, Queueing time: mean = 0.03ms, max = 0.04ms, min = 0.01ms, total = 1.36ms
	AutoscalerStateService.grpc_server.GetClusterResourceState - 48 total (0 active), Execution time: mean = 0.33ms, total = 15.74ms, Queueing time: mean = 0.00ms, max = -0.00ms, min = 9223372036854.78ms, total = 0.00ms
	NodeResourceInfoGcsService.grpc_server.GetAllResourceUsage - 48 total (0 active), Execution time: mean = 0.45ms, total = 21.44ms, Queueing time: mean = 0.00ms, max = -0.00ms, min = 9223372036854.78ms, total = 0.00ms
	GCSServer.deadline_timer.metrics_report - 48 total (1 active), Execution time: mean = 0.25ms, total = 11.91ms, Queueing time: mean = 0.03ms, max = 0.04ms, min = 0.01ms, total = 1.24ms
	ReporterService.grpc_client.HealthCheck - 31 total (0 active), Execution time: mean = 0.29ms, total = 8.89ms, Queueing time: mean = 0.00ms, max = -0.00ms, min = 9223372036854.78ms, total = 0.00ms
	ReporterService.grpc_client.HealthCheck.OnReplyReceived - 31 total (0 active), Execution time: mean = 0.06ms, total = 1.99ms, Queueing time: mean = 61.30ms, max = 1899.64ms, min = 0.02ms, total = 1900.45ms
	MetricsAgentClient.WaitForServerReadyWithRetry - 30 total (0 active), Execution time: mean = 0.17ms, total = 5.07ms, Queueing time: mean = 1000.04ms, max = 1000.25ms, min = 1000.01ms, total = 30001.20ms
	event_loop_lag_probe - 26 total (0 active), Execution time: mean = 0.01ms, total = 0.35ms, Queueing time: mean = 0.57ms, max = 14.57ms, min = 0.00ms, total = 14.89ms
	GCSServer.deadline_timer.gcs_global_gc - 24 total (1 active), Execution time: mean = 0.01ms, total = 0.20ms, Queueing time: mean = 0.28ms, max = 2.34ms, min = 0.01ms, total = 6.81ms
	GcsInMemoryStore.GetAll - 6 total (0 active), Execution time: mean = 0.01ms, total = 0.08ms, Queueing time: mean = 0.07ms, max = 0.09ms, min = 0.01ms, total = 0.44ms
	GcsResourceManager::Update - 5 total (0 active), Execution time: mean = 0.06ms, total = 0.29ms, Queueing time: mean = 0.01ms, max = 0.01ms, min = 0.01ms, total = 0.05ms
	GcsHealthCheckManager::MarkNodeHealthy - 5 total (0 active), Execution time: mean = 0.00ms, total = 0.01ms, Queueing time: mean = 0.02ms, max = 0.03ms, min = 0.01ms, total = 0.09ms
	PeriodicalRunner.RunFnPeriodically - 5 total (0 active), Execution time: mean = 0.10ms, total = 0.51ms, Queueing time: mean = 761.87ms, max = 1902.54ms, min = 1.22ms, total = 3809.34ms
	GCSServer.deadline_timer.debug_state_event_stats_print - 4 total (1 active, 1 running), Execution time: mean = 1.65ms, total = 6.61ms, Queueing time: mean = 0.03ms, max = 0.05ms, min = 0.03ms, total = 0.12ms
	GcsInMemoryStore.Exists - 2 total (0 active), Execution time: mean = 0.02ms, total = 0.03ms, Queueing time: mean = 0.02ms, max = 0.02ms, min = 0.01ms, total = 0.03ms
	InternalKVGcsService.grpc_server.InternalKVExists.HandleRequestImpl - 2 total (0 active), Execution time: mean = 0.09ms, total = 0.18ms, Queueing time: mean = 0.02ms, max = 0.02ms, min = 0.02ms, total = 0.04ms
	InternalKVGcsService.grpc_server.InternalKVExists - 2 total (0 active), Execution time: mean = 0.30ms, total = 0.61ms, Queueing time: mean = 0.00ms, max = -0.00ms, min = 9223372036854.78ms, total = 0.00ms
	InternalKVGcsService.grpc_server.InternalKVDel.HandleRequestImpl - 1 total (0 active), Execution time: mean = 0.09ms, total = 0.09ms, Queueing time: mean = 0.02ms, max = 0.02ms, min = 0.02ms, total = 0.02ms
	JobInfoGcsService.grpc_server.AddJob.HandleRequestImpl - 1 total (0 active), Execution time: mean = 0.11ms, total = 0.11ms, Queueing time: mean = 0.03ms, max = 0.03ms, min = 0.03ms, total = 0.03ms
	WorkerInfoGcsService.grpc_server.ReportWorkerFailure.HandleRequestImpl - 1 total (0 active), Execution time: mean = 0.06ms, total = 0.06ms, Queueing time: mean = 0.03ms, max = 0.03ms, min = 0.03ms, total = 0.03ms
	JobInfoGcsService.grpc_server.GetNextJobID - 1 total (0 active), Execution time: mean = 0.20ms, total = 0.20ms, Queueing time: mean = 0.00ms, max = -0.00ms, min = 9223372036854.78ms, total = 0.00ms
	InternalKVGcsService.grpc_server.GetInternalConfig - 1 total (0 active), Execution time: mean = 0.50ms, total = 0.50ms, Queueing time: mean = 0.00ms, max = -0.00ms, min = 9223372036854.78ms, total = 0.00ms
	NodeManager.AddNodeCallback - 1 total (0 active), Execution time: mean = 0.21ms, total = 0.21ms, Queueing time: mean = 0.04ms, max = 0.04ms, min = 0.04ms, total = 0.04ms
	JobInfoGcsService.grpc_server.GetAllJobInfo - 1 total (0 active), Execution time: mean = 0.26ms, total = 0.26ms, Queueing time: mean = 0.00ms, max = -0.00ms, min = 9223372036854.78ms, total = 0.00ms
	GcsInitData::AsyncLoad - 1 total (0 active), Execution time: mean = 0.01ms, total = 0.01ms, Queueing time: mean = 0.00ms, max = 0.00ms, min = 0.00ms, total = 0.00ms
	PlacementGroupInfoGcsService.grpc_server.CreatePlacementGroup.HandleRequestImpl - 1 total (0 active), Execution time: mean = 0.21ms, total = 0.21ms, Queueing time: mean = 0.03ms, max = 0.03ms, min = 0.03ms, total = 0.03ms
	JobInfoGcsService.grpc_server.AddJob - 1 total (0 active), Execution time: mean = 0.48ms, total = 0.48ms, Queueing time: mean = 0.00ms, max = -0.00ms, min = 9223372036854.78ms, total = 0.00ms
	JobInfoGcsService.grpc_server.GetNextJobID.HandleRequestImpl - 1 total (0 active), Execution time: mean = 0.01ms, total = 0.01ms, Queueing time: mean = 0.01ms, max = 0.01ms, min = 0.01ms, total = 0.01ms
	NodeInfoGcsService.grpc_server.RegisterNode.HandleRequestImpl - 1 total (0 active), Execution time: mean = 0.07ms, total = 0.07ms, Queueing time: mean = 0.02ms, max = 0.02ms, min = 0.02ms, total = 0.02ms
	GcsHealthCheckManager::AddNode - 1 total (0 active), Execution time: mean = 0.01ms, total = 0.01ms, Queueing time: mean = 0.00ms, max = 0.00ms, min = 0.00ms, total = 0.00ms
	PlacementGroupInfoGcsService.grpc_server.GetPlacementGroup.HandleRequestImpl - 1 total (0 active), Execution time: mean = 0.04ms, total = 0.04ms, Queueing time: mean = 0.02ms, max = 0.02ms, min = 0.02ms, total = 0.02ms
	GcsInMemoryStore.Delete - 1 total (0 active), Execution time: mean = 0.02ms, total = 0.02ms, Queueing time: mean = 0.02ms, max = 0.02ms, min = 0.02ms, total = 0.02ms
	JobInfoGcsService.grpc_server.GetAllJobInfo.HandleRequestImpl - 1 total (0 active), Execution time: mean = 0.02ms, total = 0.02ms, Queueing time: mean = 0.01ms, max = 0.01ms, min = 0.01ms, total = 0.01ms
	InternalKVGcsService.grpc_server.GetInternalConfig.HandleRequestImpl - 1 total (0 active), Execution time: mean = 0.09ms, total = 0.09ms, Queueing time: mean = 0.03ms, max = 0.03ms, min = 0.03ms, total = 0.03ms
	GcsServer.GetOrGenerateClusterId.continuation - 1 total (0 active), Execution time: mean = 1901.42ms, total = 1901.42ms, Queueing time: mean = 0.00ms, max = 0.00ms, min = 0.00ms, total = 0.00ms
	InternalKVGcsService.grpc_server.InternalKVDel - 1 total (0 active), Execution time: mean = 0.41ms, total = 0.41ms, Queueing time: mean = 0.00ms, max = -0.00ms, min = 9223372036854.78ms, total = 0.00ms
	NodeInfoGcsService.grpc_server.RegisterNode - 1 total (0 active), Execution time: mean = 0.38ms, total = 0.38ms, Queueing time: mean = 0.00ms, max = -0.00ms, min = 9223372036854.78ms, total = 0.00ms
	PlacementGroupInfoGcsService.grpc_server.GetPlacementGroup - 1 total (0 active), Execution time: mean = 0.22ms, total = 0.22ms, Queueing time: mean = 0.00ms, max = -0.00ms, min = 9223372036854.78ms, total = 0.00ms
	GcsPlacementGroupManager.SchedulePendingPlacementGroups - 1 total (0 active), Execution time: mean = 0.00ms, total = 0.00ms, Queueing time: mean = 0.03ms, max = 0.03ms, min = 0.03ms, total = 0.03ms
	PlacementGroupInfoGcsService.grpc_server.CreatePlacementGroup - 1 total (0 active), Execution time: mean = 0.60ms, total = 0.60ms, Queueing time: mean = 0.00ms, max = -0.00ms, min = 9223372036854.78ms, total = 0.00ms
	WorkerInfoGcsService.grpc_server.ReportWorkerFailure - 1 total (0 active), Execution time: mean = 2.59ms, total = 2.59ms, Queueing time: mean = 0.00ms, max = -0.00ms, min = 9223372036854.78ms, total = 0.00ms
	GcsInMemoryStore.GetNextJobID - 1 total (0 active), Execution time: mean = 0.00ms, total = 0.00ms, Queueing time: mean = 0.01ms, max = 0.01ms, min = 0.01ms, total = 0.01ms


[2026-01-08 10:28:51,476 I 233660 233660] (gcs_server) gcs_server.cc:961: task_io_context Event stats:


Global stats: 53774 total (1 active)
Queueing time: mean = 0.01ms, max = 6.81ms, min = 0.00ms, total = 673.99ms
Execution time:  mean = 0.13ms, total = 7189.84ms
Event stats:
	TaskInfoGcsService.grpc_server.AddTaskEventData - 26849 total (0 active), Execution time: mean = 0.26ms, total = 6917.48ms, Queueing time: mean = 0.00ms, max = -0.00ms, min = 9223372036854.78ms, total = 0.00ms
	TaskInfoGcsService.grpc_server.AddTaskEventData.HandleRequestImpl - 26849 total (0 active), Execution time: mean = 0.01ms, total = 271.24ms, Queueing time: mean = 0.03ms, max = 6.81ms, min = 0.01ms, total = 671.78ms
	GcsTaskManager.GcJobSummary - 49 total (1 active), Execution time: mean = 0.01ms, total = 0.43ms, Queueing time: mean = 0.03ms, max = 0.08ms, min = 0.02ms, total = 1.49ms
	event_loop_lag_probe - 26 total (0 active), Execution time: mean = 0.03ms, total = 0.69ms, Queueing time: mean = 0.03ms, max = 0.44ms, min = 0.00ms, total = 0.69ms
	PeriodicalRunner.RunFnPeriodically - 1 total (0 active), Execution time: mean = 0.01ms, total = 0.01ms, Queueing time: mean = 0.02ms, max = 0.02ms, min = 0.02ms, total = 0.02ms


[2026-01-08 10:28:51,477 I 233660 233660] (gcs_server) gcs_server.cc:961: pubsub_io_context Event stats:


Global stats: 1253 total (117 active)
Queueing time: mean = 0.06ms, max = 4.68ms, min = 0.00ms, total = 72.42ms
Execution time:  mean = 189.17ms, total = 237028.93ms
Event stats:
	InternalPubSubGcsService.grpc_server.GcsSubscriberPoll.HandleRequestImpl - 301 total (0 active), Execution time: mean = 0.06ms, total = 18.19ms, Queueing time: mean = 0.13ms, max = 4.64ms, min = 0.01ms, total = 39.06ms
	InternalPubSubGcsService.grpc_server.GcsSubscriberPoll - 301 total (116 active), Execution time: mean = 786.93ms, total = 236865.24ms, Queueing time: mean = 0.00ms, max = -0.00ms, min = 9223372036854.78ms, total = 0.00ms
	InternalPubSubGcsService.grpc_server.GcsPublish - 193 total (0 active), Execution time: mean = 0.30ms, total = 58.09ms, Queueing time: mean = 0.00ms, max = -0.00ms, min = 9223372036854.78ms, total = 0.00ms
	InternalPubSubGcsService.grpc_server.GcsPublish.HandleRequestImpl - 193 total (0 active), Execution time: mean = 0.08ms, total = 16.08ms, Queueing time: mean = 0.02ms, max = 0.10ms, min = 0.01ms, total = 4.58ms
	InternalPubSubGcsService.grpc_server.GcsSubscriberCommandBatch - 118 total (0 active), Execution time: mean = 0.52ms, total = 61.00ms, Queueing time: mean = 0.00ms, max = -0.00ms, min = 9223372036854.78ms, total = 0.00ms
	InternalPubSubGcsService.grpc_server.GcsSubscriberCommandBatch.HandleRequestImpl - 118 total (0 active), Execution time: mean = 0.08ms, total = 9.56ms, Queueing time: mean = 0.24ms, max = 4.68ms, min = 0.00ms, total = 28.02ms
	event_loop_lag_probe - 26 total (0 active), Execution time: mean = 0.03ms, total = 0.74ms, Queueing time: mean = 0.03ms, max = 0.46ms, min = 0.00ms, total = 0.72ms
	RemoveSubscriberFrom - 1 total (0 active), Execution time: mean = 0.02ms, total = 0.02ms, Queueing time: mean = 0.03ms, max = 0.03ms, min = 0.03ms, total = 0.03ms
	Publisher.CheckDeadSubscribers - 1 total (1 active), Execution time: mean = 0.00ms, total = 0.00ms, Queueing time: mean = 0.00ms, max = -0.00ms, min = 9223372036854.78ms, total = 0.00ms
	PeriodicalRunner.RunFnPeriodically - 1 total (0 active), Execution time: mean = 0.02ms, total = 0.02ms, Queueing time: mean = 0.02ms, max = 0.02ms, min = 0.02ms, total = 0.02ms


[2026-01-08 10:28:51,477 I 233660 233660] (gcs_server) gcs_server.cc:961: ray_syncer_io_context Event stats:


Global stats: 38 total (0 active)
Queueing time: mean = 0.03ms, max = 0.54ms, min = 0.00ms, total = 0.97ms
Execution time:  mean = 0.04ms, total = 1.65ms
Event stats:
	event_loop_lag_probe - 26 total (0 active), Execution time: mean = 0.03ms, total = 0.66ms, Queueing time: mean = 0.03ms, max = 0.54ms, min = 0.00ms, total = 0.78ms
	RaySyncer.BroadcastMessage - 5 total (0 active), Execution time: mean = 0.03ms, total = 0.14ms, Queueing time: mean = 0.00ms, max = 0.00ms, min = 0.00ms, total = 0.00ms
	 - 5 total (0 active), Execution time: mean = 0.17ms, total = 0.85ms, Queueing time: mean = 0.03ms, max = 0.03ms, min = 0.02ms, total = 0.14ms
	RaySyncerRegister - 2 total (0 active), Execution time: mean = 0.00ms, total = 0.00ms, Queueing time: mean = 0.02ms, max = 0.03ms, min = 0.02ms, total = 0.05ms


[2026-01-08 10:28:51,477 I 233660 233660] (gcs_server) gcs_server.cc:961: ray_event_io_context Event stats:


Global stats: 26 total (0 active)
Queueing time: mean = 0.03ms, max = 0.58ms, min = 0.00ms, total = 0.80ms
Execution time:  mean = 0.03ms, total = 0.65ms
Event stats:
	event_loop_lag_probe - 26 total (0 active), Execution time: mean = 0.03ms, total = 0.65ms, Queueing time: mean = 0.03ms, max = 0.58ms, min = 0.00ms, total = 0.80ms


