[2026-01-08 09:59:58,265 I 61430 61430] (gcs_server) gcs_server_main.cc:90: Ray cluster metadata ray_version=2.53.0 ray_commit=0de211850589aea71f842873bc32574c702ab492
[2026-01-08 09:59:58,268 I 61430 61430] (gcs_server) event.cc:499: Ray Event initialized for GCS
[2026-01-08 09:59:58,268 I 61430 61430] (gcs_server) event.cc:499: Ray Event initialized for EXPORT_NODE
[2026-01-08 09:59:58,268 I 61430 61430] (gcs_server) event.cc:499: Ray Event initialized for EXPORT_ACTOR
[2026-01-08 09:59:58,268 I 61430 61430] (gcs_server) event.cc:499: Ray Event initialized for EXPORT_DRIVER_JOB
[2026-01-08 09:59:58,268 I 61430 61430] (gcs_server) event.cc:332: Set ray event level to warning
[2026-01-08 09:59:58,275 I 61430 61430] (gcs_server) event_aggregator_client.h:50: Initiating the local event aggregator client with port: 60607
[2026-01-08 09:59:58,280 I 61430 61430] (gcs_server) gcs_server.cc:150: GCS storage type is StorageType::IN_MEMORY
[2026-01-08 09:59:58,282 I 61430 61430] (gcs_server) gcs_init_data.cc:46: Loading job table data.
[2026-01-08 09:59:58,282 I 61430 61430] (gcs_server) gcs_init_data.cc:56: Loading node table data.
[2026-01-08 09:59:58,282 I 61430 61430] (gcs_server) gcs_init_data.cc:76: Loading actor table data.
[2026-01-08 09:59:58,282 I 61430 61430] (gcs_server) gcs_init_data.cc:87: Loading actor task spec table data.
[2026-01-08 09:59:58,282 I 61430 61430] (gcs_server) gcs_init_data.cc:66: Loading placement group table data.
[2026-01-08 09:59:58,282 I 61430 61430] (gcs_server) gcs_init_data.cc:50: Finished loading job table data, size = 0
[2026-01-08 09:59:58,282 I 61430 61430] (gcs_server) gcs_init_data.cc:60: Finished loading node table data, size = 0
[2026-01-08 09:59:58,282 I 61430 61430] (gcs_server) gcs_init_data.cc:81: Finished loading actor table data, size = 0
[2026-01-08 09:59:58,283 I 61430 61430] (gcs_server) gcs_init_data.cc:91: Finished loading actor task spec table data, size = 0
[2026-01-08 09:59:58,283 I 61430 61430] (gcs_server) gcs_init_data.cc:70: Finished loading placement group table data, size = 0
[2026-01-08 09:59:58,283 I 61430 61430] (gcs_server) gcs_server.cc:241: Generated new cluster ID. cluster_id=0b7c95580a879734bba7c9f7381935507b311eb260811c89b423eed2
[2026-01-08 09:59:58,284 I 61430 61430] (gcs_server) gcs_server.cc:770: Autoscaler V2 enabled: 0
[2026-01-08 09:59:58,284 I 61430 61430] (gcs_server) metrics_agent_client.cc:45: Initializing exporter ...
[2026-01-08 09:59:58,288 I 61430 61430] (gcs_server) grpc_server.cc:143: GcsServer server started, listening on port 47982.
[2026-01-08 10:00:00,498 I 61430 61430] (gcs_server) gcs_server.cc:943: Gcs Debug state:

GcsNodeManager: 
- RegisterNode request count: 0
- DrainNode request count: 0
- GetAllNodeInfo request count: 0

GcsActorManager: 
- RegisterActor request count: 0
- CreateActor request count: 0
- GetActorInfo request count: 0
- GetNamedActorInfo request count: 0
- GetAllActorInfo request count: 0
- KillActor request count: 0
- ListNamedActors request count: 0
- Registered actors count: 0
- Destroyed actors count: 0
- Named actors count: 0
- Unresolved actors count: 0
- Pending actors count: 0
- Created actors count: 0
- owners_: 0
- actor_to_register_callbacks_: 0
- actor_to_restart_for_lineage_reconstruction_callbacks_: 0
- actor_to_create_callbacks_: 0
- sorted_destroyed_actor_list_: 0

GcsResourceManager: 
- GetAllAvailableResources request count: 0
- GetAllTotalResources request count: 0
- GetAllResourceUsage request count: 0

GcsPlacementGroupManager: 
- CreatePlacementGroup request count: 0
- RemovePlacementGroup request count: 0
- GetPlacementGroup request count: 0
- GetAllPlacementGroup request count: 0
- WaitPlacementGroupUntilReady request count: 0
- GetNamedPlacementGroup request count: 0
- Scheduling pending placement group count: 0
- Registered placement groups count: 0
- Named placement group count: 0
- Pending placement groups count: 0
- Infeasible placement groups count: 0

Publisher:

[runtime env manager] ID to URIs table:
[runtime env manager] URIs reference table:

GcsTaskManager: 
-Total num task events reported: 0
-Total num status task events dropped: 0
-Total num profile events dropped: 0
-Current num of task events stored: 0
-Total num of actor creation tasks: 0
-Total num of actor tasks: 0
-Total num of normal tasks: 0
-Total num of driver tasks: 0

GcsAutoscalerStateManager: 
- last_seen_autoscaler_state_version_: 0
- last_cluster_resource_state_version_: 0
- pending demands:



[2026-01-08 10:00:00,500 I 61430 61430] (gcs_server) gcs_server.cc:957: Main service Event stats:


Global stats: 32 total (13 active)
Queueing time: mean = 277.28ms, max = 2214.88ms, min = 0.00ms, total = 8872.93ms
Execution time:  mean = 138.47ms, total = 4430.99ms
Event stats:
	GcsInMemoryStore.Put - 9 total (6 active), Execution time: mean = 245.96ms, total = 2213.61ms, Queueing time: mean = 246.00ms, max = 2213.78ms, min = 0.02ms, total = 2214.03ms
	PeriodicalRunner.RunFnPeriodically - 5 total (2 active, 1 running), Execution time: mean = 0.06ms, total = 0.29ms, Queueing time: mean = 886.20ms, max = 2214.88ms, min = 1.51ms, total = 4431.01ms
	GcsInMemoryStore.GetAll - 5 total (0 active), Execution time: mean = 0.03ms, total = 0.16ms, Queueing time: mean = 0.21ms, max = 0.23ms, min = 0.18ms, total = 1.06ms
	event_loop_lag_probe - 2 total (0 active), Execution time: mean = 0.01ms, total = 0.03ms, Queueing time: mean = 7.75ms, max = 15.19ms, min = 0.30ms, total = 15.49ms
	MetricsAgentClient.WaitForServerReadyWithRetry - 1 total (1 active), Execution time: mean = 0.00ms, total = 0.00ms, Queueing time: mean = 0.00ms, max = -0.00ms, min = 9223372036854.78ms, total = 0.00ms
	GCSServer.deadline_timer.metrics_report - 1 total (1 active), Execution time: mean = 0.00ms, total = 0.00ms, Queueing time: mean = 0.00ms, max = -0.00ms, min = 9223372036854.78ms, total = 0.00ms
	ReporterService.grpc_client.HealthCheck.OnReplyReceived - 1 total (0 active), Execution time: mean = 0.08ms, total = 0.08ms, Queueing time: mean = 2210.34ms, max = 2210.34ms, min = 2210.34ms, total = 2210.34ms
	ClusterResourceManager.ResetRemoteNodeView - 1 total (1 active), Execution time: mean = 0.00ms, total = 0.00ms, Queueing time: mean = 0.00ms, max = -0.00ms, min = 9223372036854.78ms, total = 0.00ms
	NodeInfoGcsService.grpc_server.GetClusterId - 1 total (1 active), Execution time: mean = 0.00ms, total = 0.00ms, Queueing time: mean = 0.00ms, max = -0.00ms, min = 9223372036854.78ms, total = 0.00ms
	GcsInitData::AsyncLoad - 1 total (0 active), Execution time: mean = 0.03ms, total = 0.03ms, Queueing time: mean = 0.00ms, max = 0.00ms, min = 0.00ms, total = 0.00ms
	GcsServer.GetOrGenerateClusterId.continuation - 1 total (0 active), Execution time: mean = 2213.54ms, total = 2213.54ms, Queueing time: mean = 0.00ms, max = 0.00ms, min = 0.00ms, total = 0.00ms
	GcsInMemoryStore.Get - 1 total (0 active), Execution time: mean = 0.06ms, total = 0.06ms, Queueing time: mean = 0.08ms, max = 0.08ms, min = 0.08ms, total = 0.08ms
	ReporterService.grpc_client.HealthCheck - 1 total (0 active), Execution time: mean = 1.89ms, total = 1.89ms, Queueing time: mean = 0.00ms, max = -0.00ms, min = 9223372036854.78ms, total = 0.00ms
	RayletLoadPulled - 1 total (1 active), Execution time: mean = 0.00ms, total = 0.00ms, Queueing time: mean = 0.00ms, max = -0.00ms, min = 9223372036854.78ms, total = 0.00ms
	NodeInfoGcsService.grpc_server.GetClusterId.HandleRequestImpl - 1 total (0 active), Execution time: mean = 1.30ms, total = 1.30ms, Queueing time: mean = 0.92ms, max = 0.92ms, min = 0.92ms, total = 0.92ms


[2026-01-08 10:00:00,500 I 61430 61430] (gcs_server) gcs_server.cc:961: task_io_context Event stats:


Global stats: 4 total (1 active)
Queueing time: mean = 0.18ms, max = 0.50ms, min = 0.02ms, total = 0.74ms
Execution time:  mean = 0.08ms, total = 0.31ms
Event stats:
	event_loop_lag_probe - 2 total (0 active), Execution time: mean = 0.15ms, total = 0.30ms, Queueing time: mean = 0.36ms, max = 0.50ms, min = 0.22ms, total = 0.71ms
	PeriodicalRunner.RunFnPeriodically - 1 total (0 active), Execution time: mean = 0.02ms, total = 0.02ms, Queueing time: mean = 0.02ms, max = 0.02ms, min = 0.02ms, total = 0.02ms
	GcsTaskManager.GcJobSummary - 1 total (1 active), Execution time: mean = 0.00ms, total = 0.00ms, Queueing time: mean = 0.00ms, max = -0.00ms, min = 9223372036854.78ms, total = 0.00ms


[2026-01-08 10:00:00,500 I 61430 61430] (gcs_server) gcs_server.cc:961: pubsub_io_context Event stats:


Global stats: 4 total (1 active)
Queueing time: mean = 0.15ms, max = 0.49ms, min = 0.04ms, total = 0.62ms
Execution time:  mean = 0.09ms, total = 0.35ms
Event stats:
	event_loop_lag_probe - 2 total (0 active), Execution time: mean = 0.16ms, total = 0.33ms, Queueing time: mean = 0.29ms, max = 0.49ms, min = 0.09ms, total = 0.58ms
	PeriodicalRunner.RunFnPeriodically - 1 total (0 active), Execution time: mean = 0.02ms, total = 0.02ms, Queueing time: mean = 0.04ms, max = 0.04ms, min = 0.04ms, total = 0.04ms
	Publisher.CheckDeadSubscribers - 1 total (1 active), Execution time: mean = 0.00ms, total = 0.00ms, Queueing time: mean = 0.00ms, max = -0.00ms, min = 9223372036854.78ms, total = 0.00ms


[2026-01-08 10:00:00,500 I 61430 61430] (gcs_server) gcs_server.cc:961: ray_syncer_io_context Event stats:


Global stats: 4 total (0 active)
Queueing time: mean = 0.18ms, max = 0.59ms, min = 0.02ms, total = 0.72ms
Execution time:  mean = 0.07ms, total = 0.30ms
Event stats:
	RaySyncerRegister - 2 total (0 active), Execution time: mean = 0.00ms, total = 0.00ms, Queueing time: mean = 0.02ms, max = 0.02ms, min = 0.02ms, total = 0.04ms
	event_loop_lag_probe - 2 total (0 active), Execution time: mean = 0.15ms, total = 0.29ms, Queueing time: mean = 0.34ms, max = 0.59ms, min = 0.09ms, total = 0.68ms


[2026-01-08 10:00:00,500 I 61430 61430] (gcs_server) gcs_server.cc:961: ray_event_io_context Event stats:


Global stats: 2 total (0 active)
Queueing time: mean = 0.32ms, max = 0.60ms, min = 0.04ms, total = 0.65ms
Execution time:  mean = 0.11ms, total = 0.22ms
Event stats:
	event_loop_lag_probe - 2 total (0 active), Execution time: mean = 0.11ms, total = 0.22ms, Queueing time: mean = 0.32ms, max = 0.60ms, min = 0.04ms, total = 0.65ms


[2026-01-08 10:00:01,953 I 61430 61430] (gcs_server) gcs_node_manager.cc:106: Registering new node. node_id=acd79457ef832ac9959afa3685275ab484f77dfe4329c7e545378951 node_name=192.168.88.6 node_address=192.168.88.6
[2026-01-08 10:00:03,970 I 61430 61430] (gcs_server) gcs_job_manager.cc:116: Registering job. job_id=01000000 driver_pid=61360
[2026-01-08 10:00:14,676 I 61430 61430] (gcs_server) gcs_placement_group_manager.cc:360: Registering placement group, placement group id = df3921446bfab0882df4de3ce62a01000000, name = global_poolverl_group_2:0, strategy = 2
[2026-01-08 10:00:14,676 I 61430 61430] (gcs_server) gcs_placement_group_manager.cc:364: Finished registering placement group, placement group id = df3921446bfab0882df4de3ce62a01000000, name = global_poolverl_group_2:0, strategy = 2
[2026-01-08 10:00:30,509 E 61430 61430] (gcs_server) gcs_server.cc:303: Failed to establish connection to the event+metrics exporter agent. Events and metrics will not be exported. Exporter agent status: RpcError: Running out of retries to initialize the metrics agent. rpc_code: 14
[2026-01-08 10:01:00,501 I 61430 61430] (gcs_server) gcs_server.cc:943: Gcs Debug state:

GcsNodeManager: 
- RegisterNode request count: 1
- DrainNode request count: 0
- GetAllNodeInfo request count: 230

GcsActorManager: 
- RegisterActor request count: 0
- CreateActor request count: 0
- GetActorInfo request count: 0
- GetNamedActorInfo request count: 0
- GetAllActorInfo request count: 0
- KillActor request count: 0
- ListNamedActors request count: 0
- Registered actors count: 0
- Destroyed actors count: 0
- Named actors count: 0
- Unresolved actors count: 0
- Pending actors count: 0
- Created actors count: 0
- owners_: 0
- actor_to_register_callbacks_: 0
- actor_to_restart_for_lineage_reconstruction_callbacks_: 0
- actor_to_create_callbacks_: 0
- sorted_destroyed_actor_list_: 0

GcsResourceManager: 
- GetAllAvailableResources request count: 0
- GetAllTotalResources request count: 0
- GetAllResourceUsage request count: 12

GcsPlacementGroupManager: 
- CreatePlacementGroup request count: 1
- RemovePlacementGroup request count: 0
- GetPlacementGroup request count: 1
- GetAllPlacementGroup request count: 0
- WaitPlacementGroupUntilReady request count: 0
- GetNamedPlacementGroup request count: 0
- Scheduling pending placement group count: 1
- Registered placement groups count: 1
- Named placement group count: 1
- Pending placement groups count: 0
- Infeasible placement groups count: 1

Publisher:
GCS_JOB_CHANNEL
- cumulative published messages: 1
- cumulative published bytes: 1991
- current buffered bytes: 1991
GCS_WORKER_DELTA_CHANNEL
- cumulative published messages: 1
- cumulative published bytes: 96
- current buffered bytes: 96
GCS_NODE_INFO_CHANNEL
- cumulative published messages: 1
- cumulative published bytes: 505
- current buffered bytes: 0
RAY_LOG_CHANNEL
- cumulative published messages: 137
- cumulative published bytes: 58008
- current buffered bytes: 905
GCS_NODE_ADDRESS_AND_LIVENESS_CHANNEL
- cumulative published messages: 1
- cumulative published bytes: 90
- current buffered bytes: 0

[runtime env manager] ID to URIs table:
[runtime env manager] URIs reference table:

GcsTaskManager: 
-Total num task events reported: 7
-Total num status task events dropped: 0
-Total num profile events dropped: 0
-Current num of task events stored: 3
-Total num of actor creation tasks: 0
-Total num of actor tasks: 0
-Total num of normal tasks: 2
-Total num of driver tasks: 1

GcsAutoscalerStateManager: 
- last_seen_autoscaler_state_version_: 0
- last_cluster_resource_state_version_: 12
- pending demands:
	{bundle_group_df3921446bfab0882df4de3ce62a01000000: 0.001, label_selectors: [{}, ]} * 1



[2026-01-08 10:01:00,502 I 61430 61430] (gcs_server) gcs_server.cc:957: Main service Event stats:


Global stats: 2469 total (5 active)
Queueing time: mean = 15.82ms, max = 2214.88ms, min = 0.00ms, total = 39057.96ms
Execution time:  mean = 2.03ms, total = 5018.31ms
Event stats:
	GcsInMemoryStore.Get - 259 total (0 active), Execution time: mean = 0.03ms, total = 6.80ms, Queueing time: mean = 0.11ms, max = 1.69ms, min = 0.01ms, total = 27.60ms
	InternalKVGcsService.grpc_server.InternalKVGet.HandleRequestImpl - 257 total (0 active), Execution time: mean = 0.07ms, total = 17.31ms, Queueing time: mean = 0.12ms, max = 1.88ms, min = 0.00ms, total = 31.47ms
	InternalKVGcsService.grpc_server.InternalKVGet - 257 total (0 active), Execution time: mean = 0.52ms, total = 133.21ms, Queueing time: mean = 0.00ms, max = -0.00ms, min = 9223372036854.78ms, total = 0.00ms
	GcsInMemoryStore.Put - 234 total (0 active), Execution time: mean = 9.47ms, total = 2216.87ms, Queueing time: mean = 9.66ms, max = 2213.78ms, min = 0.01ms, total = 2260.17ms
	NodeInfoGcsService.grpc_server.GetClusterId - 117 total (0 active), Execution time: mean = 0.38ms, total = 44.84ms, Queueing time: mean = 0.00ms, max = -0.00ms, min = 9223372036854.78ms, total = 0.00ms
	NodeInfoGcsService.grpc_server.GetClusterId.HandleRequestImpl - 117 total (0 active), Execution time: mean = 0.03ms, total = 2.97ms, Queueing time: mean = 0.11ms, max = 4.63ms, min = 0.01ms, total = 12.82ms
	NodeInfoGcsService.grpc_server.GetAllNodeAddressAndLiveness.HandleRequestImpl - 115 total (0 active), Execution time: mean = 0.01ms, total = 1.58ms, Queueing time: mean = 0.19ms, max = 1.64ms, min = 0.01ms, total = 22.20ms
	NodeInfoGcsService.grpc_server.GetAllNodeInfo - 115 total (0 active), Execution time: mean = 0.23ms, total = 26.14ms, Queueing time: mean = 0.00ms, max = -0.00ms, min = 9223372036854.78ms, total = 0.00ms
	NodeInfoGcsService.grpc_server.GetAllNodeInfo.HandleRequestImpl - 115 total (0 active), Execution time: mean = 0.02ms, total = 2.68ms, Queueing time: mean = 0.04ms, max = 1.40ms, min = 0.01ms, total = 4.21ms
	NodeInfoGcsService.grpc_server.GetAllNodeAddressAndLiveness - 115 total (0 active), Execution time: mean = 0.38ms, total = 43.91ms, Queueing time: mean = 0.00ms, max = -0.00ms, min = 9223372036854.78ms, total = 0.00ms
	WorkerInfoGcsService.grpc_server.AddWorkerInfo - 114 total (0 active), Execution time: mean = 0.71ms, total = 80.74ms, Queueing time: mean = 0.00ms, max = -0.00ms, min = 9223372036854.78ms, total = 0.00ms
	WorkerInfoGcsService.grpc_server.AddWorkerInfo.HandleRequestImpl - 114 total (0 active), Execution time: mean = 0.04ms, total = 4.93ms, Queueing time: mean = 0.22ms, max = 4.35ms, min = 0.01ms, total = 25.16ms
	RayletLoadPulled - 60 total (1 active), Execution time: mean = 0.23ms, total = 13.52ms, Queueing time: mean = 0.04ms, max = 0.35ms, min = 0.01ms, total = 2.11ms
	NodeManagerService.grpc_client.GetResourceLoad.OnReplyReceived - 58 total (0 active), Execution time: mean = 0.06ms, total = 3.40ms, Queueing time: mean = 0.03ms, max = 0.21ms, min = 0.01ms, total = 1.85ms
	NodeManagerService.grpc_client.GetResourceLoad - 58 total (0 active), Execution time: mean = 2.39ms, total = 138.36ms, Queueing time: mean = 0.00ms, max = -0.00ms, min = 9223372036854.78ms, total = 0.00ms
	InternalKVGcsService.grpc_server.InternalKVPut - 41 total (0 active), Execution time: mean = 0.35ms, total = 14.49ms, Queueing time: mean = 0.00ms, max = -0.00ms, min = 9223372036854.78ms, total = 0.00ms
	InternalKVGcsService.grpc_server.InternalKVPut.HandleRequestImpl - 41 total (0 active), Execution time: mean = 0.07ms, total = 2.99ms, Queueing time: mean = 0.02ms, max = 0.04ms, min = 0.01ms, total = 0.74ms
	ReporterService.grpc_client.HealthCheck.OnReplyReceived - 31 total (0 active), Execution time: mean = 0.07ms, total = 2.17ms, Queueing time: mean = 71.33ms, max = 2210.34ms, min = 0.01ms, total = 2211.30ms
	ReporterService.grpc_client.HealthCheck - 31 total (0 active), Execution time: mean = 0.37ms, total = 11.55ms, Queueing time: mean = 0.00ms, max = -0.00ms, min = 9223372036854.78ms, total = 0.00ms
	MetricsAgentClient.WaitForServerReadyWithRetry - 30 total (0 active), Execution time: mean = 0.21ms, total = 6.26ms, Queueing time: mean = 1000.06ms, max = 1001.00ms, min = 1000.01ms, total = 30001.75ms
	ClusterResourceManager.ResetRemoteNodeView - 21 total (1 active), Execution time: mean = 0.01ms, total = 0.21ms, Queueing time: mean = 0.03ms, max = 0.05ms, min = 0.02ms, total = 0.73ms
	HealthCheck - 18 total (0 active), Execution time: mean = 0.01ms, total = 0.12ms, Queueing time: mean = 0.02ms, max = 0.03ms, min = 0.01ms, total = 0.44ms
	NodeInfoGcsService.grpc_server.CheckAlive - 13 total (0 active), Execution time: mean = 0.29ms, total = 3.72ms, Queueing time: mean = 0.00ms, max = -0.00ms, min = 9223372036854.78ms, total = 0.00ms
	NodeInfoGcsService.grpc_server.CheckAlive.HandleRequestImpl - 13 total (0 active), Execution time: mean = 0.02ms, total = 0.28ms, Queueing time: mean = 0.03ms, max = 0.05ms, min = 0.02ms, total = 0.38ms
	GCSServer.deadline_timer.metrics_report - 12 total (1 active), Execution time: mean = 0.26ms, total = 3.13ms, Queueing time: mean = 0.03ms, max = 0.04ms, min = 0.02ms, total = 0.32ms
	AutoscalerStateService.grpc_server.GetClusterResourceState - 12 total (0 active), Execution time: mean = 0.33ms, total = 3.95ms, Queueing time: mean = 0.00ms, max = -0.00ms, min = 9223372036854.78ms, total = 0.00ms
	NodeResourceInfoGcsService.grpc_server.GetAllResourceUsage.HandleRequestImpl - 12 total (0 active), Execution time: mean = 0.10ms, total = 1.23ms, Queueing time: mean = 0.03ms, max = 0.04ms, min = 0.02ms, total = 0.36ms
	AutoscalerStateService.grpc_server.GetClusterResourceState.HandleRequestImpl - 12 total (0 active), Execution time: mean = 0.07ms, total = 0.79ms, Queueing time: mean = 0.02ms, max = 0.03ms, min = 0.01ms, total = 0.23ms
	NodeResourceInfoGcsService.grpc_server.GetAllResourceUsage - 12 total (0 active), Execution time: mean = 0.42ms, total = 5.08ms, Queueing time: mean = 0.00ms, max = -0.00ms, min = 9223372036854.78ms, total = 0.00ms
	event_loop_lag_probe - 8 total (0 active), Execution time: mean = 0.01ms, total = 0.11ms, Queueing time: mean = 1.94ms, max = 15.19ms, min = 0.01ms, total = 15.54ms
	GCSServer.deadline_timer.gcs_global_gc - 6 total (1 active), Execution time: mean = 0.01ms, total = 0.04ms, Queueing time: mean = 0.09ms, max = 0.40ms, min = 0.02ms, total = 0.53ms
	GcsInMemoryStore.GetAll - 6 total (0 active), Execution time: mean = 0.03ms, total = 0.21ms, Queueing time: mean = 0.18ms, max = 0.23ms, min = 0.03ms, total = 1.09ms
	PeriodicalRunner.RunFnPeriodically - 5 total (0 active), Execution time: mean = 0.42ms, total = 2.09ms, Queueing time: mean = 887.28ms, max = 2214.88ms, min = 1.51ms, total = 4436.41ms
	GcsResourceManager::Update - 4 total (0 active), Execution time: mean = 0.08ms, total = 0.30ms, Queueing time: mean = 0.01ms, max = 0.02ms, min = 0.01ms, total = 0.06ms
	GcsHealthCheckManager::MarkNodeHealthy - 4 total (0 active), Execution time: mean = 0.00ms, total = 0.01ms, Queueing time: mean = 0.02ms, max = 0.02ms, min = 0.02ms, total = 0.08ms
	InternalKVGcsService.grpc_server.InternalKVExists.HandleRequestImpl - 2 total (0 active), Execution time: mean = 0.09ms, total = 0.19ms, Queueing time: mean = 0.02ms, max = 0.02ms, min = 0.01ms, total = 0.03ms
	InternalKVGcsService.grpc_server.InternalKVExists - 2 total (0 active), Execution time: mean = 0.36ms, total = 0.73ms, Queueing time: mean = 0.00ms, max = -0.00ms, min = 9223372036854.78ms, total = 0.00ms
	GcsInMemoryStore.Exists - 2 total (0 active), Execution time: mean = 0.02ms, total = 0.05ms, Queueing time: mean = 0.02ms, max = 0.02ms, min = 0.01ms, total = 0.03ms
	JobInfoGcsService.grpc_server.GetNextJobID.HandleRequestImpl - 1 total (0 active), Execution time: mean = 0.02ms, total = 0.02ms, Queueing time: mean = 0.02ms, max = 0.02ms, min = 0.02ms, total = 0.02ms
	InternalKVGcsService.grpc_server.InternalKVDel - 1 total (0 active), Execution time: mean = 0.68ms, total = 0.68ms, Queueing time: mean = 0.00ms, max = -0.00ms, min = 9223372036854.78ms, total = 0.00ms
	GcsHealthCheckManager::AddNode - 1 total (0 active), Execution time: mean = 0.02ms, total = 0.02ms, Queueing time: mean = 0.00ms, max = 0.00ms, min = 0.00ms, total = 0.00ms
	GcsInMemoryStore.Delete - 1 total (0 active), Execution time: mean = 0.03ms, total = 0.03ms, Queueing time: mean = 0.02ms, max = 0.02ms, min = 0.02ms, total = 0.02ms
	GcsServer.GetOrGenerateClusterId.continuation - 1 total (0 active), Execution time: mean = 2213.54ms, total = 2213.54ms, Queueing time: mean = 0.00ms, max = 0.00ms, min = 0.00ms, total = 0.00ms
	JobInfoGcsService.grpc_server.GetAllJobInfo.HandleRequestImpl - 1 total (0 active), Execution time: mean = 0.05ms, total = 0.05ms, Queueing time: mean = 0.02ms, max = 0.02ms, min = 0.02ms, total = 0.02ms
	JobInfoGcsService.grpc_server.GetNextJobID - 1 total (0 active), Execution time: mean = 0.26ms, total = 0.26ms, Queueing time: mean = 0.00ms, max = -0.00ms, min = 9223372036854.78ms, total = 0.00ms
	GcsPlacementGroupManager.SchedulePendingPlacementGroups - 1 total (0 active), Execution time: mean = 0.00ms, total = 0.00ms, Queueing time: mean = 0.02ms, max = 0.02ms, min = 0.02ms, total = 0.02ms
	PlacementGroupInfoGcsService.grpc_server.CreatePlacementGroup.HandleRequestImpl - 1 total (0 active), Execution time: mean = 0.17ms, total = 0.17ms, Queueing time: mean = 0.03ms, max = 0.03ms, min = 0.03ms, total = 0.03ms
	JobInfoGcsService.grpc_server.AddJob.HandleRequestImpl - 1 total (0 active), Execution time: mean = 0.17ms, total = 0.17ms, Queueing time: mean = 0.02ms, max = 0.02ms, min = 0.02ms, total = 0.02ms
	NodeInfoGcsService.grpc_server.RegisterNode.HandleRequestImpl - 1 total (0 active), Execution time: mean = 0.18ms, total = 0.18ms, Queueing time: mean = 0.02ms, max = 0.02ms, min = 0.02ms, total = 0.02ms
	JobInfoGcsService.grpc_server.AddJob - 1 total (0 active), Execution time: mean = 0.46ms, total = 0.46ms, Queueing time: mean = 0.00ms, max = -0.00ms, min = 9223372036854.78ms, total = 0.00ms
	JobInfoGcsService.grpc_server.GetAllJobInfo - 1 total (0 active), Execution time: mean = 0.37ms, total = 0.37ms, Queueing time: mean = 0.00ms, max = -0.00ms, min = 9223372036854.78ms, total = 0.00ms
	PlacementGroupInfoGcsService.grpc_server.GetPlacementGroup - 1 total (0 active), Execution time: mean = 0.33ms, total = 0.33ms, Queueing time: mean = 0.00ms, max = -0.00ms, min = 9223372036854.78ms, total = 0.00ms
	PlacementGroupInfoGcsService.grpc_server.CreatePlacementGroup - 1 total (0 active), Execution time: mean = 0.45ms, total = 0.45ms, Queueing time: mean = 0.00ms, max = -0.00ms, min = 9223372036854.78ms, total = 0.00ms
	GCSServer.deadline_timer.debug_state_event_stats_print - 1 total (1 active, 1 running), Execution time: mean = 0.00ms, total = 0.00ms, Queueing time: mean = 0.00ms, max = -0.00ms, min = 9223372036854.78ms, total = 0.00ms
	InternalKVGcsService.grpc_server.GetInternalConfig.HandleRequestImpl - 1 total (0 active), Execution time: mean = 0.15ms, total = 0.15ms, Queueing time: mean = 0.03ms, max = 0.03ms, min = 0.03ms, total = 0.03ms
	InternalKVGcsService.grpc_server.InternalKVDel.HandleRequestImpl - 1 total (0 active), Execution time: mean = 0.09ms, total = 0.09ms, Queueing time: mean = 0.02ms, max = 0.02ms, min = 0.02ms, total = 0.02ms
	GcsInitData::AsyncLoad - 1 total (0 active), Execution time: mean = 0.03ms, total = 0.03ms, Queueing time: mean = 0.00ms, max = 0.00ms, min = 0.00ms, total = 0.00ms
	WorkerInfoGcsService.grpc_server.ReportWorkerFailure - 1 total (0 active), Execution time: mean = 2.65ms, total = 2.65ms, Queueing time: mean = 0.00ms, max = -0.00ms, min = 9223372036854.78ms, total = 0.00ms
	NodeInfoGcsService.grpc_server.RegisterNode - 1 total (0 active), Execution time: mean = 0.60ms, total = 0.60ms, Queueing time: mean = 0.00ms, max = -0.00ms, min = 9223372036854.78ms, total = 0.00ms
	NodeManager.AddNodeCallback - 1 total (0 active), Execution time: mean = 0.42ms, total = 0.42ms, Queueing time: mean = 0.08ms, max = 0.08ms, min = 0.08ms, total = 0.08ms
	GcsInMemoryStore.GetNextJobID - 1 total (0 active), Execution time: mean = 0.02ms, total = 0.02ms, Queueing time: mean = 0.02ms, max = 0.02ms, min = 0.02ms, total = 0.02ms
	InternalKVGcsService.grpc_server.GetInternalConfig - 1 total (0 active), Execution time: mean = 0.59ms, total = 0.59ms, Queueing time: mean = 0.00ms, max = -0.00ms, min = 9223372036854.78ms, total = 0.00ms
	PlacementGroupInfoGcsService.grpc_server.GetPlacementGroup.HandleRequestImpl - 1 total (0 active), Execution time: mean = 0.05ms, total = 0.05ms, Queueing time: mean = 0.03ms, max = 0.03ms, min = 0.03ms, total = 0.03ms
	WorkerInfoGcsService.grpc_server.ReportWorkerFailure.HandleRequestImpl - 1 total (0 active), Execution time: mean = 0.05ms, total = 0.05ms, Queueing time: mean = 0.02ms, max = 0.02ms, min = 0.02ms, total = 0.02ms


[2026-01-08 10:01:00,502 I 61430 61430] (gcs_server) gcs_server.cc:961: task_io_context Event stats:


Global stats: 13042 total (1 active)
Queueing time: mean = 0.01ms, max = 4.47ms, min = 0.01ms, total = 174.28ms
Execution time:  mean = 0.14ms, total = 1783.56ms
Event stats:
	TaskInfoGcsService.grpc_server.AddTaskEventData - 6510 total (0 active), Execution time: mean = 0.26ms, total = 1713.49ms, Queueing time: mean = 0.00ms, max = -0.00ms, min = 9223372036854.78ms, total = 0.00ms
	TaskInfoGcsService.grpc_server.AddTaskEventData.HandleRequestImpl - 6510 total (0 active), Execution time: mean = 0.01ms, total = 69.54ms, Queueing time: mean = 0.03ms, max = 4.47ms, min = 0.01ms, total = 173.10ms
	GcsTaskManager.GcJobSummary - 13 total (1 active), Execution time: mean = 0.01ms, total = 0.12ms, Queueing time: mean = 0.03ms, max = 0.04ms, min = 0.02ms, total = 0.38ms
	event_loop_lag_probe - 8 total (0 active), Execution time: mean = 0.05ms, total = 0.39ms, Queueing time: mean = 0.10ms, max = 0.50ms, min = 0.01ms, total = 0.78ms
	PeriodicalRunner.RunFnPeriodically - 1 total (0 active), Execution time: mean = 0.02ms, total = 0.02ms, Queueing time: mean = 0.02ms, max = 0.02ms, min = 0.02ms, total = 0.02ms


[2026-01-08 10:01:00,502 I 61430 61430] (gcs_server) gcs_server.cc:961: pubsub_io_context Event stats:


Global stats: 1019 total (117 active)
Queueing time: mean = 0.06ms, max = 4.45ms, min = 0.00ms, total = 60.68ms
Execution time:  mean = 55.60ms, total = 56653.55ms
Event stats:
	InternalPubSubGcsService.grpc_server.GcsSubscriberPoll - 249 total (116 active), Execution time: mean = 226.98ms, total = 56516.78ms, Queueing time: mean = 0.00ms, max = -0.00ms, min = 9223372036854.78ms, total = 0.00ms
	InternalPubSubGcsService.grpc_server.GcsSubscriberPoll.HandleRequestImpl - 249 total (0 active), Execution time: mean = 0.06ms, total = 14.11ms, Queueing time: mean = 0.14ms, max = 4.45ms, min = 0.00ms, total = 33.65ms
	InternalPubSubGcsService.grpc_server.GcsPublish - 137 total (0 active), Execution time: mean = 0.32ms, total = 43.72ms, Queueing time: mean = 0.00ms, max = -0.00ms, min = 9223372036854.78ms, total = 0.00ms
	InternalPubSubGcsService.grpc_server.GcsPublish.HandleRequestImpl - 137 total (0 active), Execution time: mean = 0.08ms, total = 11.12ms, Queueing time: mean = 0.03ms, max = 0.13ms, min = 0.01ms, total = 3.55ms
	InternalPubSubGcsService.grpc_server.GcsSubscriberCommandBatch.HandleRequestImpl - 118 total (0 active), Execution time: mean = 0.08ms, total = 10.02ms, Queueing time: mean = 0.19ms, max = 4.39ms, min = 0.01ms, total = 22.78ms
	InternalPubSubGcsService.grpc_server.GcsSubscriberCommandBatch - 118 total (0 active), Execution time: mean = 0.49ms, total = 57.29ms, Queueing time: mean = 0.00ms, max = -0.00ms, min = 9223372036854.78ms, total = 0.00ms
	event_loop_lag_probe - 8 total (0 active), Execution time: mean = 0.06ms, total = 0.46ms, Queueing time: mean = 0.08ms, max = 0.49ms, min = 0.00ms, total = 0.63ms
	Publisher.CheckDeadSubscribers - 1 total (1 active), Execution time: mean = 0.00ms, total = 0.00ms, Queueing time: mean = 0.00ms, max = -0.00ms, min = 9223372036854.78ms, total = 0.00ms
	PeriodicalRunner.RunFnPeriodically - 1 total (0 active), Execution time: mean = 0.02ms, total = 0.02ms, Queueing time: mean = 0.04ms, max = 0.04ms, min = 0.04ms, total = 0.04ms
	RemoveSubscriberFrom - 1 total (0 active), Execution time: mean = 0.02ms, total = 0.02ms, Queueing time: mean = 0.03ms, max = 0.03ms, min = 0.03ms, total = 0.03ms


[2026-01-08 10:01:00,502 I 61430 61430] (gcs_server) gcs_server.cc:961: ray_syncer_io_context Event stats:


Global stats: 18 total (0 active)
Queueing time: mean = 0.05ms, max = 0.59ms, min = 0.00ms, total = 0.90ms
Execution time:  mean = 0.07ms, total = 1.32ms
Event stats:
	event_loop_lag_probe - 8 total (0 active), Execution time: mean = 0.05ms, total = 0.39ms, Queueing time: mean = 0.09ms, max = 0.59ms, min = 0.01ms, total = 0.72ms
	 - 4 total (0 active), Execution time: mean = 0.20ms, total = 0.81ms, Queueing time: mean = 0.03ms, max = 0.05ms, min = 0.02ms, total = 0.13ms
	RaySyncer.BroadcastMessage - 4 total (0 active), Execution time: mean = 0.03ms, total = 0.12ms, Queueing time: mean = 0.00ms, max = 0.00ms, min = 0.00ms, total = 0.00ms
	RaySyncerRegister - 2 total (0 active), Execution time: mean = 0.00ms, total = 0.00ms, Queueing time: mean = 0.02ms, max = 0.02ms, min = 0.02ms, total = 0.04ms


[2026-01-08 10:01:00,502 I 61430 61430] (gcs_server) gcs_server.cc:961: ray_event_io_context Event stats:


Global stats: 8 total (0 active)
Queueing time: mean = 0.09ms, max = 0.60ms, min = 0.01ms, total = 0.70ms
Execution time:  mean = 0.04ms, total = 0.32ms
Event stats:
	event_loop_lag_probe - 8 total (0 active), Execution time: mean = 0.04ms, total = 0.32ms, Queueing time: mean = 0.09ms, max = 0.60ms, min = 0.01ms, total = 0.70ms


