[2026-01-08 10:46:13,914 I 240560 240560] (gcs_server) gcs_server_main.cc:90: Ray cluster metadata ray_version=2.53.0 ray_commit=0de211850589aea71f842873bc32574c702ab492
[2026-01-08 10:46:13,916 I 240560 240560] (gcs_server) event.cc:499: Ray Event initialized for GCS
[2026-01-08 10:46:13,917 I 240560 240560] (gcs_server) event.cc:499: Ray Event initialized for EXPORT_NODE
[2026-01-08 10:46:13,917 I 240560 240560] (gcs_server) event.cc:499: Ray Event initialized for EXPORT_ACTOR
[2026-01-08 10:46:13,917 I 240560 240560] (gcs_server) event.cc:499: Ray Event initialized for EXPORT_DRIVER_JOB
[2026-01-08 10:46:13,917 I 240560 240560] (gcs_server) event.cc:332: Set ray event level to warning
[2026-01-08 10:46:13,923 I 240560 240560] (gcs_server) event_aggregator_client.h:50: Initiating the local event aggregator client with port: 42979
[2026-01-08 10:46:13,928 I 240560 240560] (gcs_server) gcs_server.cc:150: GCS storage type is StorageType::IN_MEMORY
[2026-01-08 10:46:13,929 I 240560 240560] (gcs_server) gcs_init_data.cc:46: Loading job table data.
[2026-01-08 10:46:13,929 I 240560 240560] (gcs_server) gcs_init_data.cc:56: Loading node table data.
[2026-01-08 10:46:13,929 I 240560 240560] (gcs_server) gcs_init_data.cc:76: Loading actor table data.
[2026-01-08 10:46:13,929 I 240560 240560] (gcs_server) gcs_init_data.cc:87: Loading actor task spec table data.
[2026-01-08 10:46:13,929 I 240560 240560] (gcs_server) gcs_init_data.cc:66: Loading placement group table data.
[2026-01-08 10:46:13,929 I 240560 240560] (gcs_server) gcs_init_data.cc:50: Finished loading job table data, size = 0
[2026-01-08 10:46:13,929 I 240560 240560] (gcs_server) gcs_init_data.cc:60: Finished loading node table data, size = 0
[2026-01-08 10:46:13,929 I 240560 240560] (gcs_server) gcs_init_data.cc:81: Finished loading actor table data, size = 0
[2026-01-08 10:46:13,929 I 240560 240560] (gcs_server) gcs_init_data.cc:91: Finished loading actor task spec table data, size = 0
[2026-01-08 10:46:13,929 I 240560 240560] (gcs_server) gcs_init_data.cc:70: Finished loading placement group table data, size = 0
[2026-01-08 10:46:13,929 I 240560 240560] (gcs_server) gcs_server.cc:241: Generated new cluster ID. cluster_id=8fd5d1c9fe97eb342430d07b27fcd02f14981cf17c0c86a6121cd575
[2026-01-08 10:46:13,930 I 240560 240560] (gcs_server) gcs_server.cc:770: Autoscaler V2 enabled: 0
[2026-01-08 10:46:13,930 I 240560 240560] (gcs_server) metrics_agent_client.cc:45: Initializing exporter ...
[2026-01-08 10:46:13,931 I 240560 240560] (gcs_server) grpc_server.cc:143: GcsServer server started, listening on port 52443.
[2026-01-08 10:46:15,712 I 240560 240560] (gcs_server) gcs_server.cc:943: Gcs Debug state:

GcsNodeManager: 
- RegisterNode request count: 0
- DrainNode request count: 0
- GetAllNodeInfo request count: 0

GcsActorManager: 
- RegisterActor request count: 0
- CreateActor request count: 0
- GetActorInfo request count: 0
- GetNamedActorInfo request count: 0
- GetAllActorInfo request count: 0
- KillActor request count: 0
- ListNamedActors request count: 0
- Registered actors count: 0
- Destroyed actors count: 0
- Named actors count: 0
- Unresolved actors count: 0
- Pending actors count: 0
- Created actors count: 0
- owners_: 0
- actor_to_register_callbacks_: 0
- actor_to_restart_for_lineage_reconstruction_callbacks_: 0
- actor_to_create_callbacks_: 0
- sorted_destroyed_actor_list_: 0

GcsResourceManager: 
- GetAllAvailableResources request count: 0
- GetAllTotalResources request count: 0
- GetAllResourceUsage request count: 0

GcsPlacementGroupManager: 
- CreatePlacementGroup request count: 0
- RemovePlacementGroup request count: 0
- GetPlacementGroup request count: 0
- GetAllPlacementGroup request count: 0
- WaitPlacementGroupUntilReady request count: 0
- GetNamedPlacementGroup request count: 0
- Scheduling pending placement group count: 0
- Registered placement groups count: 0
- Named placement group count: 0
- Pending placement groups count: 0
- Infeasible placement groups count: 0

Publisher:

[runtime env manager] ID to URIs table:
[runtime env manager] URIs reference table:

GcsTaskManager: 
-Total num task events reported: 0
-Total num status task events dropped: 0
-Total num profile events dropped: 0
-Current num of task events stored: 0
-Total num of actor creation tasks: 0
-Total num of actor tasks: 0
-Total num of normal tasks: 0
-Total num of driver tasks: 0

GcsAutoscalerStateManager: 
- last_seen_autoscaler_state_version_: 0
- last_cluster_resource_state_version_: 0
- pending demands:



[2026-01-08 10:46:15,713 I 240560 240560] (gcs_server) gcs_server.cc:957: Main service Event stats:


Global stats: 32 total (13 active)
Queueing time: mean = 223.25ms, max = 1782.80ms, min = 0.00ms, total = 7144.04ms
Execution time:  mean = 111.42ms, total = 3565.36ms
Event stats:
	GcsInMemoryStore.Put - 9 total (6 active), Execution time: mean = 197.93ms, total = 1781.37ms, Queueing time: mean = 198.05ms, max = 1782.31ms, min = 0.01ms, total = 1782.41ms
	PeriodicalRunner.RunFnPeriodically - 5 total (2 active, 1 running), Execution time: mean = 0.06ms, total = 0.32ms, Queueing time: mean = 713.41ms, max = 1782.80ms, min = 1.57ms, total = 3567.05ms
	GcsInMemoryStore.GetAll - 5 total (0 active), Execution time: mean = 0.01ms, total = 0.07ms, Queueing time: mean = 0.09ms, max = 0.10ms, min = 0.07ms, total = 0.46ms
	event_loop_lag_probe - 2 total (0 active), Execution time: mean = 0.01ms, total = 0.01ms, Queueing time: mean = 6.63ms, max = 13.12ms, min = 0.13ms, total = 13.25ms
	ReporterService.grpc_client.HealthCheck - 1 total (0 active), Execution time: mean = 0.77ms, total = 0.77ms, Queueing time: mean = 0.00ms, max = -0.00ms, min = 9223372036854.78ms, total = 0.00ms
	ClusterResourceManager.ResetRemoteNodeView - 1 total (1 active), Execution time: mean = 0.00ms, total = 0.00ms, Queueing time: mean = 0.00ms, max = -0.00ms, min = 9223372036854.78ms, total = 0.00ms
	RayletLoadPulled - 1 total (1 active), Execution time: mean = 0.00ms, total = 0.00ms, Queueing time: mean = 0.00ms, max = -0.00ms, min = 9223372036854.78ms, total = 0.00ms
	GcsServer.GetOrGenerateClusterId.continuation - 1 total (0 active), Execution time: mean = 1781.33ms, total = 1781.33ms, Queueing time: mean = 0.00ms, max = 0.00ms, min = 0.00ms, total = 0.00ms
	NodeInfoGcsService.grpc_server.GetClusterId.HandleRequestImpl - 1 total (0 active), Execution time: mean = 1.36ms, total = 1.36ms, Queueing time: mean = 0.85ms, max = 0.85ms, min = 0.85ms, total = 0.85ms
	ReporterService.grpc_client.HealthCheck.OnReplyReceived - 1 total (0 active), Execution time: mean = 0.08ms, total = 0.08ms, Queueing time: mean = 1779.99ms, max = 1779.99ms, min = 1779.99ms, total = 1779.99ms
	GcsInMemoryStore.Get - 1 total (0 active), Execution time: mean = 0.02ms, total = 0.02ms, Queueing time: mean = 0.03ms, max = 0.03ms, min = 0.03ms, total = 0.03ms
	GcsInitData::AsyncLoad - 1 total (0 active), Execution time: mean = 0.01ms, total = 0.01ms, Queueing time: mean = 0.00ms, max = 0.00ms, min = 0.00ms, total = 0.00ms
	MetricsAgentClient.WaitForServerReadyWithRetry - 1 total (1 active), Execution time: mean = 0.00ms, total = 0.00ms, Queueing time: mean = 0.00ms, max = -0.00ms, min = 9223372036854.78ms, total = 0.00ms
	GCSServer.deadline_timer.metrics_report - 1 total (1 active), Execution time: mean = 0.00ms, total = 0.00ms, Queueing time: mean = 0.00ms, max = -0.00ms, min = 9223372036854.78ms, total = 0.00ms
	NodeInfoGcsService.grpc_server.GetClusterId - 1 total (1 active), Execution time: mean = 0.00ms, total = 0.00ms, Queueing time: mean = 0.00ms, max = -0.00ms, min = 9223372036854.78ms, total = 0.00ms


[2026-01-08 10:46:15,713 I 240560 240560] (gcs_server) gcs_server.cc:961: task_io_context Event stats:


Global stats: 4 total (1 active)
Queueing time: mean = 0.10ms, max = 0.31ms, min = 0.01ms, total = 0.41ms
Execution time:  mean = 0.07ms, total = 0.29ms
Event stats:
	event_loop_lag_probe - 2 total (0 active), Execution time: mean = 0.14ms, total = 0.28ms, Queueing time: mean = 0.20ms, max = 0.31ms, min = 0.09ms, total = 0.39ms
	PeriodicalRunner.RunFnPeriodically - 1 total (0 active), Execution time: mean = 0.01ms, total = 0.01ms, Queueing time: mean = 0.01ms, max = 0.01ms, min = 0.01ms, total = 0.01ms
	GcsTaskManager.GcJobSummary - 1 total (1 active), Execution time: mean = 0.00ms, total = 0.00ms, Queueing time: mean = 0.00ms, max = -0.00ms, min = 9223372036854.78ms, total = 0.00ms


[2026-01-08 10:46:15,713 I 240560 240560] (gcs_server) gcs_server.cc:961: pubsub_io_context Event stats:


Global stats: 4 total (1 active)
Queueing time: mean = 0.08ms, max = 0.26ms, min = 0.01ms, total = 0.31ms
Execution time:  mean = 0.06ms, total = 0.25ms
Event stats:
	event_loop_lag_probe - 2 total (0 active), Execution time: mean = 0.12ms, total = 0.24ms, Queueing time: mean = 0.15ms, max = 0.26ms, min = 0.03ms, total = 0.30ms
	PeriodicalRunner.RunFnPeriodically - 1 total (0 active), Execution time: mean = 0.01ms, total = 0.01ms, Queueing time: mean = 0.01ms, max = 0.01ms, min = 0.01ms, total = 0.01ms
	Publisher.CheckDeadSubscribers - 1 total (1 active), Execution time: mean = 0.00ms, total = 0.00ms, Queueing time: mean = 0.00ms, max = -0.00ms, min = 9223372036854.78ms, total = 0.00ms


[2026-01-08 10:46:15,713 I 240560 240560] (gcs_server) gcs_server.cc:961: ray_syncer_io_context Event stats:


Global stats: 4 total (0 active)
Queueing time: mean = 0.10ms, max = 0.33ms, min = 0.01ms, total = 0.40ms
Execution time:  mean = 0.06ms, total = 0.23ms
Event stats:
	event_loop_lag_probe - 2 total (0 active), Execution time: mean = 0.12ms, total = 0.23ms, Queueing time: mean = 0.18ms, max = 0.33ms, min = 0.04ms, total = 0.36ms
	RaySyncerRegister - 2 total (0 active), Execution time: mean = 0.00ms, total = 0.00ms, Queueing time: mean = 0.02ms, max = 0.02ms, min = 0.01ms, total = 0.04ms


[2026-01-08 10:46:15,713 I 240560 240560] (gcs_server) gcs_server.cc:961: ray_event_io_context Event stats:


Global stats: 2 total (0 active)
Queueing time: mean = 0.22ms, max = 0.38ms, min = 0.05ms, total = 0.43ms
Execution time:  mean = 0.11ms, total = 0.22ms
Event stats:
	event_loop_lag_probe - 2 total (0 active), Execution time: mean = 0.11ms, total = 0.22ms, Queueing time: mean = 0.22ms, max = 0.38ms, min = 0.05ms, total = 0.43ms


[2026-01-08 10:46:17,243 I 240560 240560] (gcs_server) gcs_node_manager.cc:106: Registering new node. node_id=b954ad344d3df71dc7bb91ad89faa2b259c94a6711960c2552e88628 node_name=192.168.88.6 node_address=192.168.88.6
[2026-01-08 10:46:20,070 I 240560 240560] (gcs_server) gcs_job_manager.cc:116: Registering job. job_id=01000000 driver_pid=240490
[2026-01-08 10:46:29,769 I 240560 240560] (gcs_server) gcs_placement_group_manager.cc:360: Registering placement group, placement group id = 26cbb36fc9da9731b206e33adecb01000000, name = global_poolverl_group_2:0, strategy = 2
[2026-01-08 10:46:29,769 I 240560 240560] (gcs_server) gcs_placement_group_manager.cc:364: Finished registering placement group, placement group id = 26cbb36fc9da9731b206e33adecb01000000, name = global_poolverl_group_2:0, strategy = 2
[2026-01-08 10:46:45,722 E 240560 240560] (gcs_server) gcs_server.cc:303: Failed to establish connection to the event+metrics exporter agent. Events and metrics will not be exported. Exporter agent status: RpcError: Running out of retries to initialize the metrics agent. rpc_code: 14
[2026-01-08 10:47:15,713 I 240560 240560] (gcs_server) gcs_server.cc:943: Gcs Debug state:

GcsNodeManager: 
- RegisterNode request count: 1
- DrainNode request count: 0
- GetAllNodeInfo request count: 231

GcsActorManager: 
- RegisterActor request count: 0
- CreateActor request count: 0
- GetActorInfo request count: 0
- GetNamedActorInfo request count: 0
- GetAllActorInfo request count: 0
- KillActor request count: 0
- ListNamedActors request count: 0
- Registered actors count: 0
- Destroyed actors count: 0
- Named actors count: 0
- Unresolved actors count: 0
- Pending actors count: 0
- Created actors count: 0
- owners_: 0
- actor_to_register_callbacks_: 0
- actor_to_restart_for_lineage_reconstruction_callbacks_: 0
- actor_to_create_callbacks_: 0
- sorted_destroyed_actor_list_: 0

GcsResourceManager: 
- GetAllAvailableResources request count: 0
- GetAllTotalResources request count: 0
- GetAllResourceUsage request count: 12

GcsPlacementGroupManager: 
- CreatePlacementGroup request count: 1
- RemovePlacementGroup request count: 0
- GetPlacementGroup request count: 1
- GetAllPlacementGroup request count: 0
- WaitPlacementGroupUntilReady request count: 0
- GetNamedPlacementGroup request count: 0
- Scheduling pending placement group count: 1
- Registered placement groups count: 1
- Named placement group count: 1
- Pending placement groups count: 0
- Infeasible placement groups count: 1

Publisher:
GCS_NODE_INFO_CHANNEL
- cumulative published messages: 1
- cumulative published bytes: 507
- current buffered bytes: 0
RAY_LOG_CHANNEL
- cumulative published messages: 136
- cumulative published bytes: 57125
- current buffered bytes: 905
GCS_NODE_ADDRESS_AND_LIVENESS_CHANNEL
- cumulative published messages: 1
- cumulative published bytes: 90
- current buffered bytes: 0
GCS_JOB_CHANNEL
- cumulative published messages: 1
- cumulative published bytes: 1991
- current buffered bytes: 1991
GCS_WORKER_DELTA_CHANNEL
- cumulative published messages: 1
- cumulative published bytes: 96
- current buffered bytes: 96

[runtime env manager] ID to URIs table:
[runtime env manager] URIs reference table:

GcsTaskManager: 
-Total num task events reported: 6
-Total num status task events dropped: 0
-Total num profile events dropped: 0
-Current num of task events stored: 3
-Total num of actor creation tasks: 0
-Total num of actor tasks: 0
-Total num of normal tasks: 2
-Total num of driver tasks: 1

GcsAutoscalerStateManager: 
- last_seen_autoscaler_state_version_: 0
- last_cluster_resource_state_version_: 12
- pending demands:
	{bundle_group_26cbb36fc9da9731b206e33adecb01000000: 0.001, label_selectors: [{}, ]} * 1



[2026-01-08 10:47:15,715 I 240560 240560] (gcs_server) gcs_server.cc:957: Main service Event stats:


Global stats: 2474 total (5 active)
Queueing time: mean = 15.05ms, max = 1782.80ms, min = 0.00ms, total = 37239.97ms
Execution time:  mean = 1.73ms, total = 4284.14ms
Event stats:
	GcsInMemoryStore.Get - 260 total (0 active), Execution time: mean = 0.02ms, total = 5.28ms, Queueing time: mean = 0.04ms, max = 0.79ms, min = 0.01ms, total = 9.90ms
	InternalKVGcsService.grpc_server.InternalKVGet.HandleRequestImpl - 258 total (0 active), Execution time: mean = 0.07ms, total = 17.23ms, Queueing time: mean = 0.06ms, max = 6.31ms, min = 0.00ms, total = 16.39ms
	InternalKVGcsService.grpc_server.InternalKVGet - 258 total (0 active), Execution time: mean = 0.37ms, total = 94.30ms, Queueing time: mean = 0.00ms, max = -0.00ms, min = 9223372036854.78ms, total = 0.00ms
	GcsInMemoryStore.Put - 234 total (0 active), Execution time: mean = 7.63ms, total = 1785.43ms, Queueing time: mean = 7.71ms, max = 1782.31ms, min = 0.01ms, total = 1804.85ms
	NodeInfoGcsService.grpc_server.GetClusterId - 117 total (0 active), Execution time: mean = 0.28ms, total = 33.15ms, Queueing time: mean = 0.00ms, max = -0.00ms, min = 9223372036854.78ms, total = 0.00ms
	NodeInfoGcsService.grpc_server.GetClusterId.HandleRequestImpl - 117 total (0 active), Execution time: mean = 0.02ms, total = 2.54ms, Queueing time: mean = 0.06ms, max = 3.90ms, min = 0.01ms, total = 7.34ms
	NodeInfoGcsService.grpc_server.GetAllNodeInfo.HandleRequestImpl - 116 total (0 active), Execution time: mean = 0.02ms, total = 2.80ms, Queueing time: mean = 0.10ms, max = 10.32ms, min = 0.01ms, total = 12.14ms
	NodeInfoGcsService.grpc_server.GetAllNodeInfo - 116 total (0 active), Execution time: mean = 0.33ms, total = 38.46ms, Queueing time: mean = 0.00ms, max = -0.00ms, min = 9223372036854.78ms, total = 0.00ms
	NodeInfoGcsService.grpc_server.GetAllNodeAddressAndLiveness.HandleRequestImpl - 115 total (0 active), Execution time: mean = 0.01ms, total = 1.38ms, Queueing time: mean = 0.06ms, max = 0.83ms, min = 0.00ms, total = 6.70ms
	NodeInfoGcsService.grpc_server.GetAllNodeAddressAndLiveness - 115 total (0 active), Execution time: mean = 0.23ms, total = 26.55ms, Queueing time: mean = 0.00ms, max = -0.00ms, min = 9223372036854.78ms, total = 0.00ms
	WorkerInfoGcsService.grpc_server.AddWorkerInfo.HandleRequestImpl - 114 total (0 active), Execution time: mean = 0.04ms, total = 4.38ms, Queueing time: mean = 0.06ms, max = 0.65ms, min = 0.01ms, total = 6.53ms
	WorkerInfoGcsService.grpc_server.AddWorkerInfo - 114 total (0 active), Execution time: mean = 0.40ms, total = 45.75ms, Queueing time: mean = 0.00ms, max = -0.00ms, min = 9223372036854.78ms, total = 0.00ms
	RayletLoadPulled - 60 total (1 active), Execution time: mean = 0.21ms, total = 12.34ms, Queueing time: mean = 0.03ms, max = 0.09ms, min = 0.01ms, total = 1.82ms
	NodeManagerService.grpc_client.GetResourceLoad - 58 total (0 active), Execution time: mean = 6.33ms, total = 367.28ms, Queueing time: mean = 0.00ms, max = -0.00ms, min = 9223372036854.78ms, total = 0.00ms
	NodeManagerService.grpc_client.GetResourceLoad.OnReplyReceived - 58 total (0 active), Execution time: mean = 0.05ms, total = 2.69ms, Queueing time: mean = 0.03ms, max = 0.19ms, min = 0.01ms, total = 1.96ms
	InternalKVGcsService.grpc_server.InternalKVPut.HandleRequestImpl - 41 total (0 active), Execution time: mean = 0.08ms, total = 3.13ms, Queueing time: mean = 0.02ms, max = 0.17ms, min = 0.01ms, total = 0.91ms
	InternalKVGcsService.grpc_server.InternalKVPut - 41 total (0 active), Execution time: mean = 0.37ms, total = 15.07ms, Queueing time: mean = 0.00ms, max = -0.00ms, min = 9223372036854.78ms, total = 0.00ms
	ReporterService.grpc_client.HealthCheck.OnReplyReceived - 31 total (0 active), Execution time: mean = 0.07ms, total = 2.19ms, Queueing time: mean = 57.45ms, max = 1779.99ms, min = 0.01ms, total = 1781.10ms
	ReporterService.grpc_client.HealthCheck - 31 total (0 active), Execution time: mean = 0.30ms, total = 9.15ms, Queueing time: mean = 0.00ms, max = -0.00ms, min = 9223372036854.78ms, total = 0.00ms
	MetricsAgentClient.WaitForServerReadyWithRetry - 30 total (0 active), Execution time: mean = 0.20ms, total = 5.93ms, Queueing time: mean = 1000.05ms, max = 1000.45ms, min = 1000.02ms, total = 30001.54ms
	ClusterResourceManager.ResetRemoteNodeView - 20 total (1 active), Execution time: mean = 0.01ms, total = 0.18ms, Queueing time: mean = 0.04ms, max = 0.13ms, min = 0.03ms, total = 0.76ms
	HealthCheck - 17 total (0 active), Execution time: mean = 0.01ms, total = 0.11ms, Queueing time: mean = 0.02ms, max = 0.03ms, min = 0.01ms, total = 0.38ms
	NodeInfoGcsService.grpc_server.CheckAlive.HandleRequestImpl - 13 total (0 active), Execution time: mean = 0.01ms, total = 0.19ms, Queueing time: mean = 0.03ms, max = 0.03ms, min = 0.01ms, total = 0.34ms
	NodeInfoGcsService.grpc_server.CheckAlive - 13 total (0 active), Execution time: mean = 0.27ms, total = 3.52ms, Queueing time: mean = 0.00ms, max = -0.00ms, min = 9223372036854.78ms, total = 0.00ms
	NodeResourceInfoGcsService.grpc_server.GetAllResourceUsage.HandleRequestImpl - 12 total (0 active), Execution time: mean = 0.09ms, total = 1.12ms, Queueing time: mean = 0.03ms, max = 0.04ms, min = 0.02ms, total = 0.38ms
	NodeResourceInfoGcsService.grpc_server.GetAllResourceUsage - 12 total (0 active), Execution time: mean = 0.43ms, total = 5.10ms, Queueing time: mean = 0.00ms, max = -0.00ms, min = 9223372036854.78ms, total = 0.00ms
	AutoscalerStateService.grpc_server.GetClusterResourceState.HandleRequestImpl - 12 total (0 active), Execution time: mean = 0.06ms, total = 0.75ms, Queueing time: mean = 0.02ms, max = 0.03ms, min = 0.02ms, total = 0.24ms
	GCSServer.deadline_timer.metrics_report - 12 total (1 active), Execution time: mean = 0.23ms, total = 2.72ms, Queueing time: mean = 0.03ms, max = 0.05ms, min = 0.01ms, total = 0.31ms
	AutoscalerStateService.grpc_server.GetClusterResourceState - 12 total (0 active), Execution time: mean = 0.35ms, total = 4.26ms, Queueing time: mean = 0.00ms, max = -0.00ms, min = 9223372036854.78ms, total = 0.00ms
	event_loop_lag_probe - 8 total (0 active), Execution time: mean = 0.01ms, total = 0.09ms, Queueing time: mean = 1.66ms, max = 13.12ms, min = 0.01ms, total = 13.29ms
	GcsInMemoryStore.GetAll - 6 total (0 active), Execution time: mean = 0.02ms, total = 0.11ms, Queueing time: mean = 0.08ms, max = 0.10ms, min = 0.03ms, total = 0.48ms
	GCSServer.deadline_timer.gcs_global_gc - 6 total (1 active), Execution time: mean = 0.01ms, total = 0.04ms, Queueing time: mean = 0.08ms, max = 0.38ms, min = 0.01ms, total = 0.50ms
	GcsResourceManager::Update - 5 total (0 active), Execution time: mean = 0.08ms, total = 0.42ms, Queueing time: mean = 0.02ms, max = 0.06ms, min = 0.01ms, total = 0.12ms
	PeriodicalRunner.RunFnPeriodically - 5 total (0 active), Execution time: mean = 0.14ms, total = 0.72ms, Queueing time: mean = 714.24ms, max = 1782.80ms, min = 1.57ms, total = 3571.21ms
	GcsHealthCheckManager::MarkNodeHealthy - 5 total (0 active), Execution time: mean = 0.00ms, total = 0.01ms, Queueing time: mean = 0.03ms, max = 0.04ms, min = 0.02ms, total = 0.15ms
	GcsInMemoryStore.Exists - 2 total (0 active), Execution time: mean = 0.03ms, total = 0.06ms, Queueing time: mean = 0.02ms, max = 0.02ms, min = 0.02ms, total = 0.04ms
	InternalKVGcsService.grpc_server.InternalKVExists - 2 total (0 active), Execution time: mean = 0.35ms, total = 0.70ms, Queueing time: mean = 0.00ms, max = -0.00ms, min = 9223372036854.78ms, total = 0.00ms
	InternalKVGcsService.grpc_server.InternalKVExists.HandleRequestImpl - 2 total (0 active), Execution time: mean = 0.11ms, total = 0.22ms, Queueing time: mean = 0.02ms, max = 0.02ms, min = 0.01ms, total = 0.03ms
	GcsInMemoryStore.GetNextJobID - 1 total (0 active), Execution time: mean = 0.01ms, total = 0.01ms, Queueing time: mean = 0.03ms, max = 0.03ms, min = 0.03ms, total = 0.03ms
	InternalKVGcsService.grpc_server.InternalKVDel - 1 total (0 active), Execution time: mean = 0.94ms, total = 0.94ms, Queueing time: mean = 0.00ms, max = -0.00ms, min = 9223372036854.78ms, total = 0.00ms
	InternalKVGcsService.grpc_server.GetInternalConfig - 1 total (0 active), Execution time: mean = 0.41ms, total = 0.41ms, Queueing time: mean = 0.00ms, max = -0.00ms, min = 9223372036854.78ms, total = 0.00ms
	InternalKVGcsService.grpc_server.GetInternalConfig.HandleRequestImpl - 1 total (0 active), Execution time: mean = 0.10ms, total = 0.10ms, Queueing time: mean = 0.03ms, max = 0.03ms, min = 0.03ms, total = 0.03ms
	NodeManager.AddNodeCallback - 1 total (0 active), Execution time: mean = 0.43ms, total = 0.43ms, Queueing time: mean = 0.11ms, max = 0.11ms, min = 0.11ms, total = 0.11ms
	JobInfoGcsService.grpc_server.GetAllJobInfo - 1 total (0 active), Execution time: mean = 0.41ms, total = 0.41ms, Queueing time: mean = 0.00ms, max = -0.00ms, min = 9223372036854.78ms, total = 0.00ms
	PlacementGroupInfoGcsService.grpc_server.GetPlacementGroup.HandleRequestImpl - 1 total (0 active), Execution time: mean = 0.05ms, total = 0.05ms, Queueing time: mean = 0.02ms, max = 0.02ms, min = 0.02ms, total = 0.02ms
	GCSServer.deadline_timer.debug_state_event_stats_print - 1 total (1 active, 1 running), Execution time: mean = 0.00ms, total = 0.00ms, Queueing time: mean = 0.00ms, max = -0.00ms, min = 9223372036854.78ms, total = 0.00ms
	GcsHealthCheckManager::AddNode - 1 total (0 active), Execution time: mean = 0.02ms, total = 0.02ms, Queueing time: mean = 0.00ms, max = 0.00ms, min = 0.00ms, total = 0.00ms
	PlacementGroupInfoGcsService.grpc_server.CreatePlacementGroup.HandleRequestImpl - 1 total (0 active), Execution time: mean = 0.24ms, total = 0.24ms, Queueing time: mean = 0.03ms, max = 0.03ms, min = 0.03ms, total = 0.03ms
	PlacementGroupInfoGcsService.grpc_server.GetPlacementGroup - 1 total (0 active), Execution time: mean = 0.28ms, total = 0.28ms, Queueing time: mean = 0.00ms, max = -0.00ms, min = 9223372036854.78ms, total = 0.00ms
	NodeInfoGcsService.grpc_server.RegisterNode.HandleRequestImpl - 1 total (0 active), Execution time: mean = 0.17ms, total = 0.17ms, Queueing time: mean = 0.02ms, max = 0.02ms, min = 0.02ms, total = 0.02ms
	GcsInMemoryStore.Delete - 1 total (0 active), Execution time: mean = 0.03ms, total = 0.03ms, Queueing time: mean = 0.08ms, max = 0.08ms, min = 0.08ms, total = 0.08ms
	JobInfoGcsService.grpc_server.AddJob.HandleRequestImpl - 1 total (0 active), Execution time: mean = 0.11ms, total = 0.11ms, Queueing time: mean = 0.01ms, max = 0.01ms, min = 0.01ms, total = 0.01ms
	WorkerInfoGcsService.grpc_server.ReportWorkerFailure.HandleRequestImpl - 1 total (0 active), Execution time: mean = 0.05ms, total = 0.05ms, Queueing time: mean = 0.03ms, max = 0.03ms, min = 0.03ms, total = 0.03ms
	GcsPlacementGroupManager.SchedulePendingPlacementGroups - 1 total (0 active), Execution time: mean = 0.00ms, total = 0.00ms, Queueing time: mean = 0.03ms, max = 0.03ms, min = 0.03ms, total = 0.03ms
	PlacementGroupInfoGcsService.grpc_server.CreatePlacementGroup - 1 total (0 active), Execution time: mean = 0.63ms, total = 0.63ms, Queueing time: mean = 0.00ms, max = -0.00ms, min = 9223372036854.78ms, total = 0.00ms
	NodeInfoGcsService.grpc_server.RegisterNode - 1 total (0 active), Execution time: mean = 0.57ms, total = 0.57ms, Queueing time: mean = 0.00ms, max = -0.00ms, min = 9223372036854.78ms, total = 0.00ms
	InternalKVGcsService.grpc_server.InternalKVDel.HandleRequestImpl - 1 total (0 active), Execution time: mean = 0.12ms, total = 0.12ms, Queueing time: mean = 0.13ms, max = 0.13ms, min = 0.13ms, total = 0.13ms
	JobInfoGcsService.grpc_server.GetNextJobID.HandleRequestImpl - 1 total (0 active), Execution time: mean = 0.02ms, total = 0.02ms, Queueing time: mean = 0.02ms, max = 0.02ms, min = 0.02ms, total = 0.02ms
	WorkerInfoGcsService.grpc_server.ReportWorkerFailure - 1 total (0 active), Execution time: mean = 1.87ms, total = 1.87ms, Queueing time: mean = 0.00ms, max = -0.00ms, min = 9223372036854.78ms, total = 0.00ms
	JobInfoGcsService.grpc_server.GetAllJobInfo.HandleRequestImpl - 1 total (0 active), Execution time: mean = 0.06ms, total = 0.06ms, Queueing time: mean = 0.02ms, max = 0.02ms, min = 0.02ms, total = 0.02ms
	JobInfoGcsService.grpc_server.AddJob - 1 total (0 active), Execution time: mean = 0.60ms, total = 0.60ms, Queueing time: mean = 0.00ms, max = -0.00ms, min = 9223372036854.78ms, total = 0.00ms
	GcsServer.GetOrGenerateClusterId.continuation - 1 total (0 active), Execution time: mean = 1781.33ms, total = 1781.33ms, Queueing time: mean = 0.00ms, max = 0.00ms, min = 0.00ms, total = 0.00ms
	GcsInitData::AsyncLoad - 1 total (0 active), Execution time: mean = 0.01ms, total = 0.01ms, Queueing time: mean = 0.00ms, max = 0.00ms, min = 0.00ms, total = 0.00ms
	JobInfoGcsService.grpc_server.GetNextJobID - 1 total (0 active), Execution time: mean = 0.37ms, total = 0.37ms, Queueing time: mean = 0.00ms, max = -0.00ms, min = 9223372036854.78ms, total = 0.00ms


[2026-01-08 10:47:15,715 I 240560 240560] (gcs_server) gcs_server.cc:961: task_io_context Event stats:


Global stats: 12800 total (1 active)
Queueing time: mean = 0.01ms, max = 0.31ms, min = 0.00ms, total = 141.36ms
Execution time:  mean = 0.12ms, total = 1586.49ms
Event stats:
	TaskInfoGcsService.grpc_server.AddTaskEventData - 6389 total (0 active), Execution time: mean = 0.24ms, total = 1525.58ms, Queueing time: mean = 0.00ms, max = -0.00ms, min = 9223372036854.78ms, total = 0.00ms
	TaskInfoGcsService.grpc_server.AddTaskEventData.HandleRequestImpl - 6389 total (0 active), Execution time: mean = 0.01ms, total = 60.42ms, Queueing time: mean = 0.02ms, max = 0.19ms, min = 0.00ms, total = 140.57ms
	GcsTaskManager.GcJobSummary - 13 total (1 active), Execution time: mean = 0.01ms, total = 0.11ms, Queueing time: mean = 0.03ms, max = 0.04ms, min = 0.01ms, total = 0.34ms
	event_loop_lag_probe - 8 total (0 active), Execution time: mean = 0.05ms, total = 0.37ms, Queueing time: mean = 0.05ms, max = 0.31ms, min = 0.00ms, total = 0.44ms
	PeriodicalRunner.RunFnPeriodically - 1 total (0 active), Execution time: mean = 0.01ms, total = 0.01ms, Queueing time: mean = 0.01ms, max = 0.01ms, min = 0.01ms, total = 0.01ms


[2026-01-08 10:47:15,715 I 240560 240560] (gcs_server) gcs_server.cc:961: pubsub_io_context Event stats:


Global stats: 1023 total (117 active)
Queueing time: mean = 0.03ms, max = 0.88ms, min = 0.01ms, total = 28.14ms
Execution time:  mean = 55.33ms, total = 56607.51ms
Event stats:
	InternalPubSubGcsService.grpc_server.GcsSubscriberPoll - 252 total (116 active), Execution time: mean = 224.19ms, total = 56495.84ms, Queueing time: mean = 0.00ms, max = -0.00ms, min = 9223372036854.78ms, total = 0.00ms
	InternalPubSubGcsService.grpc_server.GcsSubscriberPoll.HandleRequestImpl - 252 total (0 active), Execution time: mean = 0.06ms, total = 14.65ms, Queueing time: mean = 0.06ms, max = 0.88ms, min = 0.01ms, total = 16.28ms
	InternalPubSubGcsService.grpc_server.GcsPublish.HandleRequestImpl - 136 total (0 active), Execution time: mean = 0.07ms, total = 10.19ms, Queueing time: mean = 0.02ms, max = 0.13ms, min = 0.01ms, total = 3.29ms
	InternalPubSubGcsService.grpc_server.GcsPublish - 136 total (0 active), Execution time: mean = 0.27ms, total = 36.41ms, Queueing time: mean = 0.00ms, max = -0.00ms, min = 9223372036854.78ms, total = 0.00ms
	InternalPubSubGcsService.grpc_server.GcsSubscriberCommandBatch - 118 total (0 active), Execution time: mean = 0.35ms, total = 40.79ms, Queueing time: mean = 0.00ms, max = -0.00ms, min = 9223372036854.78ms, total = 0.00ms
	InternalPubSubGcsService.grpc_server.GcsSubscriberCommandBatch.HandleRequestImpl - 118 total (0 active), Execution time: mean = 0.08ms, total = 9.22ms, Queueing time: mean = 0.07ms, max = 0.84ms, min = 0.01ms, total = 8.18ms
	event_loop_lag_probe - 8 total (0 active), Execution time: mean = 0.05ms, total = 0.36ms, Queueing time: mean = 0.04ms, max = 0.26ms, min = 0.01ms, total = 0.35ms
	RemoveSubscriberFrom - 1 total (0 active), Execution time: mean = 0.02ms, total = 0.02ms, Queueing time: mean = 0.03ms, max = 0.03ms, min = 0.03ms, total = 0.03ms
	Publisher.CheckDeadSubscribers - 1 total (1 active), Execution time: mean = 0.00ms, total = 0.00ms, Queueing time: mean = 0.00ms, max = -0.00ms, min = 9223372036854.78ms, total = 0.00ms
	PeriodicalRunner.RunFnPeriodically - 1 total (0 active), Execution time: mean = 0.01ms, total = 0.01ms, Queueing time: mean = 0.01ms, max = 0.01ms, min = 0.01ms, total = 0.01ms


[2026-01-08 10:47:15,715 I 240560 240560] (gcs_server) gcs_server.cc:961: ray_syncer_io_context Event stats:


Global stats: 20 total (0 active)
Queueing time: mean = 0.03ms, max = 0.33ms, min = 0.00ms, total = 0.63ms
Execution time:  mean = 0.09ms, total = 1.74ms
Event stats:
	event_loop_lag_probe - 8 total (0 active), Execution time: mean = 0.04ms, total = 0.34ms, Queueing time: mean = 0.05ms, max = 0.33ms, min = 0.01ms, total = 0.41ms
	RaySyncer.BroadcastMessage - 5 total (0 active), Execution time: mean = 0.04ms, total = 0.21ms, Queueing time: mean = 0.00ms, max = 0.00ms, min = 0.00ms, total = 0.00ms
	 - 5 total (0 active), Execution time: mean = 0.24ms, total = 1.19ms, Queueing time: mean = 0.04ms, max = 0.05ms, min = 0.03ms, total = 0.18ms
	RaySyncerRegister - 2 total (0 active), Execution time: mean = 0.00ms, total = 0.00ms, Queueing time: mean = 0.02ms, max = 0.02ms, min = 0.01ms, total = 0.04ms


[2026-01-08 10:47:15,715 I 240560 240560] (gcs_server) gcs_server.cc:961: ray_event_io_context Event stats:


Global stats: 8 total (0 active)
Queueing time: mean = 0.06ms, max = 0.38ms, min = 0.00ms, total = 0.47ms
Execution time:  mean = 0.04ms, total = 0.32ms
Event stats:
	event_loop_lag_probe - 8 total (0 active), Execution time: mean = 0.04ms, total = 0.32ms, Queueing time: mean = 0.06ms, max = 0.38ms, min = 0.00ms, total = 0.47ms


