[2026-01-08 10:46:17,146 I 240801 240801] (raylet) main.cc:272: Setting cluster ID to: 8fd5d1c9fe97eb342430d07b27fcd02f14981cf17c0c86a6121cd575
[2026-01-08 10:46:17,157 I 240801 240801] (raylet) main.cc:512: Per-worker process group cleanup is DISABLED, subreaper is DISABLED
[2026-01-08 10:46:17,157 I 240801 240801] (raylet) main.cc:646: Setting node ID node_id=b954ad344d3df71dc7bb91ad89faa2b259c94a6711960c2552e88628
[2026-01-08 10:46:17,158 I 240801 240801] (raylet) store_runner.cc:50: Allowing the Plasma store to use up to 10.2005GB of memory.
[2026-01-08 10:46:17,158 I 240801 240801] (raylet) store_runner.cc:66: Starting object store with directory /dev/shm, fallback /app/ray_tmp/ray/session_2026-01-08_10-46-13_868156_240490, and huge page support disabled
[2026-01-08 10:46:17,158 W 240801 240801] (raylet) store_runner.cc:83: System memory request exceeds memory available in /dev/shm. The request is for 10200469504 bytes, and the amount available is 9663602688 bytes. You may be able to free up space by deleting files in /dev/shm. If you are inside a Docker container, you may need to pass an argument with the flag '--shm-size' to 'docker run'.
[2026-01-08 10:46:17,158 I 240801 240824] (raylet) dlmalloc.cc:324: Setting dlmalloc config: plasma_directory=/dev/shm, fallback_directory=/app/ray_tmp/ray/session_2026-01-08_10-46-13_868156_240490, hugepage_enabled=0, fallback_enabled=1
[2026-01-08 10:46:17,158 I 240801 240824] (raylet) dlmalloc.cc:153: create_and_mmap_buffer(9663676424, /dev/shm/plasmaXXXXXX)
[2026-01-08 10:46:17,159 E 240801 240824] (raylet) file_system_monitor.cc:116: /app/ray_tmp/ray/session_2026-01-08_10-46-13_868156_240490 is over 95% full, available space: 5.66988 GB; capacity: 3517.78 GB. Object creation will fail if spilling is required.
[2026-01-08 10:46:17,159 I 240801 240824] (raylet) store.cc:572: Plasma store debug dump: 
Current usage: 0 / 9.6636 GB
- num bytes created total: 0
0 pending objects of total size 0MB
- objects spillable: 0
- bytes spillable: 0
- objects unsealed: 0
- bytes unsealed: 0
- objects in use: 0
- bytes in use: 0
- objects evictable: 0
- bytes evictable: 0

- objects created by worker: 0
- bytes created by worker: 0
- objects restored: 0
- bytes restored: 0
- objects received: 0
- bytes received: 0
- objects errored: 0
- bytes errored: 0

[2026-01-08 10:46:17,163 I 240801 240801] (raylet) grpc_server.cc:143: ObjectManager server started, listening on port 46403.
[2026-01-08 10:46:17,195 I 240801 240801] (raylet) memory_monitor.cc:47: MemoryMonitor initialized with usage threshold at 513422786560 bytes (0.95 system memory), total system memory bytes: 540445048832
[2026-01-08 10:46:17,195 I 240801 240801] (raylet) node_manager.cc:243: Initializing NodeManager node_id=b954ad344d3df71dc7bb91ad89faa2b259c94a6711960c2552e88628
[2026-01-08 10:46:17,196 I 240801 240801] (raylet) grpc_server.cc:143: NodeManager server started, listening on port 46575.
[2026-01-08 10:46:17,240 I 240801 240872] (raylet) agent_manager.cc:81: Monitor agent process with name dashboard_agent
[2026-01-08 10:46:17,241 I 240801 240874] (raylet) agent_manager.cc:81: Monitor agent process with name runtime_env_agent
[2026-01-08 10:46:17,241 I 240801 240801] (raylet) metrics_agent_client.cc:45: Initializing exporter ...
[2026-01-08 10:46:17,242 I 240801 240801] (raylet) event.cc:499: Ray Event initialized for RAYLET
[2026-01-08 10:46:17,242 I 240801 240801] (raylet) event.cc:332: Set ray event level to warning
[2026-01-08 10:46:17,245 I 240801 240801] (raylet) node_manager.cc:294: Raylet of id, b954ad344d3df71dc7bb91ad89faa2b259c94a6711960c2552e88628 started. Raylet consists of node_manager and object_manager. node_manager address: 192.168.88.6:0 object_manager address: 192.168.88.6:46403 hostname: af056e39ae7e
[2026-01-08 10:46:17,250 I 240801 240801] (raylet) node_manager.cc:432: [state-dump] NodeManager:
[state-dump] Node ID: b954ad344d3df71dc7bb91ad89faa2b259c94a6711960c2552e88628
[state-dump] Node name: 192.168.88.6
[state-dump] InitialConfigResources: {node:192.168.88.6: 1, node:__internal_head__: 1, object_store_memory: 1.02005e+10, CPU: 112, memory: 5.25445e+11}
[state-dump] ClusterLeaseManager:
[state-dump] ========== Node: b954ad344d3df71dc7bb91ad89faa2b259c94a6711960c2552e88628 =================
[state-dump] Infeasible queue length: 0
[state-dump] Schedule queue length: 0
[state-dump] Grant queue length: 0
[state-dump] num_waiting_for_resource: 0
[state-dump] num_waiting_for_plasma_memory: 0
[state-dump] num_waiting_for_remote_node_resources: 0
[state-dump] num_worker_not_started_by_job_config_not_exist: 0
[state-dump] num_worker_not_started_by_registration_timeout: 0
[state-dump] num_tasks_waiting_for_workers: 0
[state-dump] num_cancelled_leases: 0
[state-dump] cluster_resource_scheduler state: 
[state-dump] Local id: -8471442249429105877 Local resources: {"total":{node:192.168.88.6: [10000], node:__internal_head__: [10000], CPU: [1120000], memory: [5254448209920000], object_store_memory: [102004695040000]}}, "available": {node:192.168.88.6: [10000], node:__internal_head__: [10000], CPU: [1120000], memory: [5254448209920000], object_store_memory: [102004695040000]}}, "labels":{"ray.io/node-id":"b954ad344d3df71dc7bb91ad89faa2b259c94a6711960c2552e88628",} is_draining: 0 is_idle: 1 Cluster resources (at most 20 nodes are shown): node id: -8471442249429105877{"total":{memory: 5254448209920000, node:__internal_head__: 10000, node:192.168.88.6: 10000, CPU: 1120000, object_store_memory: 102004695040000}}, "available": {node:192.168.88.6: 10000, node:__internal_head__: 10000, object_store_memory: 102004695040000, CPU: 1120000, memory: 5254448209920000}}, "labels":{"ray.io/node-id":"b954ad344d3df71dc7bb91ad89faa2b259c94a6711960c2552e88628",}, "is_draining": 0, "draining_deadline_timestamp_ms": -1} { "placement group locations": [], "node to bundles": []}
[state-dump] Waiting leases size: 0
[state-dump] Number of granted lease arguments: 0
[state-dump] Number of pinned lease arguments: 0
[state-dump] Number of total spilled leases: 0
[state-dump] Number of spilled waiting leases: 0
[state-dump] Number of spilled unschedulable leases: 0
[state-dump] Resource usage {
[state-dump] }
[state-dump] Backlog Size per scheduling descriptor :{workerId: num backlogs}:
[state-dump] 
[state-dump] Granted leases by scheduling class:
[state-dump] ==================================================
[state-dump] 
[state-dump] ClusterResources:
[state-dump] LocalObjectManager:
[state-dump] - num pinned objects: 0
[state-dump] - pinned objects size: 0
[state-dump] - num objects pending restore: 0
[state-dump] - num objects pending spill: 0
[state-dump] - num bytes pending spill: 0
[state-dump] - num bytes currently spilled: 0
[state-dump] - cumulative spill requests: 0
[state-dump] - cumulative restore requests: 0
[state-dump] - spilled objects pending delete: 0
[state-dump] 
[state-dump] ObjectManager:
[state-dump] - num local objects: 0
[state-dump] - num unfulfilled push requests: 0
[state-dump] - num object pull requests: 0
[state-dump] - num chunks received total: 0
[state-dump] - num chunks received failed (all): 0
[state-dump] - num chunks received failed / cancelled: 0
[state-dump] - num chunks received failed / plasma error: 0
[state-dump] Event stats:
[state-dump] Global stats: 0 total (0 active)
[state-dump] Queueing time: mean = -nanms, max = -0.00ms, min = 9223372036854.78ms, total = 0.00ms
[state-dump] Execution time:  mean = -nanms, total = 0.00ms
[state-dump] Event stats:
[state-dump] PushManager:
[state-dump] - num pushes remaining: 0
[state-dump] - num chunks in flight: 0
[state-dump] - num chunks remaining: 0
[state-dump] - max chunks allowed: 409
[state-dump] OwnershipBasedObjectDirectory:
[state-dump] - num listeners: 0
[state-dump] - cumulative location updates: 0
[state-dump] - num location updates per second: 0.000
[state-dump] - num location lookups per second: 0.000
[state-dump] - num locations added per second: 0.000
[state-dump] - num locations removed per second: 0.000
[state-dump] BufferPool:
[state-dump] - create buffer state map size: 0
[state-dump] PullManager:
[state-dump] - num bytes available for pulled objects: 10200469504
[state-dump] - num bytes being pulled (all): 0
[state-dump] - num bytes being pulled / pinned: 0
[state-dump] - get request bundles: BundlePullRequestQueue{0 total, 0 active, 0 inactive, 0 unpullable}
[state-dump] - wait request bundles: BundlePullRequestQueue{0 total, 0 active, 0 inactive, 0 unpullable}
[state-dump] - task request bundles: BundlePullRequestQueue{0 total, 0 active, 0 inactive, 0 unpullable}
[state-dump] - first get request bundle: N/A
[state-dump] - first wait request bundle: N/A
[state-dump] - first task request bundle: N/A
[state-dump] - num objects queued: 0
[state-dump] - num objects actively pulled (all): 0
[state-dump] - num objects actively pulled / pinned: 0
[state-dump] - num bundles being pulled: 0
[state-dump] - num pull retries: 0
[state-dump] - max timeout seconds: 0
[state-dump] - max timeout request is already processed. No entry.
[state-dump] 
[state-dump] WorkerPool:
[state-dump] - registered jobs: 0
[state-dump] - process_failed_job_config_missing: 0
[state-dump] - process_failed_rate_limited: 0
[state-dump] - process_failed_pending_registration: 0
[state-dump] - process_failed_runtime_env_setup_failed: 0
[state-dump] - num PYTHON workers: 0
[state-dump] - num PYTHON drivers: 0
[state-dump] - num PYTHON pending start requests: 0
[state-dump] - num PYTHON pending registration requests: 0
[state-dump] - num object spill callbacks queued: 0
[state-dump] - num object restore queued: 0
[state-dump] - num util functions queued: 0
[state-dump] - num JAVA workers: 0
[state-dump] - num JAVA drivers: 0
[state-dump] - num JAVA pending start requests: 0
[state-dump] - num JAVA pending registration requests: 0
[state-dump] - num object spill callbacks queued: 0
[state-dump] - num object restore queued: 0
[state-dump] - num util functions queued: 0
[state-dump] - num idle workers: 0
[state-dump] LeaseDependencyManager:
[state-dump] - lease deps map size: 0
[state-dump] - get req map size: 0
[state-dump] - wait req map size: 0
[state-dump] - local objects map size: 0
[state-dump] WaitManager:
[state-dump] - num active wait requests: 0
[state-dump] Subscriber:
[state-dump] Channel WORKER_REF_REMOVED_CHANNEL
[state-dump] - cumulative subscribe requests: 0
[state-dump] - cumulative unsubscribe requests: 0
[state-dump] - active subscribed publishers: 0
[state-dump] - cumulative published messages: 0
[state-dump] - cumulative processed messages: 0
[state-dump] Channel WORKER_OBJECT_EVICTION
[state-dump] - cumulative subscribe requests: 0
[state-dump] - cumulative unsubscribe requests: 0
[state-dump] - active subscribed publishers: 0
[state-dump] - cumulative published messages: 0
[state-dump] - cumulative processed messages: 0
[state-dump] Channel WORKER_OBJECT_LOCATIONS_CHANNEL
[state-dump] - cumulative subscribe requests: 0
[state-dump] - cumulative unsubscribe requests: 0
[state-dump] - active subscribed publishers: 0
[state-dump] - cumulative published messages: 0
[state-dump] - cumulative processed messages: 0
[state-dump] num async plasma notifications: 0
[state-dump] Event stats:
[state-dump] Global stats: 34 total (15 active)
[state-dump] Queueing time: mean = 6.57ms, max = 50.96ms, min = 0.01ms, total = 223.29ms
[state-dump] Execution time:  mean = 2.88ms, total = 97.99ms
[state-dump] Event stats:
[state-dump] 	PeriodicalRunner.RunFnPeriodically - 12 total (2 active, 1 running), Execution time: mean = 0.41ms, total = 4.94ms, Queueing time: mean = 17.88ms, max = 50.96ms, min = 0.13ms, total = 214.56ms
[state-dump] 	event_loop_lag_probe - 2 total (0 active), Execution time: mean = 0.02ms, total = 0.04ms, Queueing time: mean = 4.19ms, max = 8.36ms, min = 0.01ms, total = 8.37ms
[state-dump] 	ray::rpc::NodeInfoGcsService.grpc_client.RegisterNode.OnReplyReceived - 1 total (0 active), Execution time: mean = 0.58ms, total = 0.58ms, Queueing time: mean = 0.17ms, max = 0.17ms, min = 0.17ms, total = 0.17ms
[state-dump] 	ray::rpc::InternalPubSubGcsService.grpc_client.GcsSubscriberPoll - 1 total (1 active), Execution time: mean = 0.00ms, total = 0.00ms, Queueing time: mean = 0.00ms, max = -0.00ms, min = 9223372036854.78ms, total = 0.00ms
[state-dump] 	NodeManager.GCTaskFailureReason - 1 total (1 active), Execution time: mean = 0.00ms, total = 0.00ms, Queueing time: mean = 0.00ms, max = -0.00ms, min = 9223372036854.78ms, total = 0.00ms
[state-dump] 	NodeManager.deadline_timer.debug_state_dump - 1 total (1 active), Execution time: mean = 0.00ms, total = 0.00ms, Queueing time: mean = 0.00ms, max = -0.00ms, min = 9223372036854.78ms, total = 0.00ms
[state-dump] 	ReporterService.grpc_client.HealthCheck - 1 total (0 active), Execution time: mean = 1.53ms, total = 1.53ms, Queueing time: mean = 0.00ms, max = -0.00ms, min = 9223372036854.78ms, total = 0.00ms
[state-dump] 	ray::rpc::InternalKVGcsService.grpc_client.GetInternalConfig - 1 total (0 active), Execution time: mean = 1.57ms, total = 1.57ms, Queueing time: mean = 0.00ms, max = -0.00ms, min = 9223372036854.78ms, total = 0.00ms
[state-dump] 	RayletWorkerPool.deadline_timer.kill_idle_workers - 1 total (1 active), Execution time: mean = 0.00ms, total = 0.00ms, Queueing time: mean = 0.00ms, max = -0.00ms, min = 9223372036854.78ms, total = 0.00ms
[state-dump] 	MemoryMonitor.CheckIsMemoryUsageAboveThreshold - 1 total (1 active), Execution time: mean = 0.00ms, total = 0.00ms, Queueing time: mean = 0.00ms, max = -0.00ms, min = 9223372036854.78ms, total = 0.00ms
[state-dump] 	NodeManager.ScheduleAndGrantLeases - 1 total (1 active), Execution time: mean = 0.00ms, total = 0.00ms, Queueing time: mean = 0.00ms, max = -0.00ms, min = 9223372036854.78ms, total = 0.00ms
[state-dump] 	NodeManager.deadline_timer.record_metrics - 1 total (1 active), Execution time: mean = 0.00ms, total = 0.00ms, Queueing time: mean = 0.00ms, max = -0.00ms, min = 9223372036854.78ms, total = 0.00ms
[state-dump] 	NodeManager.CheckForUnexpectedWorkerDisconnects - 1 total (1 active), Execution time: mean = 0.00ms, total = 0.00ms, Queueing time: mean = 0.00ms, max = -0.00ms, min = 9223372036854.78ms, total = 0.00ms
[state-dump] 	ray::rpc::InternalPubSubGcsService.grpc_client.GcsSubscriberCommandBatch - 1 total (0 active), Execution time: mean = 1.22ms, total = 1.22ms, Queueing time: mean = 0.00ms, max = -0.00ms, min = 9223372036854.78ms, total = 0.00ms
[state-dump] 	ClusterResourceManager.ResetRemoteNodeView - 1 total (1 active), Execution time: mean = 0.00ms, total = 0.00ms, Queueing time: mean = 0.00ms, max = -0.00ms, min = 9223372036854.78ms, total = 0.00ms
[state-dump] 	ray::rpc::NodeInfoGcsService.grpc_client.RegisterNode - 1 total (0 active), Execution time: mean = 2.20ms, total = 2.20ms, Queueing time: mean = 0.00ms, max = -0.00ms, min = 9223372036854.78ms, total = 0.00ms
[state-dump] 	ReporterService.grpc_client.HealthCheck.OnReplyReceived - 1 total (0 active), Execution time: mean = 0.12ms, total = 0.12ms, Queueing time: mean = 0.16ms, max = 0.16ms, min = 0.16ms, total = 0.16ms
[state-dump] 	ray::rpc::InternalPubSubGcsService.grpc_client.GcsSubscriberCommandBatch.OnReplyReceived - 1 total (1 active), Execution time: mean = 0.00ms, total = 0.00ms, Queueing time: mean = 0.00ms, max = -0.00ms, min = 9223372036854.78ms, total = 0.00ms
[state-dump] 	ray::rpc::InternalKVGcsService.grpc_client.GetInternalConfig.OnReplyReceived - 1 total (0 active), Execution time: mean = 85.78ms, total = 85.78ms, Queueing time: mean = 0.03ms, max = 0.03ms, min = 0.03ms, total = 0.03ms
[state-dump] 	NodeManager.deadline_timer.spill_objects_when_over_threshold - 1 total (1 active), Execution time: mean = 0.00ms, total = 0.00ms, Queueing time: mean = 0.00ms, max = -0.00ms, min = 9223372036854.78ms, total = 0.00ms
[state-dump] 	NodeManager.deadline_timer.flush_free_objects - 1 total (1 active), Execution time: mean = 0.00ms, total = 0.00ms, Queueing time: mean = 0.00ms, max = -0.00ms, min = 9223372036854.78ms, total = 0.00ms
[state-dump] 	MetricsAgentClient.WaitForServerReadyWithRetry - 1 total (1 active), Execution time: mean = 0.00ms, total = 0.00ms, Queueing time: mean = 0.00ms, max = -0.00ms, min = 9223372036854.78ms, total = 0.00ms
[state-dump] DebugString() time ms: 1
[state-dump] 
[state-dump] 
[2026-01-08 10:46:17,251 I 240801 240801] (raylet) accessor.cc:433: Received address and liveness notification for node, IsAlive = 1 node_id=b954ad344d3df71dc7bb91ad89faa2b259c94a6711960c2552e88628
[2026-01-08 10:46:18,274 I 240801 240801] (raylet) worker_pool.cc:746: [Eagerly] Start install runtime environment for job 01000000.
[2026-01-08 10:46:18,280 I 240801 240801] (raylet) worker_pool.cc:527: Started worker process with pid 240999, the token is 0
[2026-01-08 10:46:18,285 I 240801 240801] (raylet) worker_pool.cc:527: Started worker process with pid 241000, the token is 1
[2026-01-08 10:46:18,289 I 240801 240801] (raylet) worker_pool.cc:527: Started worker process with pid 241001, the token is 2
[2026-01-08 10:46:18,294 I 240801 240801] (raylet) worker_pool.cc:527: Started worker process with pid 241002, the token is 3
[2026-01-08 10:46:18,299 I 240801 240801] (raylet) worker_pool.cc:527: Started worker process with pid 241003, the token is 4
[2026-01-08 10:46:18,304 I 240801 240801] (raylet) worker_pool.cc:527: Started worker process with pid 241004, the token is 5
[2026-01-08 10:46:18,309 I 240801 240801] (raylet) worker_pool.cc:527: Started worker process with pid 241005, the token is 6
[2026-01-08 10:46:18,314 I 240801 240801] (raylet) worker_pool.cc:527: Started worker process with pid 241006, the token is 7
[2026-01-08 10:46:18,318 I 240801 240801] (raylet) worker_pool.cc:527: Started worker process with pid 241007, the token is 8
[2026-01-08 10:46:18,323 I 240801 240801] (raylet) worker_pool.cc:527: Started worker process with pid 241008, the token is 9
[2026-01-08 10:46:18,328 I 240801 240801] (raylet) worker_pool.cc:527: Started worker process with pid 241009, the token is 10
[2026-01-08 10:46:18,334 I 240801 240801] (raylet) worker_pool.cc:527: Started worker process with pid 241010, the token is 11
[2026-01-08 10:46:18,339 I 240801 240801] (raylet) worker_pool.cc:527: Started worker process with pid 241011, the token is 12
[2026-01-08 10:46:18,344 I 240801 240801] (raylet) worker_pool.cc:527: Started worker process with pid 241012, the token is 13
[2026-01-08 10:46:18,349 I 240801 240801] (raylet) worker_pool.cc:527: Started worker process with pid 241013, the token is 14
[2026-01-08 10:46:18,354 I 240801 240801] (raylet) worker_pool.cc:527: Started worker process with pid 241014, the token is 15
[2026-01-08 10:46:18,359 I 240801 240801] (raylet) worker_pool.cc:527: Started worker process with pid 241015, the token is 16
[2026-01-08 10:46:18,365 I 240801 240801] (raylet) worker_pool.cc:527: Started worker process with pid 241016, the token is 17
[2026-01-08 10:46:18,396 I 240801 240801] (raylet) worker_pool.cc:527: Started worker process with pid 241017, the token is 18
[2026-01-08 10:46:18,402 I 240801 240801] (raylet) worker_pool.cc:527: Started worker process with pid 241018, the token is 19
[2026-01-08 10:46:18,408 I 240801 240801] (raylet) worker_pool.cc:527: Started worker process with pid 241019, the token is 20
[2026-01-08 10:46:18,414 I 240801 240801] (raylet) worker_pool.cc:527: Started worker process with pid 241020, the token is 21
[2026-01-08 10:46:18,420 I 240801 240801] (raylet) worker_pool.cc:527: Started worker process with pid 241021, the token is 22
[2026-01-08 10:46:18,425 I 240801 240801] (raylet) worker_pool.cc:527: Started worker process with pid 241022, the token is 23
[2026-01-08 10:46:18,430 I 240801 240801] (raylet) worker_pool.cc:527: Started worker process with pid 241023, the token is 24
[2026-01-08 10:46:18,435 I 240801 240801] (raylet) worker_pool.cc:527: Started worker process with pid 241024, the token is 25
[2026-01-08 10:46:18,440 I 240801 240801] (raylet) worker_pool.cc:527: Started worker process with pid 241025, the token is 26
[2026-01-08 10:46:18,445 I 240801 240801] (raylet) worker_pool.cc:527: Started worker process with pid 241026, the token is 27
[2026-01-08 10:46:18,450 I 240801 240801] (raylet) worker_pool.cc:527: Started worker process with pid 241027, the token is 28
[2026-01-08 10:46:18,455 I 240801 240801] (raylet) worker_pool.cc:527: Started worker process with pid 241028, the token is 29
[2026-01-08 10:46:18,460 I 240801 240801] (raylet) worker_pool.cc:527: Started worker process with pid 241029, the token is 30
[2026-01-08 10:46:18,466 I 240801 240801] (raylet) worker_pool.cc:527: Started worker process with pid 241030, the token is 31
[2026-01-08 10:46:18,471 I 240801 240801] (raylet) worker_pool.cc:527: Started worker process with pid 241031, the token is 32
[2026-01-08 10:46:18,476 I 240801 240801] (raylet) worker_pool.cc:527: Started worker process with pid 241032, the token is 33
[2026-01-08 10:46:18,481 I 240801 240801] (raylet) worker_pool.cc:527: Started worker process with pid 241033, the token is 34
[2026-01-08 10:46:18,486 I 240801 240801] (raylet) worker_pool.cc:527: Started worker process with pid 241034, the token is 35
[2026-01-08 10:46:18,491 I 240801 240801] (raylet) worker_pool.cc:527: Started worker process with pid 241035, the token is 36
[2026-01-08 10:46:18,496 I 240801 240801] (raylet) worker_pool.cc:527: Started worker process with pid 241036, the token is 37
[2026-01-08 10:46:18,501 I 240801 240801] (raylet) worker_pool.cc:527: Started worker process with pid 241037, the token is 38
[2026-01-08 10:46:18,506 I 240801 240801] (raylet) worker_pool.cc:527: Started worker process with pid 241038, the token is 39
[2026-01-08 10:46:18,511 I 240801 240801] (raylet) worker_pool.cc:527: Started worker process with pid 241039, the token is 40
[2026-01-08 10:46:18,516 I 240801 240801] (raylet) worker_pool.cc:527: Started worker process with pid 241040, the token is 41
[2026-01-08 10:46:18,521 I 240801 240801] (raylet) worker_pool.cc:527: Started worker process with pid 241041, the token is 42
[2026-01-08 10:46:18,527 I 240801 240801] (raylet) worker_pool.cc:527: Started worker process with pid 241042, the token is 43
[2026-01-08 10:46:18,532 I 240801 240801] (raylet) worker_pool.cc:527: Started worker process with pid 241043, the token is 44
[2026-01-08 10:46:18,537 I 240801 240801] (raylet) worker_pool.cc:527: Started worker process with pid 241044, the token is 45
[2026-01-08 10:46:18,543 I 240801 240801] (raylet) worker_pool.cc:527: Started worker process with pid 241045, the token is 46
[2026-01-08 10:46:18,551 I 240801 240801] (raylet) worker_pool.cc:527: Started worker process with pid 241046, the token is 47
[2026-01-08 10:46:18,559 I 240801 240801] (raylet) worker_pool.cc:527: Started worker process with pid 241047, the token is 48
[2026-01-08 10:46:18,567 I 240801 240801] (raylet) worker_pool.cc:527: Started worker process with pid 241048, the token is 49
[2026-01-08 10:46:18,575 I 240801 240801] (raylet) worker_pool.cc:527: Started worker process with pid 241049, the token is 50
[2026-01-08 10:46:18,581 I 240801 240801] (raylet) worker_pool.cc:527: Started worker process with pid 241050, the token is 51
[2026-01-08 10:46:18,589 I 240801 240801] (raylet) worker_pool.cc:527: Started worker process with pid 241051, the token is 52
[2026-01-08 10:46:18,597 I 240801 240801] (raylet) worker_pool.cc:527: Started worker process with pid 241052, the token is 53
[2026-01-08 10:46:18,605 I 240801 240801] (raylet) worker_pool.cc:527: Started worker process with pid 241053, the token is 54
[2026-01-08 10:46:18,611 I 240801 240801] (raylet) worker_pool.cc:527: Started worker process with pid 241054, the token is 55
[2026-01-08 10:46:18,618 I 240801 240801] (raylet) worker_pool.cc:527: Started worker process with pid 241055, the token is 56
[2026-01-08 10:46:18,625 I 240801 240801] (raylet) worker_pool.cc:527: Started worker process with pid 241056, the token is 57
[2026-01-08 10:46:18,631 I 240801 240801] (raylet) worker_pool.cc:527: Started worker process with pid 241057, the token is 58
[2026-01-08 10:46:18,638 I 240801 240801] (raylet) worker_pool.cc:527: Started worker process with pid 241058, the token is 59
[2026-01-08 10:46:18,645 I 240801 240801] (raylet) worker_pool.cc:527: Started worker process with pid 241059, the token is 60
[2026-01-08 10:46:18,652 I 240801 240801] (raylet) worker_pool.cc:527: Started worker process with pid 241060, the token is 61
[2026-01-08 10:46:18,659 I 240801 240801] (raylet) worker_pool.cc:527: Started worker process with pid 241061, the token is 62
[2026-01-08 10:46:18,666 I 240801 240801] (raylet) worker_pool.cc:527: Started worker process with pid 241062, the token is 63
[2026-01-08 10:46:18,674 I 240801 240801] (raylet) worker_pool.cc:527: Started worker process with pid 241063, the token is 64
[2026-01-08 10:46:18,681 I 240801 240801] (raylet) worker_pool.cc:527: Started worker process with pid 241064, the token is 65
[2026-01-08 10:46:18,688 I 240801 240801] (raylet) worker_pool.cc:527: Started worker process with pid 241065, the token is 66
[2026-01-08 10:46:18,702 I 240801 240801] (raylet) worker_pool.cc:527: Started worker process with pid 241066, the token is 67
[2026-01-08 10:46:18,720 I 240801 240801] (raylet) worker_pool.cc:527: Started worker process with pid 241067, the token is 68
[2026-01-08 10:46:18,725 I 240801 240801] (raylet) worker_pool.cc:527: Started worker process with pid 241068, the token is 69
[2026-01-08 10:46:18,729 I 240801 240801] (raylet) worker_pool.cc:527: Started worker process with pid 241069, the token is 70
[2026-01-08 10:46:18,733 I 240801 240801] (raylet) worker_pool.cc:527: Started worker process with pid 241070, the token is 71
[2026-01-08 10:46:18,737 I 240801 240801] (raylet) worker_pool.cc:527: Started worker process with pid 241071, the token is 72
[2026-01-08 10:46:18,741 I 240801 240801] (raylet) worker_pool.cc:527: Started worker process with pid 241072, the token is 73
[2026-01-08 10:46:18,745 I 240801 240801] (raylet) worker_pool.cc:527: Started worker process with pid 241073, the token is 74
[2026-01-08 10:46:18,749 I 240801 240801] (raylet) worker_pool.cc:527: Started worker process with pid 241074, the token is 75
[2026-01-08 10:46:18,753 I 240801 240801] (raylet) worker_pool.cc:527: Started worker process with pid 241075, the token is 76
[2026-01-08 10:46:18,756 I 240801 240801] (raylet) worker_pool.cc:527: Started worker process with pid 241076, the token is 77
[2026-01-08 10:46:18,760 I 240801 240801] (raylet) worker_pool.cc:527: Started worker process with pid 241077, the token is 78
[2026-01-08 10:46:18,764 I 240801 240801] (raylet) worker_pool.cc:527: Started worker process with pid 241078, the token is 79
[2026-01-08 10:46:18,768 I 240801 240801] (raylet) worker_pool.cc:527: Started worker process with pid 241079, the token is 80
[2026-01-08 10:46:18,772 I 240801 240801] (raylet) worker_pool.cc:527: Started worker process with pid 241080, the token is 81
[2026-01-08 10:46:18,818 I 240801 240801] (raylet) worker_pool.cc:527: Started worker process with pid 241106, the token is 82
[2026-01-08 10:46:18,821 I 240801 240801] (raylet) worker_pool.cc:527: Started worker process with pid 241107, the token is 83
[2026-01-08 10:46:18,824 I 240801 240801] (raylet) worker_pool.cc:527: Started worker process with pid 241110, the token is 84
[2026-01-08 10:46:18,836 I 240801 240801] (raylet) worker_pool.cc:527: Started worker process with pid 241114, the token is 85
[2026-01-08 10:46:18,840 I 240801 240801] (raylet) worker_pool.cc:527: Started worker process with pid 241115, the token is 86
[2026-01-08 10:46:18,844 I 240801 240801] (raylet) worker_pool.cc:527: Started worker process with pid 241116, the token is 87
[2026-01-08 10:46:18,848 I 240801 240801] (raylet) worker_pool.cc:527: Started worker process with pid 241120, the token is 88
[2026-01-08 10:46:18,852 I 240801 240801] (raylet) worker_pool.cc:527: Started worker process with pid 241121, the token is 89
[2026-01-08 10:46:18,855 I 240801 240801] (raylet) worker_pool.cc:527: Started worker process with pid 241122, the token is 90
[2026-01-08 10:46:18,858 I 240801 240801] (raylet) worker_pool.cc:527: Started worker process with pid 241123, the token is 91
[2026-01-08 10:46:18,862 I 240801 240801] (raylet) worker_pool.cc:527: Started worker process with pid 241124, the token is 92
[2026-01-08 10:46:18,866 I 240801 240801] (raylet) worker_pool.cc:527: Started worker process with pid 241125, the token is 93
[2026-01-08 10:46:18,870 I 240801 240801] (raylet) worker_pool.cc:527: Started worker process with pid 241126, the token is 94
[2026-01-08 10:46:18,874 I 240801 240801] (raylet) worker_pool.cc:527: Started worker process with pid 241128, the token is 95
[2026-01-08 10:46:18,878 I 240801 240801] (raylet) worker_pool.cc:527: Started worker process with pid 241152, the token is 96
[2026-01-08 10:46:18,883 I 240801 240801] (raylet) worker_pool.cc:527: Started worker process with pid 241153, the token is 97
[2026-01-08 10:46:18,902 I 240801 240801] (raylet) worker_pool.cc:527: Started worker process with pid 241154, the token is 98
[2026-01-08 10:46:18,906 I 240801 240801] (raylet) worker_pool.cc:527: Started worker process with pid 241159, the token is 99
[2026-01-08 10:46:18,934 I 240801 240801] (raylet) worker_pool.cc:527: Started worker process with pid 241160, the token is 100
[2026-01-08 10:46:18,939 I 240801 240801] (raylet) worker_pool.cc:527: Started worker process with pid 241165, the token is 101
[2026-01-08 10:46:18,943 I 240801 240801] (raylet) worker_pool.cc:527: Started worker process with pid 241167, the token is 102
[2026-01-08 10:46:18,947 I 240801 240801] (raylet) worker_pool.cc:527: Started worker process with pid 241168, the token is 103
[2026-01-08 10:46:18,952 I 240801 240801] (raylet) worker_pool.cc:527: Started worker process with pid 241169, the token is 104
[2026-01-08 10:46:18,956 I 240801 240801] (raylet) worker_pool.cc:527: Started worker process with pid 241193, the token is 105
[2026-01-08 10:46:18,960 I 240801 240801] (raylet) worker_pool.cc:527: Started worker process with pid 241195, the token is 106
[2026-01-08 10:46:18,964 I 240801 240801] (raylet) worker_pool.cc:527: Started worker process with pid 241196, the token is 107
[2026-01-08 10:46:18,980 I 240801 240801] (raylet) worker_pool.cc:527: Started worker process with pid 241201, the token is 108
[2026-01-08 10:46:18,983 I 240801 240801] (raylet) worker_pool.cc:527: Started worker process with pid 241202, the token is 109
[2026-01-08 10:46:18,987 I 240801 240801] (raylet) worker_pool.cc:527: Started worker process with pid 241204, the token is 110
[2026-01-08 10:46:19,022 I 240801 240801] (raylet) worker_pool.cc:527: Started worker process with pid 241210, the token is 111
[2026-01-08 10:46:19,034 I 240801 240801] (raylet) runtime_env_agent_client.cc:393: Create runtime env for job 01000000
[2026-01-08 10:46:19,034 I 240801 240801] (raylet) worker_pool.cc:757: [Eagerly] Create runtime env successful for job 01000000.
[2026-01-08 10:46:19,063 I 240801 240824] (raylet) object_store.cc:37: Object store current usage 8e-09 / 9.6636 GB.
[2026-01-08 10:46:20,070 I 240801 240801] (raylet) worker_pool.cc:736: Job 01000000 already started in worker pool.
[2026-01-08 10:46:20,127 I 240801 240801] (raylet) runtime_env_agent_client.cc:393: Create runtime env for job 01000000
[2026-01-08 10:46:20,136 I 240801 240801] (raylet) worker_pool.cc:527: Started worker process with pid 247082, the token is 112
[2026-01-08 10:46:21,233 I 240801 240801] (raylet) node_manager.cc:1409: Disconnecting worker, graceful=true, disconnect_type=1, has_creation_task_exception=false worker_id=c6e03ac637cbbdfd90fb2480ec3e8b348af14937d0fe87463a927103 job_id=NIL_ID
[2026-01-08 10:46:21,236 W 240801 240824] (raylet) store.cc:365: Disconnecting client due to connection error with code 2: End of file
[2026-01-08 10:46:27,174 E 240801 240829] (raylet) file_system_monitor.cc:116: /app/ray_tmp/ray/session_2026-01-08_10-46-13_868156_240490 is over 95% full, available space: 5.66879 GB; capacity: 3517.78 GB. Object creation will fail if spilling is required.
[2026-01-08 10:46:37,184 E 240801 240829] (raylet) file_system_monitor.cc:116: /app/ray_tmp/ray/session_2026-01-08_10-46-13_868156_240490 is over 95% full, available space: 5.66875 GB; capacity: 3517.78 GB. Object creation will fail if spilling is required.
[2026-01-08 10:46:47,192 E 240801 240829] (raylet) file_system_monitor.cc:116: /app/ray_tmp/ray/session_2026-01-08_10-46-13_868156_240490 is over 95% full, available space: 5.66874 GB; capacity: 3517.78 GB. Object creation will fail if spilling is required.
[2026-01-08 10:46:47,258 E 240801 240801] (raylet) main.cc:1032: Failed to establish connection to the metrics exporter agent. Metrics will not be exported. Exporter agent status: RpcError: Running out of retries to initialize the metrics agent. rpc_code: 14
[2026-01-08 10:46:57,201 E 240801 240829] (raylet) file_system_monitor.cc:116: /app/ray_tmp/ray/session_2026-01-08_10-46-13_868156_240490 is over 95% full, available space: 5.6683 GB; capacity: 3517.78 GB. Object creation will fail if spilling is required.
[2026-01-08 10:47:07,209 E 240801 240829] (raylet) file_system_monitor.cc:116: /app/ray_tmp/ray/session_2026-01-08_10-46-13_868156_240490 is over 95% full, available space: 5.6683 GB; capacity: 3517.78 GB. Object creation will fail if spilling is required.
[2026-01-08 10:47:17,159 I 240801 240824] (raylet) store.cc:572: Plasma store debug dump: 
Current usage: 0 / 9.6636 GB
- num bytes created total: 912
0 pending objects of total size 0MB
- objects spillable: 0
- bytes spillable: 0
- objects unsealed: 0
- bytes unsealed: 0
- objects in use: 0
- bytes in use: 0
- objects evictable: 0
- bytes evictable: 0

- objects created by worker: 0
- bytes created by worker: 0
- objects restored: 0
- bytes restored: 0
- objects received: 0
- bytes received: 0
- objects errored: 0
- bytes errored: 0

[2026-01-08 10:47:17,218 E 240801 240829] (raylet) file_system_monitor.cc:116: /app/ray_tmp/ray/session_2026-01-08_10-46-13_868156_240490 is over 95% full, available space: 5.66827 GB; capacity: 3517.78 GB. Object creation will fail if spilling is required.
[2026-01-08 10:47:17,253 I 240801 240801] (raylet) node_manager.cc:432: [state-dump] NodeManager:
[state-dump] Node ID: b954ad344d3df71dc7bb91ad89faa2b259c94a6711960c2552e88628
[state-dump] Node name: 192.168.88.6
[state-dump] InitialConfigResources: {node:192.168.88.6: 1, node:__internal_head__: 1, object_store_memory: 1.02005e+10, CPU: 112, memory: 5.25445e+11}
[state-dump] ClusterLeaseManager:
[state-dump] ========== Node: b954ad344d3df71dc7bb91ad89faa2b259c94a6711960c2552e88628 =================
[state-dump] Infeasible queue length: 1
[state-dump] Schedule queue length: 0
[state-dump] Grant queue length: 0
[state-dump] num_waiting_for_resource: 0
[state-dump] num_waiting_for_plasma_memory: 0
[state-dump] num_waiting_for_remote_node_resources: 0
[state-dump] num_worker_not_started_by_job_config_not_exist: 0
[state-dump] num_worker_not_started_by_registration_timeout: 0
[state-dump] num_tasks_waiting_for_workers: 0
[state-dump] num_cancelled_leases: 0
[state-dump] cluster_resource_scheduler state: 
[state-dump] Local id: -8471442249429105877 Local resources: {"total":{node:192.168.88.6: [10000], node:__internal_head__: [10000], CPU: [1120000], memory: [5254448209920000], object_store_memory: [102004695040000]}}, "available": {node:192.168.88.6: [10000], node:__internal_head__: [10000], CPU: [1120000], memory: [5254448209920000], object_store_memory: [102004695040000]}}, "labels":{"ray.io/node-id":"b954ad344d3df71dc7bb91ad89faa2b259c94a6711960c2552e88628",} is_draining: 0 is_idle: 0 Cluster resources (at most 20 nodes are shown): node id: -8471442249429105877{"total":{memory: 5254448209920000, object_store_memory: 102004695040000, node:192.168.88.6: 10000, CPU: 1120000, node:__internal_head__: 10000}}, "available": {memory: 5254448209920000, object_store_memory: 102004695040000, node:__internal_head__: 10000, node:192.168.88.6: 10000, CPU: 1120000}}, "labels":{"ray.io/node-id":"b954ad344d3df71dc7bb91ad89faa2b259c94a6711960c2552e88628",}, "is_draining": 0, "draining_deadline_timestamp_ms": -1} { "placement group locations": [], "node to bundles": []}
[state-dump] Waiting leases size: 0
[state-dump] Number of granted lease arguments: 1
[state-dump] Number of pinned lease arguments: 0
[state-dump] Number of total spilled leases: 0
[state-dump] Number of spilled waiting leases: 0
[state-dump] Number of spilled unschedulable leases: 0
[state-dump] Resource usage {
[state-dump] }
[state-dump] Backlog Size per scheduling descriptor :{workerId: num backlogs}:
[state-dump] 
[state-dump] Granted leases by scheduling class:
[state-dump]     - {depth=1 function_descriptor={type=PythonFunctionDescriptor, module_name=main_ppo, class_name=, function_name=main_task, function_hash=b51064d7a8cf403f95479cee67e1cc17} scheduling_strategy=default_scheduling_strategy {
[state-dump] }
[state-dump]  resource_set={CPU : 1, }label_selector={}}fallback_strategy=[]: 1/112
[state-dump] ==================================================
[state-dump] 
[state-dump] ClusterResources:
[state-dump] LocalObjectManager:
[state-dump] - num pinned objects: 0
[state-dump] - pinned objects size: 0
[state-dump] - num objects pending restore: 0
[state-dump] - num objects pending spill: 0
[state-dump] - num bytes pending spill: 0
[state-dump] - num bytes currently spilled: 0
[state-dump] - cumulative spill requests: 0
[state-dump] - cumulative restore requests: 0
[state-dump] - spilled objects pending delete: 0
[state-dump] 
[state-dump] ObjectManager:
[state-dump] - num local objects: 0
[state-dump] - num unfulfilled push requests: 0
[state-dump] - num object pull requests: 0
[state-dump] - num chunks received total: 0
[state-dump] - num chunks received failed (all): 0
[state-dump] - num chunks received failed / cancelled: 0
[state-dump] - num chunks received failed / plasma error: 0
[state-dump] Event stats:
[state-dump] Global stats: 0 total (0 active)
[state-dump] Queueing time: mean = -nanms, max = -0.00ms, min = 9223372036854.78ms, total = 0.00ms
[state-dump] Execution time:  mean = -nanms, total = 0.00ms
[state-dump] Event stats:
[state-dump] PushManager:
[state-dump] - num pushes remaining: 0
[state-dump] - num chunks in flight: 0
[state-dump] - num chunks remaining: 0
[state-dump] - max chunks allowed: 409
[state-dump] OwnershipBasedObjectDirectory:
[state-dump] - num listeners: 0
[state-dump] - cumulative location updates: 0
[state-dump] - num location updates per second: 0.000
[state-dump] - num location lookups per second: 0.000
[state-dump] - num locations added per second: 0.000
[state-dump] - num locations removed per second: 0.000
[state-dump] BufferPool:
[state-dump] - create buffer state map size: 0
[state-dump] PullManager:
[state-dump] - num bytes available for pulled objects: 9663602688
[state-dump] - num bytes being pulled (all): 0
[state-dump] - num bytes being pulled / pinned: 0
[state-dump] - get request bundles: BundlePullRequestQueue{0 total, 0 active, 0 inactive, 0 unpullable}
[state-dump] - wait request bundles: BundlePullRequestQueue{0 total, 0 active, 0 inactive, 0 unpullable}
[state-dump] - task request bundles: BundlePullRequestQueue{0 total, 0 active, 0 inactive, 0 unpullable}
[state-dump] - first get request bundle: N/A
[state-dump] - first wait request bundle: N/A
[state-dump] - first task request bundle: N/A
[state-dump] - num objects queued: 0
[state-dump] - num objects actively pulled (all): 0
[state-dump] - num objects actively pulled / pinned: 0
[state-dump] - num bundles being pulled: 0
[state-dump] - num pull retries: 0
[state-dump] - max timeout seconds: 0
[state-dump] - max timeout request is already processed. No entry.
[state-dump] 
[state-dump] WorkerPool:
[state-dump] - registered jobs: 1
[state-dump] - process_failed_job_config_missing: 0
[state-dump] - process_failed_rate_limited: 0
[state-dump] - process_failed_pending_registration: 0
[state-dump] - process_failed_runtime_env_setup_failed: 0
[state-dump] - num PYTHON workers: 112
[state-dump] - num PYTHON drivers: 1
[state-dump] - num PYTHON pending start requests: 0
[state-dump] - num PYTHON pending registration requests: 0
[state-dump] - num object spill callbacks queued: 0
[state-dump] - num object restore queued: 0
[state-dump] - num util functions queued: 0
[state-dump] - num JAVA workers: 0
[state-dump] - num JAVA drivers: 0
[state-dump] - num JAVA pending start requests: 0
[state-dump] - num JAVA pending registration requests: 0
[state-dump] - num object spill callbacks queued: 0
[state-dump] - num object restore queued: 0
[state-dump] - num util functions queued: 0
[state-dump] - num idle workers: 111
[state-dump] LeaseDependencyManager:
[state-dump] - lease deps map size: 0
[state-dump] - get req map size: 0
[state-dump] - wait req map size: 0
[state-dump] - local objects map size: 0
[state-dump] WaitManager:
[state-dump] - num active wait requests: 0
[state-dump] Subscriber:
[state-dump] Channel WORKER_REF_REMOVED_CHANNEL
[state-dump] - cumulative subscribe requests: 0
[state-dump] - cumulative unsubscribe requests: 0
[state-dump] - active subscribed publishers: 0
[state-dump] - cumulative published messages: 0
[state-dump] - cumulative processed messages: 0
[state-dump] Channel WORKER_OBJECT_EVICTION
[state-dump] - cumulative subscribe requests: 0
[state-dump] - cumulative unsubscribe requests: 0
[state-dump] - active subscribed publishers: 0
[state-dump] - cumulative published messages: 0
[state-dump] - cumulative processed messages: 0
[state-dump] Channel WORKER_OBJECT_LOCATIONS_CHANNEL
[state-dump] - cumulative subscribe requests: 0
[state-dump] - cumulative unsubscribe requests: 0
[state-dump] - active subscribed publishers: 0
[state-dump] - cumulative published messages: 0
[state-dump] - cumulative processed messages: 0
[state-dump] num async plasma notifications: 0
[state-dump] Event stats:
[state-dump] Global stats: 17379 total (129 active)
[state-dump] Queueing time: mean = 2.71ms, max = 8751.92ms, min = 0.00ms, total = 47155.71ms
[state-dump] Execution time:  mean = 0.53ms, total = 9274.78ms
[state-dump] Event stats:
[state-dump] 	NodeManagerService.grpc_server.ReportWorkerBacklog - 6566 total (0 active), Execution time: mean = 0.28ms, total = 1859.37ms, Queueing time: mean = 0.00ms, max = -0.00ms, min = 9223372036854.78ms, total = 0.00ms
[state-dump] 	NodeManagerService.grpc_server.ReportWorkerBacklog.HandleRequestImpl - 6566 total (0 active), Execution time: mean = 0.06ms, total = 419.19ms, Queueing time: mean = 0.04ms, max = 3.66ms, min = 0.00ms, total = 233.33ms
[state-dump] 	NodeManager.CheckGC - 593 total (1 active), Execution time: mean = 0.00ms, total = 2.15ms, Queueing time: mean = 1.19ms, max = 670.95ms, min = 0.00ms, total = 702.99ms
[state-dump] 	ObjectManager.UpdateAvailableMemory - 593 total (0 active), Execution time: mean = 0.00ms, total = 2.05ms, Queueing time: mean = 0.02ms, max = 2.89ms, min = 0.01ms, total = 14.01ms
[state-dump] 	RaySyncer.OnDemandBroadcasting - 593 total (1 active), Execution time: mean = 0.01ms, total = 8.08ms, Queueing time: mean = 1.18ms, max = 670.94ms, min = 0.00ms, total = 697.97ms
[state-dump] 	ClientConnection.async_read.ProcessMessageHeader - 458 total (113 active), Execution time: mean = 0.00ms, total = 1.57ms, Queueing time: mean = 29.49ms, max = 8751.92ms, min = 0.01ms, total = 13505.87ms
[state-dump] 	ClientConnection.async_read.ProcessMessage - 345 total (0 active), Execution time: mean = 2.29ms, total = 788.86ms, Queueing time: mean = 0.02ms, max = 0.47ms, min = 0.00ms, total = 7.49ms
[state-dump] 	RayletWorkerPool.deadline_timer.kill_idle_workers - 298 total (1 active), Execution time: mean = 0.03ms, total = 9.51ms, Queueing time: mean = 1.98ms, max = 579.29ms, min = 0.01ms, total = 589.07ms
[state-dump] 	MemoryMonitor.CheckIsMemoryUsageAboveThreshold - 236 total (1 active), Execution time: mean = 2.08ms, total = 490.88ms, Queueing time: mean = 2.24ms, max = 521.52ms, min = 0.00ms, total = 527.59ms
[state-dump] 	ClientConnection.async_write.DoAsyncWrites - 115 total (0 active), Execution time: mean = 0.00ms, total = 0.11ms, Queueing time: mean = 0.08ms, max = 6.74ms, min = 0.01ms, total = 9.34ms
[state-dump] 	NodeManagerService.grpc_server.GetSystemConfig - 114 total (0 active), Execution time: mean = 2.63ms, total = 300.29ms, Queueing time: mean = 0.00ms, max = -0.00ms, min = 9223372036854.78ms, total = 0.00ms
[state-dump] 	ObjectManager.ObjectAdded - 114 total (0 active), Execution time: mean = 0.01ms, total = 1.02ms, Queueing time: mean = 0.11ms, max = 5.93ms, min = 0.00ms, total = 12.34ms
[state-dump] 	ObjectManager.ObjectDeleted - 114 total (0 active), Execution time: mean = 0.01ms, total = 1.43ms, Queueing time: mean = 0.05ms, max = 0.47ms, min = 0.01ms, total = 5.18ms
[state-dump] 	NodeManagerService.grpc_server.GetSystemConfig.HandleRequestImpl - 114 total (0 active), Execution time: mean = 0.05ms, total = 5.79ms, Queueing time: mean = 2.36ms, max = 175.07ms, min = 0.01ms, total = 269.33ms
[state-dump] 	NodeManager.ScheduleAndGrantLeases - 61 total (1 active), Execution time: mean = 0.02ms, total = 1.46ms, Queueing time: mean = 0.02ms, max = 0.15ms, min = 0.01ms, total = 1.46ms
[state-dump] 	NodeManagerService.grpc_server.GetResourceLoad - 60 total (0 active), Execution time: mean = 5.44ms, total = 326.42ms, Queueing time: mean = 0.00ms, max = -0.00ms, min = 9223372036854.78ms, total = 0.00ms
[state-dump] 	NodeManager.deadline_timer.spill_objects_when_over_threshold - 60 total (1 active), Execution time: mean = 0.00ms, total = 0.18ms, Queueing time: mean = 0.18ms, max = 3.01ms, min = 0.01ms, total = 10.94ms
[state-dump] 	NodeManager.deadline_timer.flush_free_objects - 60 total (1 active), Execution time: mean = 0.00ms, total = 0.30ms, Queueing time: mean = 0.18ms, max = 3.01ms, min = 0.01ms, total = 10.87ms
[state-dump] 	NodeManager.CheckForUnexpectedWorkerDisconnects - 60 total (1 active), Execution time: mean = 0.13ms, total = 7.53ms, Queueing time: mean = 0.07ms, max = 1.67ms, min = 0.01ms, total = 4.44ms
[state-dump] 	NodeManagerService.grpc_server.GetResourceLoad.HandleRequestImpl - 60 total (0 active), Execution time: mean = 0.16ms, total = 9.42ms, Queueing time: mean = 5.04ms, max = 299.90ms, min = 0.01ms, total = 302.35ms
[state-dump] 	ReporterService.grpc_client.HealthCheck - 31 total (0 active), Execution time: mean = 0.35ms, total = 10.81ms, Queueing time: mean = 0.00ms, max = -0.00ms, min = 9223372036854.78ms, total = 0.00ms
[state-dump] 	ReporterService.grpc_client.HealthCheck.OnReplyReceived - 31 total (0 active), Execution time: mean = 0.07ms, total = 2.29ms, Queueing time: mean = 0.05ms, max = 0.53ms, min = 0.01ms, total = 1.45ms
[state-dump] 	MetricsAgentClient.WaitForServerReadyWithRetry - 30 total (0 active), Execution time: mean = 0.23ms, total = 7.00ms, Queueing time: mean = 1000.14ms, max = 1002.52ms, min = 1000.01ms, total = 30004.31ms
[state-dump] 	ClusterResourceManager.ResetRemoteNodeView - 21 total (1 active), Execution time: mean = 0.01ms, total = 0.12ms, Queueing time: mean = 0.02ms, max = 0.03ms, min = 0.02ms, total = 0.42ms
[state-dump] 	PeriodicalRunner.RunFnPeriodically - 14 total (0 active), Execution time: mean = 0.47ms, total = 6.60ms, Queueing time: mean = 15.98ms, max = 50.96ms, min = 0.13ms, total = 223.67ms
[state-dump] 	NodeManager.deadline_timer.record_metrics - 12 total (1 active), Execution time: mean = 0.31ms, total = 3.77ms, Queueing time: mean = 0.60ms, max = 2.57ms, min = 0.01ms, total = 7.25ms
[state-dump] 	event_loop_lag_probe - 8 total (0 active), Execution time: mean = 0.02ms, total = 0.17ms, Queueing time: mean = 1.05ms, max = 8.36ms, min = 0.00ms, total = 8.41ms
[state-dump] 	NodeManager.deadline_timer.debug_state_dump - 6 total (1 active), Execution time: mean = 1.81ms, total = 10.86ms, Queueing time: mean = 0.02ms, max = 0.04ms, min = 0.01ms, total = 0.10ms
[state-dump] 	RaySyncer.BroadcastMessage - 5 total (0 active), Execution time: mean = 0.21ms, total = 1.07ms, Queueing time: mean = 0.00ms, max = 0.00ms, min = 0.00ms, total = 0.00ms
[state-dump] 	 - 5 total (0 active), Execution time: mean = 0.00ms, total = 0.01ms, Queueing time: mean = 0.03ms, max = 0.05ms, min = 0.01ms, total = 0.17ms
[state-dump] 	ray::rpc::InternalPubSubGcsService.grpc_client.GcsSubscriberPoll - 3 total (1 active), Execution time: mean = 1330.19ms, total = 3990.57ms, Queueing time: mean = 0.00ms, max = -0.00ms, min = 9223372036854.78ms, total = 0.00ms
[state-dump] 	ray::rpc::InternalPubSubGcsService.grpc_client.GcsSubscriberPoll.OnReplyReceived - 2 total (0 active), Execution time: mean = 0.13ms, total = 0.27ms, Queueing time: mean = 0.02ms, max = 0.04ms, min = 0.01ms, total = 0.05ms
[state-dump] 	NodeManagerService.grpc_server.RequestWorkerLease - 2 total (1 active), Execution time: mean = 450.95ms, total = 901.90ms, Queueing time: mean = 0.00ms, max = -0.00ms, min = 9223372036854.78ms, total = 0.00ms
[state-dump] 	ray::rpc::InternalPubSubGcsService.grpc_client.GcsSubscriberCommandBatch - 2 total (0 active), Execution time: mean = 1.11ms, total = 2.22ms, Queueing time: mean = 0.00ms, max = -0.00ms, min = 9223372036854.78ms, total = 0.00ms
[state-dump] 	NodeManagerService.grpc_server.RequestWorkerLease.HandleRequestImpl - 2 total (0 active), Execution time: mean = 0.56ms, total = 1.13ms, Queueing time: mean = 0.02ms, max = 0.02ms, min = 0.02ms, total = 0.04ms
[state-dump] 	ray::rpc::InternalPubSubGcsService.grpc_client.GcsSubscriberCommandBatch.OnReplyReceived - 2 total (0 active), Execution time: mean = 0.24ms, total = 0.47ms, Queueing time: mean = 2.31ms, max = 4.20ms, min = 0.42ms, total = 4.62ms
[state-dump] 	RaySyncerRegister - 2 total (0 active), Execution time: mean = 0.01ms, total = 0.02ms, Queueing time: mean = 0.00ms, max = 0.00ms, min = 0.00ms, total = 0.00ms
[state-dump] 	ray::rpc::NodeInfoGcsService.grpc_client.GetAllNodeAddressAndLiveness.OnReplyReceived - 1 total (0 active), Execution time: mean = 0.37ms, total = 0.37ms, Queueing time: mean = 0.05ms, max = 0.05ms, min = 0.05ms, total = 0.05ms
[state-dump] 	ray::rpc::JobInfoGcsService.grpc_client.AddJob.OnReplyReceived - 1 total (0 active), Execution time: mean = 0.04ms, total = 0.04ms, Queueing time: mean = 0.02ms, max = 0.02ms, min = 0.02ms, total = 0.02ms
[state-dump] 	ray::rpc::NodeInfoGcsService.grpc_client.GetAllNodeAddressAndLiveness - 1 total (0 active), Execution time: mean = 1.14ms, total = 1.14ms, Queueing time: mean = 0.00ms, max = -0.00ms, min = 9223372036854.78ms, total = 0.00ms
[state-dump] 	ray::rpc::NodeInfoGcsService.grpc_client.CheckAlive.OnReplyReceived - 1 total (0 active), Execution time: mean = 0.03ms, total = 0.03ms, Queueing time: mean = 0.02ms, max = 0.02ms, min = 0.02ms, total = 0.02ms
[state-dump] 	NodeManager.GcsCheckAlive - 1 total (1 active), Execution time: mean = 0.00ms, total = 0.00ms, Queueing time: mean = 0.00ms, max = -0.00ms, min = 9223372036854.78ms, total = 0.00ms
[state-dump] 	ray::rpc::JobInfoGcsService.grpc_client.GetAllJobInfo.OnReplyReceived - 1 total (0 active), Execution time: mean = 0.03ms, total = 0.03ms, Queueing time: mean = 0.02ms, max = 0.02ms, min = 0.02ms, total = 0.02ms
[state-dump] 	ray::rpc::InternalKVGcsService.grpc_client.GetInternalConfig.OnReplyReceived - 1 total (0 active), Execution time: mean = 85.78ms, total = 85.78ms, Queueing time: mean = 0.03ms, max = 0.03ms, min = 0.03ms, total = 0.03ms
[state-dump] 	ray::rpc::WorkerInfoGcsService.grpc_client.ReportWorkerFailure.OnReplyReceived - 1 total (0 active), Execution time: mean = 0.03ms, total = 0.03ms, Queueing time: mean = 0.02ms, max = 0.02ms, min = 0.02ms, total = 0.02ms
[state-dump] 	NodeManager.deadline_timer.print_event_loop_stats - 1 total (1 active, 1 running), Execution time: mean = 0.00ms, total = 0.00ms, Queueing time: mean = 0.00ms, max = -0.00ms, min = 9223372036854.78ms, total = 0.00ms
[state-dump] 	NodeManager.GCTaskFailureReason - 1 total (1 active), Execution time: mean = 0.00ms, total = 0.00ms, Queueing time: mean = 0.00ms, max = -0.00ms, min = 9223372036854.78ms, total = 0.00ms
[state-dump] 	ray::rpc::JobInfoGcsService.grpc_client.AddJob - 1 total (0 active), Execution time: mean = 1.04ms, total = 1.04ms, Queueing time: mean = 0.00ms, max = -0.00ms, min = 9223372036854.78ms, total = 0.00ms
[state-dump] 	CoreWorkerService.grpc_client.Exit.OnReplyReceived - 1 total (0 active), Execution time: mean = 0.04ms, total = 0.04ms, Queueing time: mean = 0.01ms, max = 0.01ms, min = 0.01ms, total = 0.01ms
[state-dump] 	ray::rpc::NodeInfoGcsService.grpc_client.CheckAlive - 1 total (0 active), Execution time: mean = 1.38ms, total = 1.38ms, Queueing time: mean = 0.00ms, max = -0.00ms, min = 9223372036854.78ms, total = 0.00ms
[state-dump] 	Subscriber.HandlePublishedMessage_GCS_JOB_CHANNEL - 1 total (0 active), Execution time: mean = 0.04ms, total = 0.04ms, Queueing time: mean = 0.18ms, max = 0.18ms, min = 0.18ms, total = 0.18ms
[state-dump] 	ray::rpc::InternalKVGcsService.grpc_client.GetInternalConfig - 1 total (0 active), Execution time: mean = 1.57ms, total = 1.57ms, Queueing time: mean = 0.00ms, max = -0.00ms, min = 9223372036854.78ms, total = 0.00ms
[state-dump] 	Subscriber.HandlePublishedMessage_GCS_WORKER_DELTA_CHANNEL - 1 total (0 active), Execution time: mean = 0.01ms, total = 0.01ms, Queueing time: mean = 0.12ms, max = 0.12ms, min = 0.12ms, total = 0.12ms
[state-dump] 	CoreWorkerService.grpc_client.Exit - 1 total (0 active), Execution time: mean = 2.17ms, total = 2.17ms, Queueing time: mean = 0.00ms, max = -0.00ms, min = 9223372036854.78ms, total = 0.00ms
[state-dump] 	ray::rpc::WorkerInfoGcsService.grpc_client.ReportWorkerFailure - 1 total (0 active), Execution time: mean = 2.45ms, total = 2.45ms, Queueing time: mean = 0.00ms, max = -0.00ms, min = 9223372036854.78ms, total = 0.00ms
[state-dump] 	ray::rpc::NodeInfoGcsService.grpc_client.RegisterNode - 1 total (0 active), Execution time: mean = 2.20ms, total = 2.20ms, Queueing time: mean = 0.00ms, max = -0.00ms, min = 9223372036854.78ms, total = 0.00ms
[state-dump] 	ray::rpc::JobInfoGcsService.grpc_client.GetAllJobInfo - 1 total (0 active), Execution time: mean = 1.02ms, total = 1.02ms, Queueing time: mean = 0.00ms, max = -0.00ms, min = 9223372036854.78ms, total = 0.00ms
[state-dump] 	ray::rpc::NodeInfoGcsService.grpc_client.RegisterNode.OnReplyReceived - 1 total (0 active), Execution time: mean = 0.58ms, total = 0.58ms, Queueing time: mean = 0.17ms, max = 0.17ms, min = 0.17ms, total = 0.17ms
[state-dump] DebugString() time ms: 2
[state-dump] 
[state-dump] 
[2026-01-08 10:47:27,227 E 240801 240829] (raylet) file_system_monitor.cc:116: /app/ray_tmp/ray/session_2026-01-08_10-46-13_868156_240490 is over 95% full, available space: 5.66775 GB; capacity: 3517.78 GB. Object creation will fail if spilling is required.
[2026-01-08 10:47:37,236 E 240801 240829] (raylet) file_system_monitor.cc:116: /app/ray_tmp/ray/session_2026-01-08_10-46-13_868156_240490 is over 95% full, available space: 5.66773 GB; capacity: 3517.78 GB. Object creation will fail if spilling is required.
